Component: ARM Compiler 5.06 update 7 (build 960) Tool: armlink [4d3601]

==============================================================================

Section Cross References

    main.o(i.main) refers to bsp.o(i.bsp_Init) for bsp_Init
    stm32f10x_it.o(i.EXTI9_5_IRQHandler) refers to stm32f10x_exti.o(i.EXTI_GetITStatus) for EXTI_GetITStatus
    stm32f10x_it.o(i.EXTI9_5_IRQHandler) refers to bsp_irda.o(i.Irda_Process) for Irda_Process
    stm32f10x_it.o(i.EXTI9_5_IRQHandler) refers to stm32f10x_exti.o(i.EXTI_ClearITPendingBit) for EXTI_ClearITPendingBit
    bsp.o(i.bsp_Init) refers to misc.o(i.NVIC_PriorityGroupConfig) for NVIC_PriorityGroupConfig
    bsp.o(i.bsp_Init) refers to bsp_led.o(i.bsp_InitLed) for bsp_InitLed
    bsp.o(i.bsp_Init) refers to bsp_key.o(i.bsp_InitKey) for bsp_InitKey
    bsp.o(i.bsp_Init) refers to bsp_beep.o(i.bsp_InitBeepHard) for bsp_InitBeepHard
    bsp.o(i.bsp_Init) refers to bsp_uart_fifo.o(i.bsp_InitUart) for bsp_InitUart
    bsp.o(i.bsp_Init) refers to bsp_irda.o(i.bsp_irdaInit) for bsp_irdaInit
    bsp.o(i.bsp_Init) refers to bsp_ap3216c.o(i.bsp_ap3216c_Init) for bsp_ap3216c_Init
    bsp.o(i.bsp_Init) refers to bsp_timer.o(i.bsp_InitTimer) for bsp_InitTimer
    bsp.o(i.bsp_RunPer10ms) refers to bsp_uart_fifo.o(i.UART_5msMainFunction) for UART_5msMainFunction
    bsp.o(i.bsp_RunPer10ms) refers to bsp_led.o(i.Led_5msMainFunction) for Led_5msMainFunction
    bsp.o(i.bsp_RunPer10ms) refers to bsp_beep.o(i.Beep_10msMainFunction) for Beep_10msMainFunction
    bsp.o(i.bsp_RunPer10ms) refers to bsp_irda.o(i.Irda_10msMainfunction) for Irda_10msMainfunction
    bsp.o(i.bsp_RunPer10ms) refers to bsp_adc.o(i.ADC_20msMainfunction) for ADC_20msMainfunction
    bsp.o(i.bsp_RunPer10ms) refers to bsp_ap3216c.o(i.ap3216c_10msMainFunction) for ap3216c_10msMainFunction
    bsp.o(i.bsp_RunPer1ms) refers to bsp_key.o(i.Key_5msMainFunction) for Key_5msMainFunction
    bsp.o(i.bsp_RunPer1ms) refers to bsp_soft_pwmled.o(i.PwmLed_1msMainfunction) for PwmLed_1msMainfunction
    bsp_timer.o(i.SysTick_Handler) refers to bsp_timer.o(i.SysTick_ISR) for SysTick_ISR
    bsp_timer.o(i.SysTick_ISR) refers to bsp_timer.o(i.bsp_SoftTimerDec) for bsp_SoftTimerDec
    bsp_timer.o(i.SysTick_ISR) refers to bsp.o(i.bsp_RunPer1ms) for bsp_RunPer1ms
    bsp_timer.o(i.SysTick_ISR) refers to bsp.o(i.bsp_RunPer10ms) for bsp_RunPer10ms
    bsp_timer.o(i.SysTick_ISR) refers to bsp_timer.o(.data) for s_uiDelayCount
    bsp_timer.o(i.SysTick_ISR) refers to bsp_timer.o(.bss) for s_tTmr
    bsp_timer.o(i.TIM2_IRQHandler) refers to stm32f10x_tim.o(i.TIM_GetITStatus) for TIM_GetITStatus
    bsp_timer.o(i.TIM2_IRQHandler) refers to stm32f10x_tim.o(i.TIM_ClearITPendingBit) for TIM_ClearITPendingBit
    bsp_timer.o(i.TIM2_IRQHandler) refers to stm32f10x_tim.o(i.TIM_ITConfig) for TIM_ITConfig
    bsp_timer.o(i.TIM2_IRQHandler) refers to bsp_timer.o(.data) for s_TIM_CallBack1
    bsp_timer.o(i.bsp_CheckRunTime) refers to bsp_timer.o(.data) for g_iRunTime
    bsp_timer.o(i.bsp_CheckTimer) refers to bsp_timer.o(.bss) for s_tTmr
    bsp_timer.o(i.bsp_DelayMS) refers to bsp.o(i.bsp_Idle) for bsp_Idle
    bsp_timer.o(i.bsp_DelayMS) refers to bsp_timer.o(.data) for s_uiDelayCount
    bsp_timer.o(i.bsp_DelayUS) refers to system_stm32f10x.o(.data) for SystemCoreClock
    bsp_timer.o(i.bsp_GetRunTime) refers to bsp_timer.o(.data) for g_iRunTime
    bsp_timer.o(i.bsp_InitHardTimer) refers to stm32f10x_rcc.o(i.RCC_APB1PeriphClockCmd) for RCC_APB1PeriphClockCmd
    bsp_timer.o(i.bsp_InitHardTimer) refers to stm32f10x_tim.o(i.TIM_TimeBaseInit) for TIM_TimeBaseInit
    bsp_timer.o(i.bsp_InitHardTimer) refers to stm32f10x_tim.o(i.TIM_Cmd) for TIM_Cmd
    bsp_timer.o(i.bsp_InitHardTimer) refers to misc.o(i.NVIC_Init) for NVIC_Init
    bsp_timer.o(i.bsp_InitHardTimer) refers to system_stm32f10x.o(.data) for SystemCoreClock
    bsp_timer.o(i.bsp_InitTimer) refers to system_stm32f10x.o(i.SystemCoreClockUpdate) for SystemCoreClockUpdate
    bsp_timer.o(i.bsp_InitTimer) refers to bsp_timer.o(i.bsp_InitHardTimer) for bsp_InitHardTimer
    bsp_timer.o(i.bsp_InitTimer) refers to bsp_timer.o(.bss) for s_tTmr
    bsp_timer.o(i.bsp_InitTimer) refers to system_stm32f10x.o(.data) for SystemCoreClock
    bsp_timer.o(i.bsp_StartAutoTimer) refers to printfa.o(i.__0printf) for __2printf
    bsp_timer.o(i.bsp_StartAutoTimer) refers to bsp_timer.o(.constdata) for __FUNCTION__
    bsp_timer.o(i.bsp_StartAutoTimer) refers to bsp_timer.o(.bss) for s_tTmr
    bsp_timer.o(i.bsp_StartHardTimer) refers to stm32f10x_tim.o(i.TIM_GetCounter) for TIM_GetCounter
    bsp_timer.o(i.bsp_StartHardTimer) refers to stm32f10x_tim.o(i.TIM_SetCompare1) for TIM_SetCompare1
    bsp_timer.o(i.bsp_StartHardTimer) refers to stm32f10x_tim.o(i.TIM_ClearITPendingBit) for TIM_ClearITPendingBit
    bsp_timer.o(i.bsp_StartHardTimer) refers to stm32f10x_tim.o(i.TIM_ITConfig) for TIM_ITConfig
    bsp_timer.o(i.bsp_StartHardTimer) refers to stm32f10x_tim.o(i.TIM_SetCompare2) for TIM_SetCompare2
[...]
    .text                                    0x080007e4   Section       36  init.o(.text)
    i.ADC_20msMainfunction                   0x08000808   Section        0  bsp_adc.o(i.ADC_20msMainfunction)
    i.ADC_GetFifo                            0x080008ac   Section        0  bsp_adc.o(i.ADC_GetFifo)
    i.ADC_GetFifoSize                        0x0800099a   Section        0  bsp_adc.o(i.ADC_GetFifoSize)
    i.ADC_GetHandle                          0x080009d0   Section        0  bsp_adc.o(i.ADC_GetHandle)
    i.ADC_SetFifo                            0x08000a1c   Section        0  bsp_adc.o(i.ADC_SetFifo)
    i.BEEP_KeyTone                           0x08000a4e   Section        0  bsp_beep.o(i.BEEP_KeyTone)
    i.BEEP_Start                             0x08000a5c   Section        0  bsp_beep.o(i.BEEP_Start)
    i.Beep_10msMainFunction                  0x08000a90   Section        0  bsp_beep.o(i.Beep_10msMainFunction)
    i.Beep_Detect_Work                       0x08000ae0   Section        0  bsp_beep.o(i.Beep_Detect_Work)
    Beep_Detect_Work                         0x08000ae1   Thumb Code     2  bsp_beep.o(i.Beep_Detect_Work)
    i.Beep_Doing_Work                        0x08000ae4   Section        0  bsp_beep.o(i.Beep_Doing_Work)
    Beep_Doing_Work                          0x08000ae5   Thumb Code    32  bsp_beep.o(i.Beep_Doing_Work)
    i.Beep_End_Work                          0x08000b08   Section        0  bsp_beep.o(i.Beep_End_Work)
    Beep_End_Work                            0x08000b09   Thumb Code     2  bsp_beep.o(i.Beep_End_Work)
    i.Beep_SetStatus                         0x08000b0c   Section        0  bsp_beep.o(i.Beep_SetStatus)
    i.Beep_Start_Work                        0x08000b5c   Section        0  bsp_beep.o(i.Beep_Start_Work)
    Beep_Start_Work                          0x08000b5d   Thumb Code    14  bsp_beep.o(i.Beep_Start_Work)
    i.Beep_Warning_Work                      0x08000b6a   Section        0  bsp_beep.o(i.Beep_Warning_Work)
    Beep_Warning_Work                        0x08000b6b   Thumb Code     2  bsp_beep.o(i.Beep_Warning_Work)
    i.BusFault_Handler                       0x08000b6c   Section        0  stm32f10x_it.o(i.BusFault_Handler)
    i.ComToUart                              0x08000b70   Section        0  bsp_uart_fifo.o(i.ComToUart)
    i.ConfigUartNVIC                         0x08000ba8   Section        0  bsp_uart_fifo.o(i.ConfigUartNVIC)
    ConfigUartNVIC                           0x08000ba9   Thumb Code    28  bsp_uart_fifo.o(i.ConfigUartNVIC)
    i.DebugMon_Handler                       0x08000bc4   Section        0  stm32f10x_it.o(i.DebugMon_Handler)
    i.EXTI9_5_IRQHandler                     0x08000bc6   Section        0  stm32f10x_it.o(i.EXTI9_5_IRQHandler)
    i.EXTI_ClearITPendingBit                 0x08000bdc   Section        0  stm32f10x_exti.o(i.EXTI_ClearITPendingBit)
    i.EXTI_GetITStatus                       0x08000be8   Section        0  stm32f10x_exti.o(i.EXTI_GetITStatus)
    i.EXTI_Init                              0x08000c10   Section        0  stm32f10x_exti.o(i.EXTI_Init)
    i.GPIO_EXTILineConfig                    0x08000ca4   Section        0  stm32f10x_gpio.o(i.GPIO_EXTILineConfig)
    i.GPIO_Init                              0x08000ce4   Section        0  stm32f10x_gpio.o(i.GPIO_Init)
    i.GPIO_PinRemapConfig                    0x08000dfc   Section        0  stm32f10x_gpio.o(i.GPIO_PinRemapConfig)
    i.GPIO_ReadInputDataBit                  0x08000e8c   Section        0  stm32f10x_gpio.o(i.GPIO_ReadInputDataBit)
    i.GPIO_ResetBits                         0x08000e9e   Section        0  stm32f10x_gpio.o(i.GPIO_ResetBits)
    i.GPIO_SetBits                           0x08000ea2   Section        0  stm32f10x_gpio.o(i.GPIO_SetBits)
    i.GPIO_WriteBit                          0x08000ea6   Section        0  stm32f10x_gpio.o(i.GPIO_WriteBit)
    i.Get_Pulse_Time                         0x08000eb0   Section        0  bsp_irda.o(i.Get_Pulse_Time)
    i.HardFault_Handler                      0x08000edc   Section        0  stm32f10x_it.o(i.HardFault_Handler)
    i.I2C_AcknowledgeConfig                  0x08000ee0   Section        0  stm32f10x_i2c.o(i.I2C_AcknowledgeConfig)
    i.I2C_CheckEvent                         0x08000ef8   Section        0  stm32f10x_i2c.o(i.I2C_CheckEvent)
    i.I2C_Cmd                                0x08000f22   Section        0  stm32f10x_i2c.o(i.I2C_Cmd)
    i.I2C_GPIO_Config                        0x08000f3c   Section        0  bsp_i2c.o(i.I2C_GPIO_Config)
    I2C_GPIO_Config                          0x08000f3d   Thumb Code    72  bsp_i2c.o(i.I2C_GPIO_Config)
    i.I2C_GenerateSTART                      0x08000f88   Section        0  stm32f10x_i2c.o(i.I2C_GenerateSTART)
    i.I2C_GenerateSTOP                       0x08000fa0   Section        0  stm32f10x_i2c.o(i.I2C_GenerateSTOP)
    i.I2C_GetFlagStatus                      0x08000fb8   Section        0  stm32f10x_i2c.o(i.I2C_GetFlagStatus)
    i.I2C_Init                               0x08000ff4   Section        0  stm32f10x_i2c.o(i.I2C_Init)
    i.I2C_Init_Config                        0x080010e0   Section        0  bsp_i2c.o(i.I2C_Init_Config)
    i.I2C_Mem_Read                           0x080010ec   Section        0  bsp_i2c.o(i.I2C_Mem_Read)
    i.I2C_Mem_Write                          0x080012a0   Section        0  bsp_i2c.o(i.I2C_Mem_Write)
    i.I2C_Mode_Configu                       0x080013d4   Section        0  bsp_i2c.o(i.I2C_Mode_Configu)
    I2C_Mode_Configu                         0x080013d5   Thumb Code    58  bsp_i2c.o(i.I2C_Mode_Configu)
    i.I2C_ReceiveData                        0x08001418   Section        0  stm32f10x_i2c.o(i.I2C_ReceiveData)
    i.I2C_Send7bitAddress                    0x08001420   Section        0  stm32f10x_i2c.o(i.I2C_Send7bitAddress)
    i.I2C_SendData                           0x08001432   Section        0  stm32f10x_i2c.o(i.I2C_SendData)
    i.I2C_TIMEOUT_UserCallback               0x08001438   Section        0  bsp_i2c.o(i.I2C_TIMEOUT_UserCallback)
    I2C_TIMEOUT_UserCallback                 0x08001439   Thumb Code    16  bsp_i2c.o(i.I2C_TIMEOUT_UserCallback)
    i.InitHardUart                           0x08001464   Section        0  bsp_uart_fifo.o(i.InitHardUart)
    InitHardUart                             0x08001465   Thumb Code   138  bsp_uart_fifo.o(i.InitHardUart)
    i.Irda_10msMainfunction                  0x080014f8   Section        0  bsp_irda.o(i.Irda_10msMainfunction)
    i.Irda_GetFifo                           0x08001788   Section        0  bsp_irda.o(i.Irda_GetFifo)
    i.Irda_GetFifoSize                       0x080017d8   Section        0  bsp_irda.o(i.Irda_GetFifoSize)
    i.Irda_IsDataVailed                      0x0800180c   Section        0  bsp_irda.o(i.Irda_IsDataVailed)
    i.Irda_Process                           0x08001838   Section        0  bsp_irda.o(i.Irda_Process)
    i.Irda_SetFifo                           0x08001944   Section        0  bsp_irda.o(i.Irda_SetFifo)
    i.IsKeyDown1                             0x08001988   Section        0  bsp_key.o(i.IsKeyDown1)
    IsKeyDown1                               0x08001989   Thumb Code    18  bsp_key.o(i.IsKeyDown1)
    i.IsKeyDown2                             0x080019a0   Section        0  bsp_key.o(i.IsKeyDown2)
    IsKeyDown2                               0x080019a1   Thumb Code    22  bsp_key.o(i.IsKeyDown2)
    i.Key_5msMainFunction                    0x080019bc   Section        0  bsp_key.o(i.Key_5msMainFunction)
    i.LED_Detect_Work                        0x08001acc   Section        0  bsp_led.o(i.LED_Detect_Work)
    LED_Detect_Work                          0x08001acd   Thumb Code    50  bsp_led.o(i.LED_Detect_Work)
    i.LED_Doing_Work                         0x08001b08   Section        0  bsp_led.o(i.LED_Doing_Work)
    LED_Doing_Work                           0x08001b09   Thumb Code     2  bsp_led.o(i.LED_Doing_Work)
    i.LED_End_Work                           0x08001b0a   Section        0  bsp_led.o(i.LED_End_Work)
    LED_End_Work                             0x08001b0b   Thumb Code     2  bsp_led.o(i.LED_End_Work)
    i.LED_SetStatus                          0x08001b0c   Section        0  bsp_led.o(i.LED_SetStatus)
    i.LED_Start_Work                         0x08001b5c   Section        0  bsp_led.o(i.LED_Start_Work)
    LED_Start_Work                           0x08001b5d   Thumb Code     8  bsp_led.o(i.LED_Start_Work)
    i.LED_Warning_Work                       0x08001b68   Section        0  bsp_led.o(i.LED_Warning_Work)
    LED_Warning_Work                         0x08001b69   Thumb Code     2  bsp_led.o(i.LED_Warning_Work)
    i.LIB_FifoFillter                        0x08001b6a   Section        0  std_lib.o(i.LIB_FifoFillter)
    i.Led_5msMainFunction                    0x08001c10   Section        0  bsp_led.o(i.Led_5msMainFunction)
    i.MemManage_Handler                      0x08001c64   Section        0  stm32f10x_it.o(i.MemManage_Handler)
    i.NMI_Handler                            0x08001c68   Section        0  stm32f10x_it.o(i.NMI_Handler)
    i.NVIC_Configuration                     0x08001c6a   Section        0  bsp_irda.o(i.NVIC_Configuration)
    NVIC_Configuration                       0x08001c6b   Thumb Code    28  bsp_irda.o(i.NVIC_Configuration)
    i.NVIC_Init                              0x08001c88   Section        0  misc.o(i.NVIC_Init)
    i.NVIC_PriorityGroupConfig               0x08001cf8   Section        0  misc.o(i.NVIC_PriorityGroupConfig)
    i.PendSV_Handler                         0x08001d0c   Section        0  stm32f10x_it.o(i.PendSV_Handler)
    i.PwmLed_1msMainfunction                 0x08001d10   Section        0  bsp_soft_pwmled.o(i.PwmLed_1msMainfunction)
    i.PwmLed_OFF                             0x08001da0   Section        0  bsp_soft_pwmled.o(i.PwmLed_OFF)
    PwmLed_OFF                               0x08001da1   Thumb Code     8  bsp_soft_pwmled.o(i.PwmLed_OFF)
    i.PwmLed_ON                              0x08001dac   Section        0  bsp_soft_pwmled.o(i.PwmLed_ON)
    PwmLed_ON                                0x08001dad   Thumb Code     8  bsp_soft_pwmled.o(i.PwmLed_ON)
    i.RCC_APB1PeriphClockCmd                 0x08001db8   Section        0  stm32f10x_rcc.o(i.RCC_APB1PeriphClockCmd)
    i.RCC_APB2PeriphClockCmd                 0x08001dd8   Section        0  stm32f10x_rcc.o(i.RCC_APB2PeriphClockCmd)
    i.RCC_GetClocksFreq                      0x08001df8   Section        0  stm32f10x_rcc.o(i.RCC_GetClocksFreq)
    i.RS485_InitTXE                          0x08001ecc   Section        0  bsp_uart_fifo.o(i.RS485_InitTXE)
    i.SVC_Handler                            0x08001ece   Section        0  stm32f10x_it.o(i.SVC_Handler)
    i.SetSysClock                            0x08001ed0   Section        0  system_stm32f10x.o(i.SetSysClock)
    SetSysClock                              0x08001ed1   Thumb Code     8  system_stm32f10x.o(i.SetSysClock)
    i.SetSysClockTo72                        0x08001ed8   Section        0  system_stm32f10x.o(i.SetSysClockTo72)
    SetSysClockTo72                          0x08001ed9   Thumb Code   214  system_stm32f10x.o(i.SetSysClockTo72)
    i.SysTick_Handler                        0x08001fb8   Section        0  bsp_timer.o(i.SysTick_Handler)
    i.SysTick_ISR                            0x08001fc0   Section        0  bsp_timer.o(i.SysTick_ISR)
    i.SystemCoreClockUpdate                  0x08002044   Section        0  system_stm32f10x.o(i.SystemCoreClockUpdate)
    i.SystemInit                             0x080020e8   Section        0  system_stm32f10x.o(i.SystemInit)
    i.TIM2_IRQHandler                        0x08002148   Section        0  bsp_timer.o(i.TIM2_IRQHandler)
    i.TIM_ARRPreloadConfig                   0x080021e4   Section        0  stm32f10x_tim.o(i.TIM_ARRPreloadConfig)
    i.TIM_ClearITPendingBit                  0x080021fc   Section        0  stm32f10x_tim.o(i.TIM_ClearITPendingBit)
    i.TIM_Cmd                                0x08002202   Section        0  stm32f10x_tim.o(i.TIM_Cmd)
    i.TIM_CtrlPWMOutputs                     0x0800221a   Section        0  stm32f10x_tim.o(i.TIM_CtrlPWMOutputs)
    i.TIM_GetCounter                         0x08002238   Section        0  stm32f10x_tim.o(i.TIM_GetCounter)
    i.TIM_GetITStatus                        0x0800223e   Section        0  stm32f10x_tim.o(i.TIM_GetITStatus)
    i.TIM_ITConfig                           0x08002260   Section        0  stm32f10x_tim.o(i.TIM_ITConfig)
    i.TIM_OC1Init                            0x08002274   Section        0  stm32f10x_tim.o(i.TIM_OC1Init)
    i.TIM_OC1PreloadConfig                   0x0800230c   Section        0  stm32f10x_tim.o(i.TIM_OC1PreloadConfig)
    i.TIM_OC2Init                            0x08002320   Section        0  stm32f10x_tim.o(i.TIM_OC2Init)
    i.TIM_OC2PreloadConfig                   0x080023c4   Section        0  stm32f10x_tim.o(i.TIM_OC2PreloadConfig)
    i.TIM_OC3Init                            0x080023e0   Section        0  stm32f10x_tim.o(i.TIM_OC3Init)
    i.TIM_OC3PreloadConfig                   0x08002480   Section        0  stm32f10x_tim.o(i.TIM_OC3PreloadConfig)
    i.TIM_OC4Init                            0x08002494   Section        0  stm32f10x_tim.o(i.TIM_OC4Init)
    i.TIM_OC4PreloadConfig                   0x08002510   Section        0  stm32f10x_tim.o(i.TIM_OC4PreloadConfig)
    i.TIM_SetCompare1                        0x0800252a   Section        0  stm32f10x_tim.o(i.TIM_SetCompare1)
    i.TIM_SetCompare2                        0x0800252e   Section        0  stm32f10x_tim.o(i.TIM_SetCompare2)
    i.TIM_SetCompare3                        0x08002532   Section        0  stm32f10x_tim.o(i.TIM_SetCompare3)
    i.TIM_SetCompare4                        0x08002536   Section        0  stm32f10x_tim.o(i.TIM_SetCompare4)
    i.TIM_TimeBaseInit                       0x0800253c   Section        0  stm32f10x_tim.o(i.TIM_TimeBaseInit)
    i.UART_5msMainFunction                   0x080025e0   Section        0  bsp_uart_fifo.o(i.UART_5msMainFunction)
    i.USART1_IRQHandler                      0x08002764   Section        0  bsp_uart_fifo.o(i.USART1_IRQHandler)
    i.USART_ClearFlag                        0x08002774   Section        0  stm32f10x_usart.o(i.USART_ClearFlag)
    i.USART_Cmd                              0x08002786   Section        0  stm32f10x_usart.o(i.USART_Cmd)
    i.USART_GetITStatus                      0x0800279e   Section        0  stm32f10x_usart.o(i.USART_GetITStatus)
    i.USART_ITConfig                         0x080027f2   Section        0  stm32f10x_usart.o(i.USART_ITConfig)
    i.USART_Init                             0x0800283c   Section        0  stm32f10x_usart.o(i.USART_Init)
    i.USART_ReceiveData                      0x08002914   Section        0  stm32f10x_usart.o(i.USART_ReceiveData)
    i.USART_SendData                         0x0800291e   Section        0  stm32f10x_usart.o(i.USART_SendData)
    i.UartGetChar                            0x08002926   Section        0  bsp_uart_fifo.o(i.UartGetChar)
    UartGetChar                              0x08002927   Thumb Code    48  bsp_uart_fifo.o(i.UartGetChar)
    i.UartIRQ                                0x08002956   Section        0  bsp_uart_fifo.o(i.UartIRQ)
    UartIRQ                                  0x08002957   Thumb Code   230  bsp_uart_fifo.o(i.UartIRQ)
    i.UartSend                               0x08002a3c   Section        0  bsp_uart_fifo.o(i.UartSend)
    UartSend                                 0x08002a3d   Thumb Code    90  bsp_uart_fifo.o(i.UartSend)
    i.UartVarInit                            0x08002a98   Section        0  bsp_uart_fifo.o(i.UartVarInit)
    UartVarInit                              0x08002a99   Thumb Code    44  bsp_uart_fifo.o(i.UartVarInit)
    i.UsageFault_Handler                     0x08002ad4   Section        0  stm32f10x_it.o(i.UsageFault_Handler)
    i.__0printf                              0x08002ad8   Section        0  printfa.o(i.__0printf)
    i.__scatterload_copy                     0x08002af8   Section       14  handlers.o(i.__scatterload_copy)
    i.__scatterload_null                     0x08002b06   Section        2  handlers.o(i.__scatterload_null)
    i.__scatterload_zeroinit                 0x08002b08   Section       14  handlers.o(i.__scatterload_zeroinit)
    i._fp_digits                             0x08002b18   Section        0  printfa.o(i._fp_digits)
    _fp_digits                               0x08002b19   Thumb Code   366  printfa.o(i._fp_digits)
    i._printf_core                           0x08002c9c   Section        0  printfa.o(i._printf_core)
    _printf_core                             0x08002c9d   Thumb Code  1704  printfa.o(i._printf_core)
    i._printf_post_padding                   0x08003350   Section        0  printfa.o(i._printf_post_padding)
    _printf_post_padding                     0x08003351   Thumb Code    36  printfa.o(i._printf_post_padding)
    i._printf_pre_padding                    0x08003374   Section        0  printfa.o(i._printf_pre_padding)
    _printf_pre_padding                      0x08003375   Thumb Code    46  printfa.o(i._printf_pre_padding)
    i.ap3216c_10msMainFunction               0x080033a4   Section        0  bsp_ap3216c.o(i.ap3216c_10msMainFunction)
    i.ap3216c_get_IntStatus                  0x080034d0   Section        0  bsp_ap3216c.o(i.ap3216c_get_IntStatus)
    i.ap3216c_get_param                      0x080034e2   Section        0  bsp_ap3216c.o(i.ap3216c_get_param)
    i.ap3216c_int_init                       0x080035da   Section        0  bsp_ap3216c.o(i.ap3216c_int_init)
    ap3216c_int_init                         0x080035db   Thumb Code    58  bsp_ap3216c.o(i.ap3216c_int_init)
    i.ap3216c_read_ambient_light             0x08003614   Section        0  bsp_ap3216c.o(i.ap3216c_read_ambient_light)
    i.ap3216c_read_ir_data                   0x080036d0   Section        0  bsp_ap3216c.o(i.ap3216c_read_ir_data)
    i.ap3216c_read_ps_data                   0x080036ec   Section        0  bsp_ap3216c.o(i.ap3216c_read_ps_data)
    i.ap3216c_set_param                      0x0800372e   Section        0  bsp_ap3216c.o(i.ap3216c_set_param)
    i.bsp_CheckTimer                         0x08003874   Section        0  bsp_timer.o(i.bsp_CheckTimer)
    i.bsp_ConfigGpioOut                      0x080038a8   Section        0  bsp_tim_pwm.o(i.bsp_ConfigGpioOut)
    i.bsp_ConfigTimGpio                      0x080038d8   Section        0  bsp_tim_pwm.o(i.bsp_ConfigTimGpio)
    i.bsp_DelayUS                            0x0800396c   Section        0  bsp_timer.o(i.bsp_DelayUS)
    i.bsp_DetectKey                          0x080039c0   Section        0  bsp_key.o(i.bsp_DetectKey)
    bsp_DetectKey                            0x080039c1   Thumb Code   186  bsp_key.o(i.bsp_DetectKey)
    i.bsp_GetAFofTIM                         0x08003a80   Section        0  bsp_tim_pwm.o(i.bsp_GetAFofTIM)
    i.bsp_GetKey                             0x08003ae8   Section        0  bsp_key.o(i.bsp_GetKey)
    i.bsp_GetRCCofGPIO                       0x08003b1c   Section        0  bsp_tim_pwm.o(i.bsp_GetRCCofGPIO)
    i.bsp_GetRCCofTIM                        0x08003b88   Section        0  bsp_tim_pwm.o(i.bsp_GetRCCofTIM)
    i.bsp_GetRunTime                         0x08003bf8   Section        0  bsp_timer.o(i.bsp_GetRunTime)
    i.bsp_Init                               0x08003c04   Section        0  bsp.o(i.bsp_Init)
    i.bsp_InitBeepHard                       0x08003c2c   Section        0  bsp_beep.o(i.bsp_InitBeepHard)
    i.bsp_InitHardTimer                      0x08003c68   Section        0  bsp_timer.o(i.bsp_InitHardTimer)
    i.bsp_InitKey                            0x08003cd0   Section        0  bsp_key.o(i.bsp_InitKey)
    i.bsp_InitKeyHard                        0x08003cdc   Section        0  bsp_key.o(i.bsp_InitKeyHard)
    bsp_InitKeyHard                          0x08003cdd   Thumb Code    62  bsp_key.o(i.bsp_InitKeyHard)
    i.bsp_InitKeyVar                         0x08003d24   Section        0  bsp_key.o(i.bsp_InitKeyVar)
    bsp_InitKeyVar                           0x08003d25   Thumb Code    80  bsp_key.o(i.bsp_InitKeyVar)
    i.bsp_InitLed                            0x08003d84   Section        0  bsp_led.o(i.bsp_InitLed)
    i.bsp_InitTimer                          0x08003dcc   Section        0  bsp_timer.o(i.bsp_InitTimer)
    i.bsp_InitUart                           0x08003e70   Section        0  bsp_uart_fifo.o(i.bsp_InitUart)
    i.bsp_KeyScan                            0x08003e84   Section        0  bsp_key.o(i.bsp_KeyScan)
    i.bsp_PutKey                             0x08003e9c   Section        0  bsp_key.o(i.bsp_PutKey)
    i.bsp_RunPer10ms                         0x08003ebc   Section        0  bsp.o(i.bsp_RunPer10ms)
    i.bsp_RunPer1ms                          0x08003ed8   Section        0  bsp.o(i.bsp_RunPer1ms)
    i.bsp_SetTIMOutPWM                       0x08003ee4   Section        0  bsp_tim_pwm.o(i.bsp_SetTIMOutPWM)
    i.bsp_SoftTimerDec                       0x080040a4   Section        0  bsp_timer.o(i.bsp_SoftTimerDec)
    bsp_SoftTimerDec                         0x080040a5   Thumb Code    28  bsp_timer.o(i.bsp_SoftTimerDec)
    i.bsp_StartHardTimer                     0x080040c0   Section        0  bsp_timer.o(i.bsp_StartHardTimer)
    i.bsp_StartTimer                         0x0800418c   Section        0  bsp_timer.o(i.bsp_StartTimer)
    i.bsp_ap3216c_Init                       0x08004210   Section        0  bsp_ap3216c.o(i.bsp_ap3216c_Init)
    i.bsp_irdaHardInit                       0x08004228   Section        0  bsp_irda.o(i.bsp_irdaHardInit)
    bsp_irdaHardInit                         0x08004229   Thumb Code    68  bsp_irda.o(i.bsp_irdaHardInit)
    i.bsp_irdaInit                           0x08004270   Section        0  bsp_irda.o(i.bsp_irdaInit)
    i.bsp_irdaVarInit                        0x08004280   Section        0  bsp_irda.o(i.bsp_irdaVarInit)
    bsp_irdaVarInit                          0x08004281   Thumb Code    44  bsp_irda.o(i.bsp_irdaVarInit)
    i.comGetChar                             0x080042b4   Section        0  bsp_uart_fifo.o(i.comGetChar)
    i.comSendBuf                             0x080042d2   Section        0  bsp_uart_fifo.o(i.comSendBuf)
    i.comSendChar                            0x08004300   Section        0  bsp_uart_fifo.o(i.comSendChar)
    i.fputc                                  0x08004310   Section        0  bsp_uart_fifo.o(i.fputc)
    i.main                                   0x08004322   Section        0  main.o(i.main)
    i.my_printf                              0x0800432c   Section        0  bsp_uart_fifo.o(i.my_printf)
    i.read_low_and_high                      0x08004350   Section        0  bsp_ap3216c.o(i.read_low_and_high)
    read_low_and_high                        0x08004351   Thumb Code    50  bsp_ap3216c.o(i.read_low_and_high)
    i.read_regs                              0x08004382   Section        0  bsp_ap3216c.o(i.read_regs)
    read_regs                                0x08004383   Thumb Code    22  bsp_ap3216c.o(i.read_regs)
    i.reset_sensor                           0x08004398   Section        0  bsp_ap3216c.o(i.reset_sensor)
    reset_sensor                             0x08004399   Thumb Code    12  bsp_ap3216c.o(i.reset_sensor)
    i.set_als_threshold                      0x080043a4   Section        0  bsp_ap3216c.o(i.set_als_threshold)
    set_als_threshold                        0x080043a5   Thumb Code   194  bsp_ap3216c.o(i.set_als_threshold)
    i.set_ps_threshold                       0x08004480   Section        0  bsp_ap3216c.o(i.set_ps_threshold)
    set_ps_threshold                         0x08004481   Thumb Code   100  bsp_ap3216c.o(i.set_ps_threshold)
    i.write_reg                              0x080044e4   Section        0  bsp_ap3216c.o(i.write_reg)
    write_reg                                0x080044e5   Thumb Code    18  bsp_ap3216c.o(i.write_reg)
    .constdata                               0x080044f6   Section       48  bsp_timer.o(.constdata)
    __FUNCTION__                             0x080044f6   Data          15  bsp_timer.o(.constdata)
    __FUNCTION__                             0x08004505   Data          19  bsp_timer.o(.constdata)
    __FUNCTION__                             0x08004518   Data          14  bsp_timer.o(.constdata)
    .constdata                               0x08004528   Section       40  bsp_led.o(.constdata)
    .constdata                               0x08004550   Section       40  bsp_beep.o(.constdata)
    .data                                    0x20000000   Section       29  bsp_timer.o(.data)
    s_uiDelayCount                           0x20000000   Data           4  bsp_timer.o(.data)
    s_ucTimeOutFlag                          0x20000004   Data           1  bsp_timer.o(.data)
    s_TIM_CallBack1                          0x2000000c   Data           4  bsp_timer.o(.data)
    s_TIM_CallBack2                          0x20000010   Data           4  bsp_timer.o(.data)
    s_TIM_CallBack3                          0x20000014   Data           4  bsp_timer.o(.data)
    s_TIM_CallBack4                          0x20000018   Data           4  bsp_timer.o(.data)
    s_count                                  0x2000001c   Data           1  bsp_timer.o(.data)
    .data                                    0x2000001e   Section        2  bsp_uart_fifo.o(.data)
    duty                                     0x2000001e   Data           2  bsp_uart_fifo.o(.data)
    .data                                    0x20000020   Section       40  bsp_key.o(.data)
    duty                                     0x20000044   Data           4  bsp_key.o(.data)
    .data                                    0x20000048   Section        8  bsp_led.o(.data)
    s_ucLedData                              0x20000048   Data           5  bsp_led.o(.data)
    ucCount                                  0x2000004e   Data           2  bsp_led.o(.data)
    .data                                    0x20000050   Section       24  bsp_soft_pwmled.o(.data)
    .data                                    0x20000068   Section        6  bsp_beep.o(.data)
    s_ucBeepData                             0x20000068   Data           6  bsp_beep.o(.data)
    .data                                    0x20000070   Section        8  bsp_irda.o(.data)
    .data                                    0x20000078   Section        4  bsp_i2c.o(.data)
    I2CTimeout                               0x20000078   Data           4  bsp_i2c.o(.data)
    .data                                    0x2000007c   Section       20  stm32f10x_rcc.o(.data)
    APBAHBPrescTable                         0x2000007c   Data          16  stm32f10x_rcc.o(.data)
    ADCPrescTable                            0x2000008c   Data           4  stm32f10x_rcc.o(.data)
    .data                                    0x20000090   Section       20  system_stm32f10x.o(.data)
    AHBPrescTable                            0x20000094   Data          16  system_stm32f10x.o(.data)
    .data                                    0x200000a4   Section        4  stdout.o(.data)
    .bss                                     0x200000a8   Section       48  bsp_timer.o(.bss)
    s_tTmr                                   0x200000a8   Data          48  bsp_timer.o(.bss)
    .bss                                     0x200000d8   Section     2088  bsp_uart_fifo.o(.bss)
    g_tUart1                                 0x200000d8   Data          40  bsp_uart_fifo.o(.bss)
    g_TxBuf1                                 0x20000100   Data        1024  bsp_uart_fifo.o(.bss)
    g_RxBuf1                                 0x20000500   Data        1024  bsp_uart_fifo.o(.bss)
    .bss                                     0x20000900   Section       45  bsp_key.o(.bss)
    s_tBtn                                   0x20000900   Data          32  bsp_key.o(.bss)
    s_tKey                                   0x20000920   Data          13  bsp_key.o(.bss)
    .bss                                     0x2000092e   Section       14  bsp_beep.o(.bss)
    .bss                                     0x2000093c   Section       22  bsp_irda.o(.bss)
    s_Irda                                   0x2000093c   Data          12  bsp_irda.o(.bss)
    ucRecvBuff                               0x20000948   Data          10  bsp_irda.o(.bss)
    .bss                                     0x20000954   Section      252  bsp_adc.o(.bss)
    STACK                                    0x20000a50   Section     1024  startup_stm32f10x_hd.o(STACK)

    Global Symbols

    Symbol Name                              Value     Ov Type        Size  Object(Section)

    BuildAttributes$$THM_ISAv4$P$D$K$B$S$PE$A:L22UL41UL21$X:L11$S22US41US21$IEEE1$IW$USESV6$~STKCKD$USESV7$~SHL$OTIME$ROPI$IEEEX$EBA8$MICROLIB$REQ8$PRES8$EABIv2 0x00000000   Number         0  anon$$obj.o ABSOLUTE
    __ARM_use_no_argv                        0x00000000   Number         0  main.o ABSOLUTE
    _printf_a                                0x00000000   Number         0  stubs.o ABSOLUTE
    _printf_c                                0x00000000   Number         0  stubs.o ABSOLUTE
    _printf_charcount                        0x00000000   Number         0  stubs.o ABSOLUTE
    _printf_d                                0x00000000   Number         0  stubs.o ABSOLUTE
    _printf_e                                0x00000000   Number         0  stubs.o ABSOLUTE
    _printf_f                                0x00000000   Number         0  stubs.o ABSOLUTE
    _printf_flags                            0x00000000   Number         0  stubs.o ABSOLUTE
    _printf_fp_dec                           0x00000000   Number         0  stubs.o ABSOLUTE
    _printf_fp_hex                           0x00000000   Number         0  stubs.o ABSOLUTE
    _printf_g                                0x00000000   Number         0  stubs.o ABSOLUTE
    _printf_i                                0x00000000   Number         0  stubs.o ABSOLUTE
    _printf_int_dec                          0x00000000   Number         0  stubs.o ABSOLUTE
    _printf_l                                0x00000000   Number         0  stubs.o ABSOLUTE
    _printf_lc                               0x00000000   Number         0  stubs.o ABSOLUTE
    _printf_ll                               0x00000000   Number         0  stubs.o ABSOLUTE
    _printf_lld                              0x00000000   Number         0  stubs.o ABSOLUTE
    _printf_lli                              0x00000000   Number         0  stubs.o ABSOLUTE
    _printf_llo                              0x00000000   Number         0  stubs.o ABSOLUTE
    _printf_llu                              0x00000000   Number         0  stubs.o ABSOLUTE
    _printf_llx                              0x00000000   Number         0  stubs.o ABSOLUTE
    _printf_longlong_dec                     0x00000000   Number         0  stubs.o ABSOLUTE
    _printf_longlong_hex                     0x00000000   Number         0  stubs.o ABSOLUTE
    _printf_longlong_oct                     0x00000000   Number         0  stubs.o ABSOLUTE
    _printf_ls                               0x00000000   Number         0  stubs.o ABSOLUTE
    _printf_mbtowc                           0x00000000   Number         0  stubs.o ABSOLUTE
    _printf_n                                0x00000000   Number         0  stubs.o ABSOLUTE
    _printf_o                                0x00000000   Number         0  stubs.o ABSOLUTE
    _printf_p                                0x00000000   Number         0  stubs.o ABSOLUTE
    _printf_percent                          0x00000000   Number         0  stubs.o ABSOLUTE
    _printf_pre_padding                      0x00000000   Number         0  stubs.o ABSOLUTE
    _printf_return_value                     0x00000000   Number         0  stubs.o ABSOLUTE
    _printf_s                                0x00000000   Number         0  stubs.o ABSOLUTE
    _printf_sizespec                         0x00000000   Number         0  stubs.o ABSOLUTE
    _printf_str                              0x00000000   Number         0  stubs.o ABSOLUTE
    _printf_truncate_signed                  0x00000000   Number         0  stubs.o ABSOLUTE
    _printf_truncate_unsigned                0x00000000   Number         0  stubs.o ABSOLUTE
    _printf_u                                0x00000000   Number         0  stubs.o ABSOLUTE
    _printf_wc                               0x00000000   Number         0  stubs.o ABSOLUTE
    _printf_wctomb                           0x00000000   Number         0  stubs.o ABSOLUTE
    _printf_widthprec                        0x00000000   Number         0  stubs.o ABSOLUTE
    _printf_x                                0x00000000   Number         0  stubs.o ABSOLUTE
    __arm_fini_                               - Undefined Weak Reference
    __cpp_initialize__aeabi_                  - Undefined Weak Reference
    __cxa_finalize                            - Undefined Weak Reference
    __decompress                              - Undefined Weak Reference
    _clock_init                               - Undefined Weak Reference
    _microlib_exit                            - Undefined Weak Reference
    __Vectors_Size                           0x00000130   Number         0  startup_stm32f10x_hd.o ABSOLUTE
    __Vectors                                0x08000000   Data           4  startup_stm32f10x_hd.o(RESET)
    __Vectors_End                            0x08000130   Data           0  startup_stm32f10x_hd.o(RESET)
    __main                                   0x08000131   Thumb Code     0  entry.o(.ARM.Collect$$$$00000000)
    _main_stk                                0x08000131   Thumb Code     0  entry2.o(.ARM.Collect$$$$00000001)
    _main_scatterload                        0x08000135   Thumb Code     0  entry5.o(.ARM.Collect$$$$00000004)
    __main_after_scatterload                 0x08000139   Thumb Code     0  entry5.o(.ARM.Collect$$$$00000004)
    _main_clock                              0x08000139   Thumb Code     0  entry7b.o(.ARM.Collect$$$$00000008)
    _main_cpp_init                           0x08000139   Thumb Code     0  entry8b.o(.ARM.Collect$$$$0000000A)
    _main_init                               0x08000139   Thumb Code     0  entry9a.o(.ARM.Collect$$$$0000000B)
    __rt_lib_shutdown_fini                   0x08000141   Thumb Code     0  entry12b.o(.ARM.Collect$$$$0000000E)
    __rt_final_cpp                           0x08000145   Thumb Code     0  entry10a.o(.ARM.Collect$$$$0000000F)
    __rt_final_exit                          0x08000145   Thumb Code     0  entry11a.o(.ARM.Collect$$$$00000011)
    Reset_Handler                            0x08000149   Thumb Code     8  startup_stm32f10x_hd.o(.text)
    ADC1_2_IRQHandler                        0x08000163   Thumb Code     0  startup_stm32f10x_hd.o(.text)
    ADC3_IRQHandler                          0x08000163   Thumb Code     0  startup_stm32f10x_hd.o(.text)
    CAN1_RX1_IRQHandler                      0x08000163   Thumb Code     0  startup_stm32f10x_hd.o(.text)
    CAN1_SCE_IRQHandler                      0x08000163   Thumb Code     0  startup_stm32f10x_hd.o(.text)
    DMA1_Channel1_IRQHandler                 0x08000163   Thumb Code     0  startup_stm32f10x_hd.o(.text)
    DMA1_Channel2_IRQHandler                 0x08000163   Thumb Code     0  startup_stm32f10x_hd.o(.text)
    DMA1_Channel3_IRQHandler                 0x08000163   Thumb Code     0  startup_stm32f10x_hd.o(.text)
    DMA1_Channel4_IRQHandler                 0x08000163   Thumb Code     0  startup_stm32f10x_hd.o(.text)
    DMA1_Channel5_IRQHandler                 0x08000163   Thumb Code     0  startup_stm32f10x_hd.o(.text)
    DMA1_Channel6_IRQHandler                 0x08000163   Thumb Code     0  startup_stm32f10x_hd.o(.text)
    DMA1_Channel7_IRQHandler                 0x08000163   Thumb Code     0  startup_stm32f10x_hd.o(.text)
    DMA2_Channel1_IRQHandler                 0x08000163   Thumb Code     0  startup_stm32f10x_hd.o(.text)
    DMA2_Channel2_IRQHandler                 0x08000163   Thumb Code     0  startup_stm32f10x_hd.o(.text)
    DMA2_Channel3_IRQHandler                 0x08000163   Thumb Code     0  startup_stm32f10x_hd.o(.text)
    DMA2_Channel4_5_IRQHandler               0x08000163   Thumb Code     0  startup_stm32f10x_hd.o(.text)
    EXTI0_IRQHandler                         0x08000163   Thumb Code     0  startup_stm32f10x_hd.o(.text)
    EXTI15_10_IRQHandler                     0x08000163   Thumb Code     0  startup_stm32f10x_hd.o(.text)
    EXTI1_IRQHandler                         0x08000163   Thumb Code     0  startup_stm32f10x_hd.o(.text)
    EXTI2_IRQHandler                         0x08000163   Thumb Code     0  startup_stm32f10x_hd.o(.text)
    EXTI3_IRQHandler                         0x08000163   Thumb Code     0  startup_stm32f10x_hd.o(.text)
    EXTI4_IRQHandler                         0x08000163   Thumb Code     0  startup_stm32f10x_hd.o(.text)
    FLASH_IRQHandler                         0x08000163   Thumb Code     0  startup_stm32f10x_hd.o(.text)
    FSMC_IRQHandler                          0x08000163   Thumb Code     0  startup_stm32f10x_hd.o(.text)
    I2C1_ER_IRQHandler                       0x08000163   Thumb Code     0  startup_stm32f10x_hd.o(.text)
    I2C1_EV_IRQHandler                       0x08000163   Thumb Code     0  startup_stm32f10x_hd.o(.text)
    I2C2_ER_IRQHandler                       0x08000163   Thumb Code     0  startup_stm32f10x_hd.o(.text)
    I2C2_EV_IRQHandler                       0x08000163   Thumb Code     0  startup_stm32f10x_hd.o(.text)
    PVD_IRQHandler                           0x08000163   Thumb Code     0  startup_stm32f10x_hd.o(.text)
    RCC_IRQHandler                           0x08000163   Thumb Code     0  startup_stm32f10x_hd.o(.text)
    RTCAlarm_IRQHandler                      0x08000163   Thumb Code     0  startup_stm32f10x_hd.o(.text)
    RTC_IRQHandler                           0x08000163   Thumb Code     0  startup_stm32f10x_hd.o(.text)
    SDIO_IRQHandler                          0x08000163   Thumb Code     0  startup_stm32f10x_hd.o(.text)
    SPI1_IRQHandler                          0x08000163   Thumb Code     0  startup_stm32f10x_hd.o(.text)
    SPI2_IRQHandler                          0x08000163   Thumb Code     0  startup_stm32f10x_hd.o(.text)
    SPI3_IRQHandler                          0x08000163   Thumb Code     0  startup_stm32f10x_hd.o(.text)
    TAMPER_IRQHandler                        0x08000163   Thumb Code     0  startup_stm32f10x_hd.o(.text)
    TIM1_BRK_IRQHandler                      0x08000163   Thumb Code     0  startup_stm32f10x_hd.o(.text)
    TIM1_CC_IRQHandler                       0x08000163   Thumb Code     0  startup_stm32f10x_hd.o(.text)
    TIM1_TRG_COM_IRQHandler                  0x08000163   Thumb Code     0  startup_stm32f10x_hd.o(.text)
    TIM1_UP_IRQHandler                       0x08000163   Thumb Code     0  startup_stm32f10x_hd.o(.text)
    TIM3_IRQHandler                          0x08000163   Thumb Code     0  startup_stm32f10x_hd.o(.text)
    TIM4_IRQHandler                          0x08000163   Thumb Code     0  startup_stm32f10x_hd.o(.text)
    TIM5_IRQHandler                          0x08000163   Thumb Code     0  startup_stm32f10x_hd.o(.text)
    TIM6_IRQHandler                          0x08000163   Thumb Code     0  startup_stm32f10x_hd.o(.text)
    TIM7_IRQHandler                          0x08000163   Thumb Code     0  startup_stm32f10x_hd.o(.text)
    TIM8_BRK_IRQHandler                      0x08000163   Thumb Code     0  startup_stm32f10x_hd.o(.text)
    TIM8_CC_IRQHandler                       0x08000163   Thumb Code     0  startup_stm32f10x_hd.o(.text)
    TIM8_TRG_COM_IRQHandler                  0x08000163   Thumb Code     0  startup_stm32f10x_hd.o(.text)
    TIM8_UP_IRQHandler                       0x08000163   Thumb Code     0  startup_stm32f10x_hd.o(.text)
    UART4_IRQHandler                         0x08000163   Thumb Code     0  startup_stm32f10x_hd.o(.text)
    UART5_IRQHandler                         0x08000163   Thumb Code     0  startup_stm32f10x_hd.o(.text)
    USART2_IRQHandler                        0x08000163   Thumb Code     0  startup_stm32f10x_hd.o(.text)
    USART3_IRQHandler                        0x08000163   Thumb Code     0  startup_stm32f10x_hd.o(.text)
    USBWakeUp_IRQHandler                     0x08000163   Thumb Code     0  startup_stm32f10x_hd.o(.text)
    USB_HP_CAN1_TX_IRQHandler                0x08000163   Thumb Code     0  startup_stm32f10x_hd.o(.text)
    USB_LP_CAN1_RX0_IRQHandler               0x08000163   Thumb Code     0  startup_stm32f10x_hd.o(.text)
    WWDG_IRQHandler                          0x08000163   Thumb Code     0  startup_stm32f10x_hd.o(.text)
    __aeabi_memset                           0x0800016d   Thumb Code    14  memseta.o(.text)
    __aeabi_memset4                          0x0800016d   Thumb Code     0  memseta.o(.text)
    __aeabi_memset8                          0x0800016d   Thumb Code     0  memseta.o(.text)
    __aeabi_memclr                           0x0800017b   Thumb Code     4  memseta.o(.text)
    __aeabi_memclr4                          0x0800017b   Thumb Code     0  memseta.o(.text)
    __aeabi_memclr8                          0x0800017b   Thumb Code     0  memseta.o(.text)
    _memset$wrapper                          0x0800017f   Thumb Code    18  memseta.o(.text)
    __aeabi_dadd                             0x08000191   Thumb Code   322  dadd.o(.text)
    __aeabi_dsub                             0x080002d3   Thumb Code     6  dadd.o(.text)
    __aeabi_drsub                            0x080002d9   Thumb Code     6  dadd.o(.text)
    __aeabi_dmul                             0x080002df   Thumb Code   228  dmul.o(.text)
    __aeabi_ddiv                             0x080003c3   Thumb Code   222  ddiv.o(.text)
    __aeabi_i2d                              0x080004a1   Thumb Code    34  dflti.o(.text)
    __aeabi_ui2d                             0x080004c3   Thumb Code    26  dfltui.o(.text)
    __aeabi_d2uiz                            0x080004dd   Thumb Code    50  dfixui.o(.text)
    __aeabi_f2d                              0x0800050f   Thumb Code    38  f2d.o(.text)
    __aeabi_d2f                              0x08000535   Thumb Code    56  d2f.o(.text)
    __aeabi_uidiv                            0x0800056d   Thumb Code     0  uidiv.o(.text)
    __aeabi_uidivmod                         0x0800056d   Thumb Code    44  uidiv.o(.text)
    __aeabi_uldivmod                         0x08000599   Thumb Code    98  uldiv.o(.text)
    __aeabi_llsl                             0x080005fb   Thumb Code    30  llshl.o(.text)
    _ll_shift_l                              0x080005fb   Thumb Code     0  llshl.o(.text)
    __aeabi_llsr                             0x08000619   Thumb Code    32  llushr.o(.text)
    _ll_ushift_r                             0x08000619   Thumb Code     0  llushr.o(.text)
    __aeabi_lasr                             0x08000639   Thumb Code    36  llsshr.o(.text)
    _ll_sshift_r                             0x08000639   Thumb Code     0  llsshr.o(.text)
    __I$use$fp                               0x0800065d   Thumb Code     0  iusefp.o(.text)
    _float_round                             0x0800065d   Thumb Code    18  fepilogue.o(.text)
    _float_epilogue                          0x0800066f   Thumb Code    92  fepilogue.o(.text)
    _double_round                            0x080006cb   Thumb Code    30  depilogue.o(.text)
    _double_epilogue                         0x080006e9   Thumb Code   156  depilogue.o(.text)
    __aeabi_d2ulz                            0x08000785   Thumb Code    48  dfixul.o(.text)
    __aeabi_cdrcmple                         0x080007b5   Thumb Code    48  cdrcmple.o(.text)
    __scatterload                            0x080007e5   Thumb Code    28  init.o(.text)
    __scatterload_rt2                        0x080007e5   Thumb Code     0  init.o(.text)
    ADC_20msMainfunction                     0x08000809   Thumb Code   138  bsp_adc.o(i.ADC_20msMainfunction)
    ADC_GetFifo                              0x080008ad   Thumb Code   238  bsp_adc.o(i.ADC_GetFifo)
    ADC_GetFifoSize                          0x0800099b   Thumb Code    54  bsp_adc.o(i.ADC_GetFifoSize)
    ADC_GetHandle                            0x080009d1   Thumb Code    52  bsp_adc.o(i.ADC_GetHandle)
    ADC_SetFifo                              0x08000a1d   Thumb Code    50  bsp_adc.o(i.ADC_SetFifo)
    BEEP_KeyTone                             0x08000a4f   Thumb Code    14  bsp_beep.o(i.BEEP_KeyTone)
    BEEP_Start                               0x08000a5d   Thumb Code    44  bsp_beep.o(i.BEEP_Start)
    Beep_10msMainFunction                    0x08000a91   Thumb Code    66  bsp_beep.o(i.Beep_10msMainFunction)
    Beep_SetStatus                           0x08000b0d   Thumb Code    72  bsp_beep.o(i.Beep_SetStatus)
    BusFault_Handler                         0x08000b6d   Thumb Code     4  stm32f10x_it.o(i.BusFault_Handler)
    ComToUart                                0x08000b71   Thumb Code    52  bsp_uart_fifo.o(i.ComToUart)
    DebugMon_Handler                         0x08000bc5   Thumb Code     2  stm32f10x_it.o(i.DebugMon_Handler)
    EXTI9_5_IRQHandler                       0x08000bc7   Thumb Code    22  stm32f10x_it.o(i.EXTI9_5_IRQHandler)
    EXTI_ClearITPendingBit                   0x08000bdd   Thumb Code     6  stm32f10x_exti.o(i.EXTI_ClearITPendingBit)
    EXTI_GetITStatus                         0x08000be9   Thumb Code    34  stm32f10x_exti.o(i.EXTI_GetITStatus)
    EXTI_Init                                0x08000c11   Thumb Code   142  stm32f10x_exti.o(i.EXTI_Init)
    GPIO_EXTILineConfig                      0x08000ca5   Thumb Code    60  stm32f10x_gpio.o(i.GPIO_EXTILineConfig)
    GPIO_Init                                0x08000ce5   Thumb Code   278  stm32f10x_gpio.o(i.GPIO_Init)
    GPIO_PinRemapConfig                      0x08000dfd   Thumb Code   138  stm32f10x_gpio.o(i.GPIO_PinRemapConfig)
    GPIO_ReadInputDataBit                    0x08000e8d   Thumb Code    18  stm32f10x_gpio.o(i.GPIO_ReadInputDataBit)
    GPIO_ResetBits                           0x08000e9f   Thumb Code     4  stm32f10x_gpio.o(i.GPIO_ResetBits)
    GPIO_SetBits                             0x08000ea3   Thumb Code     4  stm32f10x_gpio.o(i.GPIO_SetBits)
    GPIO_WriteBit                            0x08000ea7   Thumb Code    10  stm32f10x_gpio.o(i.GPIO_WriteBit)
    Get_Pulse_Time                           0x08000eb1   Thumb Code    40  bsp_irda.o(i.Get_Pulse_Time)
    HardFault_Handler                        0x08000edd   Thumb Code     4  stm32f10x_it.o(i.HardFault_Handler)
    I2C_AcknowledgeConfig                    0x08000ee1   Thumb Code    24  stm32f10x_i2c.o(i.I2C_AcknowledgeConfig)
    I2C_CheckEvent                           0x08000ef9   Thumb Code    42  stm32f10x_i2c.o(i.I2C_CheckEvent)
    I2C_Cmd                                  0x08000f23   Thumb Code    24  stm32f10x_i2c.o(i.I2C_Cmd)
    I2C_GenerateSTART                        0x08000f89   Thumb Code    24  stm32f10x_i2c.o(i.I2C_GenerateSTART)
    I2C_GenerateSTOP                         0x08000fa1   Thumb Code    24  stm32f10x_i2c.o(i.I2C_GenerateSTOP)
    I2C_GetFlagStatus                        0x08000fb9   Thumb Code    58  stm32f10x_i2c.o(i.I2C_GetFlagStatus)
    I2C_Init                                 0x08000ff5   Thumb Code   222  stm32f10x_i2c.o(i.I2C_Init)
    I2C_Init_Config                          0x080010e1   Thumb Code    12  bsp_i2c.o(i.I2C_Init_Config)
    I2C_Mem_Read                             0x080010ed   Thumb Code   420  bsp_i2c.o(i.I2C_Mem_Read)
    I2C_Mem_Write                            0x080012a1   Thumb Code   290  bsp_i2c.o(i.I2C_Mem_Write)
    I2C_ReceiveData                          0x08001419   Thumb Code     8  stm32f10x_i2c.o(i.I2C_ReceiveData)
    I2C_Send7bitAddress                      0x08001421   Thumb Code    18  stm32f10x_i2c.o(i.I2C_Send7bitAddress)
    I2C_SendData                             0x08001433   Thumb Code     4  stm32f10x_i2c.o(i.I2C_SendData)
    Irda_10msMainfunction                    0x080014f9   Thumb Code   448  bsp_irda.o(i.Irda_10msMainfunction)
    Irda_GetFifo                             0x08001789   Thumb Code    60  bsp_irda.o(i.Irda_GetFifo)
    Irda_GetFifoSize                         0x080017d9   Thumb Code    48  bsp_irda.o(i.Irda_GetFifoSize)
    Irda_IsDataVailed                        0x0800180d   Thumb Code    44  bsp_irda.o(i.Irda_IsDataVailed)
    Irda_Process                             0x08001839   Thumb Code   192  bsp_irda.o(i.Irda_Process)
    Irda_SetFifo                             0x08001945   Thumb Code    48  bsp_irda.o(i.Irda_SetFifo)
    Key_5msMainFunction                      0x080019bd   Thumb Code   228  bsp_key.o(i.Key_5msMainFunction)
    LED_SetStatus                            0x08001b0d   Thumb Code    72  bsp_led.o(i.LED_SetStatus)
    LIB_FifoFillter                          0x08001b6b   Thumb Code   166  std_lib.o(i.LIB_FifoFillter)
    Led_5msMainFunction                      0x08001c11   Thumb Code    72  bsp_led.o(i.Led_5msMainFunction)
    MemManage_Handler                        0x08001c65   Thumb Code     4  stm32f10x_it.o(i.MemManage_Handler)
    NMI_Handler                              0x08001c69   Thumb Code     2  stm32f10x_it.o(i.NMI_Handler)
    NVIC_Init                                0x08001c89   Thumb Code   100  misc.o(i.NVIC_Init)
    NVIC_PriorityGroupConfig                 0x08001cf9   Thumb Code    10  misc.o(i.NVIC_PriorityGroupConfig)
    PendSV_Handler                           0x08001d0d   Thumb Code     2  stm32f10x_it.o(i.PendSV_Handler)
    PwmLed_1msMainfunction                   0x08001d11   Thumb Code   138  bsp_soft_pwmled.o(i.PwmLed_1msMainfunction)
    RCC_APB1PeriphClockCmd                   0x08001db9   Thumb Code    26  stm32f10x_rcc.o(i.RCC_APB1PeriphClockCmd)
    RCC_APB2PeriphClockCmd                   0x08001dd9   Thumb Code    26  stm32f10x_rcc.o(i.RCC_APB2PeriphClockCmd)
    RCC_GetClocksFreq                        0x08001df9   Thumb Code   192  stm32f10x_rcc.o(i.RCC_GetClocksFreq)
    RS485_InitTXE                            0x08001ecd   Thumb Code     2  bsp_uart_fifo.o(i.RS485_InitTXE)
    SVC_Handler                              0x08001ecf   Thumb Code     2  stm32f10x_it.o(i.SVC_Handler)
    SysTick_Handler                          0x08001fb9   Thumb Code     8  bsp_timer.o(i.SysTick_Handler)
    SysTick_ISR                              0x08001fc1   Thumb Code   110  bsp_timer.o(i.SysTick_ISR)
    SystemCoreClockUpdate                    0x08002045   Thumb Code   142  system_stm32f10x.o(i.SystemCoreClockUpdate)
    SystemInit                               0x080020e9   Thumb Code    78  system_stm32f10x.o(i.SystemInit)
    TIM2_IRQHandler                          0x08002149   Thumb Code   140  bsp_timer.o(i.TIM2_IRQHandler)
    TIM_ARRPreloadConfig                     0x080021e5   Thumb Code    24  stm32f10x_tim.o(i.TIM_ARRPreloadConfig)
    TIM_ClearITPendingBit                    0x080021fd   Thumb Code     6  stm32f10x_tim.o(i.TIM_ClearITPendingBit)
    TIM_Cmd                                  0x08002203   Thumb Code    24  stm32f10x_tim.o(i.TIM_Cmd)
    TIM_CtrlPWMOutputs                       0x0800221b   Thumb Code    30  stm32f10x_tim.o(i.TIM_CtrlPWMOutputs)
    TIM_GetCounter                           0x08002239   Thumb Code     6  stm32f10x_tim.o(i.TIM_GetCounter)
    TIM_GetITStatus                          0x0800223f   Thumb Code    34  stm32f10x_tim.o(i.TIM_GetITStatus)
    TIM_ITConfig                             0x08002261   Thumb Code    18  stm32f10x_tim.o(i.TIM_ITConfig)
    TIM_OC1Init                              0x08002275   Thumb Code   132  stm32f10x_tim.o(i.TIM_OC1Init)
    TIM_OC1PreloadConfig                     0x0800230d   Thumb Code    18  stm32f10x_tim.o(i.TIM_OC1PreloadConfig)
    TIM_OC2Init                              0x08002321   Thumb Code   154  stm32f10x_tim.o(i.TIM_OC2Init)
    TIM_OC2PreloadConfig                     0x080023c5   Thumb Code    26  stm32f10x_tim.o(i.TIM_OC2PreloadConfig)
    TIM_OC3Init                              0x080023e1   Thumb Code   150  stm32f10x_tim.o(i.TIM_OC3Init)
    TIM_OC3PreloadConfig                     0x08002481   Thumb Code    18  stm32f10x_tim.o(i.TIM_OC3PreloadConfig)
    TIM_OC4Init                              0x08002495   Thumb Code   114  stm32f10x_tim.o(i.TIM_OC4Init)
    TIM_OC4PreloadConfig                     0x08002511   Thumb Code    26  stm32f10x_tim.o(i.TIM_OC4PreloadConfig)
    TIM_SetCompare1                          0x0800252b   Thumb Code     4  stm32f10x_tim.o(i.TIM_SetCompare1)
    TIM_SetCompare2                          0x0800252f   Thumb Code     4  stm32f10x_tim.o(i.TIM_SetCompare2)
    TIM_SetCompare3                          0x08002533   Thumb Code     4  stm32f10x_tim.o(i.TIM_SetCompare3)
    TIM_SetCompare4                          0x08002537   Thumb Code     6  stm32f10x_tim.o(i.TIM_SetCompare4)
    TIM_TimeBaseInit                         0x0800253d   Thumb Code   122  stm32f10x_tim.o(i.TIM_TimeBaseInit)
    UART_5msMainFunction                     0x080025e1   Thumb Code   302  bsp_uart_fifo.o(i.UART_5msMainFunction)
    USART1_IRQHandler                        0x08002765   Thumb Code    10  bsp_uart_fifo.o(i.USART1_IRQHandler)
    USART_ClearFlag                          0x08002775   Thumb Code    18  stm32f10x_usart.o(i.USART_ClearFlag)
    USART_Cmd                                0x08002787   Thumb Code    24  stm32f10x_usart.o(i.USART_Cmd)
    USART_GetITStatus                        0x0800279f   Thumb Code    84  stm32f10x_usart.o(i.USART_GetITStatus)
    USART_ITConfig                           0x080027f3   Thumb Code    74  stm32f10x_usart.o(i.USART_ITConfig)
    USART_Init                               0x0800283d   Thumb Code   210  stm32f10x_usart.o(i.USART_Init)
    USART_ReceiveData                        0x08002915   Thumb Code    10  stm32f10x_usart.o(i.USART_ReceiveData)
    USART_SendData                           0x0800291f   Thumb Code     8  stm32f10x_usart.o(i.USART_SendData)
    UsageFault_Handler                       0x08002ad5   Thumb Code     4  stm32f10x_it.o(i.UsageFault_Handler)
    __0printf                                0x08002ad9   Thumb Code    22  printfa.o(i.__0printf)
    __1printf                                0x08002ad9   Thumb Code     0  printfa.o(i.__0printf)
    __2printf                                0x08002ad9   Thumb Code     0  printfa.o(i.__0printf)
    __c89printf                              0x08002ad9   Thumb Code     0  printfa.o(i.__0printf)
    printf                                   0x08002ad9   Thumb Code     0  printfa.o(i.__0printf)
    __scatterload_copy                       0x08002af9   Thumb Code    14  handlers.o(i.__scatterload_copy)
    __scatterload_null                       0x08002b07   Thumb Code     2  handlers.o(i.__scatterload_null)
    __scatterload_zeroinit                   0x08002b09   Thumb Code    14  handlers.o(i.__scatterload_zeroinit)
    ap3216c_10msMainFunction                 0x080033a5   Thumb Code   138  bsp_ap3216c.o(i.ap3216c_10msMainFunction)
    ap3216c_get_IntStatus                    0x080034d1   Thumb Code    18  bsp_ap3216c.o(i.ap3216c_get_IntStatus)
    ap3216c_get_param                        0x080034e3   Thumb Code   248  bsp_ap3216c.o(i.ap3216c_get_param)
    ap3216c_read_ambient_light               0x08003615   Thumb Code   164  bsp_ap3216c.o(i.ap3216c_read_ambient_light)
    ap3216c_read_ir_data                     0x080036d1   Thumb Code    28  bsp_ap3216c.o(i.ap3216c_read_ir_data)
    ap3216c_read_ps_data                     0x080036ed   Thumb Code    66  bsp_ap3216c.o(i.ap3216c_read_ps_data)
    ap3216c_set_param                        0x0800372f   Thumb Code   324  bsp_ap3216c.o(i.ap3216c_set_param)
    bsp_CheckTimer                           0x08003875   Thumb Code    48  bsp_timer.o(i.bsp_CheckTimer)
    bsp_ConfigGpioOut                        0x080038a9   Thumb Code    46  bsp_tim_pwm.o(i.bsp_ConfigGpioOut)
    bsp_ConfigTimGpio                        0x080038d9   Thumb Code   128  bsp_tim_pwm.o(i.bsp_ConfigTimGpio)
    bsp_DelayUS                              0x0800396d   Thumb Code    76  bsp_timer.o(i.bsp_DelayUS)
    bsp_GetAFofTIM                           0x08003a81   Thumb Code    66  bsp_tim_pwm.o(i.bsp_GetAFofTIM)
    bsp_GetKey                               0x08003ae9   Thumb Code    46  bsp_key.o(i.bsp_GetKey)
    bsp_GetRCCofGPIO                         0x08003b1d   Thumb Code    78  bsp_tim_pwm.o(i.bsp_GetRCCofGPIO)
    bsp_GetRCCofTIM                          0x08003b89   Thumb Code    84  bsp_tim_pwm.o(i.bsp_GetRCCofTIM)
    bsp_GetRunTime                           0x08003bf9   Thumb Code     6  bsp_timer.o(i.bsp_GetRunTime)
    bsp_Init                                 0x08003c05   Thumb Code    40  bsp.o(i.bsp_Init)
    bsp_InitBeepHard                         0x08003c2d   Thumb Code    50  bsp_beep.o(i.bsp_InitBeepHard)
    bsp_InitHardTimer                        0x08003c69   Thumb Code    96  bsp_timer.o(i.bsp_InitHardTimer)
    bsp_InitKey                              0x08003cd1   Thumb Code    12  bsp_key.o(i.bsp_InitKey)
    bsp_InitLed                              0x08003d85   Thumb Code    66  bsp_led.o(i.bsp_InitLed)
    bsp_InitTimer                            0x08003dcd   Thumb Code   146  bsp_timer.o(i.bsp_InitTimer)
    bsp_InitUart                             0x08003e71   Thumb Code    20  bsp_uart_fifo.o(i.bsp_InitUart)
    bsp_KeyScan                              0x08003e85   Thumb Code    22  bsp_key.o(i.bsp_KeyScan)
    bsp_PutKey                               0x08003e9d   Thumb Code    28  bsp_key.o(i.bsp_PutKey)
    bsp_RunPer10ms                           0x08003ebd   Thumb Code    28  bsp.o(i.bsp_RunPer10ms)
    bsp_RunPer1ms                            0x08003ed9   Thumb Code    12  bsp.o(i.bsp_RunPer1ms)
    bsp_SetTIMOutPWM                         0x08003ee5   Thumb Code   424  bsp_tim_pwm.o(i.bsp_SetTIMOutPWM)
    bsp_StartHardTimer                       0x080040c1   Thumb Code   188  bsp_timer.o(i.bsp_StartHardTimer)
    bsp_StartTimer                           0x0800418d   Thumb Code    70  bsp_timer.o(i.bsp_StartTimer)
    bsp_ap3216c_Init                         0x08004211   Thumb Code    24  bsp_ap3216c.o(i.bsp_ap3216c_Init)
    bsp_irdaInit                             0x08004271   Thumb Code    16  bsp_irda.o(i.bsp_irdaInit)
    comGetChar                               0x080042b5   Thumb Code    30  bsp_uart_fifo.o(i.comGetChar)
    comSendBuf                               0x080042d3   Thumb Code    46  bsp_uart_fifo.o(i.comSendBuf)
    comSendChar                              0x08004301   Thumb Code    16  bsp_uart_fifo.o(i.comSendChar)
    fputc                                    0x08004311   Thumb Code    18  bsp_uart_fifo.o(i.fputc)
    main                                     0x08004323   Thumb Code     8  main.o(i.main)
    my_printf                                0x0800432d   Thumb Code    10  bsp_uart_fifo.o(i.my_printf)
    c_stLedHdlCfgArray                       0x08004528   Data          40  bsp_led.o(.constdata)
    c_stBeepHdlCfgArray                      0x08004550   Data          40  bsp_beep.o(.constdata)
    Region$$Table$$Base                      0x08004578   Number         0  anon$$obj.o(Region$$Table)
    Region$$Table$$Limit                     0x08004598   Number         0  anon$$obj.o(Region$$Table)
    g_iRunTime                               0x20000008   Data           4  bsp_timer.o(.data)
    g_stKeyTable                             0x20000020   Data          30  bsp_key.o(.data)
    g_usCurIndex                             0x2000003e   Data           2  bsp_key.o(.data)
    g_usLastIndex                            0x20000040   Data           2  bsp_key.o(.data)
    PwmLedTable                              0x20000050   Data          24  bsp_soft_pwmled.o(.data)
    frame_cnt                                0x20000070   Data           1  bsp_irda.o(.data)
    frame_flag                               0x20000071   Data           1  bsp_irda.o(.data)
    isr_cnt                                  0x20000072   Data           1  bsp_irda.o(.data)
    frame_data                               0x20000074   Data           4  bsp_irda.o(.data)
    SystemCoreClock                          0x20000090   Data           4  system_stm32f10x.o(.data)
    __stdout                                 0x200000a4   Data           4  stdout.o(.data)
    g_tBeep                                  0x2000092e   Data          14  bsp_beep.o(.bss)
    ADC_ConvertedValue                       0x20000954   Data          12  bsp_adc.o(.bss)
    s_AdcCh1_Buff                            0x20000960   Data          22  bsp_adc.o(.bss)
    s_AdcCh1_Handle                          0x20000978   Data          16  bsp_adc.o(.bss)
    s_AdcCh2_Buff                            0x20000988   Data          22  bsp_adc.o(.bss)
    s_AdcCh2_Handle                          0x200009a0   Data          16  bsp_adc.o(.bss)
    s_AdcCh3_Buff                            0x200009b0   Data          22  bsp_adc.o(.bss)
    s_AdcCh3_Handle                          0x200009c8   Data          16  bsp_adc.o(.bss)
    s_AdcCh4_Buff                            0x200009d8   Data          22  bsp_adc.o(.bss)
    s_AdcCh4_Handle                          0x200009f0   Data          16  bsp_adc.o(.bss)
    s_AdcCh5_Buff                            0x20000a00   Data          22  bsp_adc.o(.bss)
    s_AdcCh5_Handle                          0x20000a18   Data          16  bsp_adc.o(.bss)
    s_AdcCh6_Buff                            0x20000a28   Data          22  bsp_adc.o(.bss)
    s_AdcCh6_Handle                          0x20000a40   Data          16  bsp_adc.o(.bss)
    __initial_sp                             0x20000e50   Data           0  startup_stm32f10x_hd.o(STACK)



==============================================================================

Memory Map of the image

  Image Entry point : 0x08000131

  Load Region LR_IROM1 (Base: 0x08000000, Size: 0x00004640, Max: 0x00080000, ABSOLUTE)

    Execution Region ER_IROM1 (Exec base: 0x08000000, Load base: 0x08000000, Size: 0x00004598, Max: 0x00080000, ABSOLUTE)

    Exec Addr    Load Addr    Size         Type   Attr      Idx    E Section Name        Object

    0x08000000   0x08000000   0x00000130   Data   RO         4358    RESET               startup_stm32f10x_hd.o
    0x08000130   0x08000130   0x00000000   Code   RO         4661  * .ARM.Collect$$$$00000000  mc_w.l(entry.o)
    0x08000130   0x08000130   0x00000004   Code   RO         5017    .ARM.Collect$$$$00000001  mc_w.l(entry2.o)
    0x08000134   0x08000134   0x00000004   Code   RO         5020    .ARM.Collect$$$$00000004  mc_w.l(entry5.o)
    0x08000138   0x08000138   0x00000000   Code   RO         5022    .ARM.Collect$$$$00000008  mc_w.l(entry7b.o)
    0x08000138   0x08000138   0x00000000   Code   RO         5024    .ARM.Collect$$$$0000000A  mc_w.l(entry8b.o)
    0x08000138   0x08000138   0x00000008   Code   RO         5025    .ARM.Collect$$$$0000000B  mc_w.l(entry9a.o)
    0x08000140   0x08000140   0x00000004   Code   RO         5032    .ARM.Collect$$$$0000000E  mc_w.l(entry12b.o)
    0x08000144   0x08000144   0x00000000   Code   RO         5027    .ARM.Collect$$$$0000000F  mc_w.l(entry10a.o)
    0x08000144   0x08000144   0x00000000   Code   RO         5029    .ARM.Collect$$$$00000011  mc_w.l(entry11a.o)
    0x08000144   0x08000144   0x00000004   Code   RO         5018    .ARM.Collect$$$$00002712  mc_w.l(entry2.o)
    0x08000148   0x08000148   0x00000024   Code   RO         4359    .text               startup_stm32f10x_hd.o
    0x0800016c   0x0800016c   0x00000024   Code   RO         4694    .text               mc_w.l(memseta.o)
    0x08000190   0x08000190   0x0000014e   Code   RO         4963    .text               mf_w.l(dadd.o)
    0x080002de   0x080002de   0x000000e4   Code   RO         4965    .text               mf_w.l(dmul.o)
    0x080003c2   0x080003c2   0x000000de   Code   RO         4967    .text               mf_w.l(ddiv.o)
    0x080004a0   0x080004a0   0x00000022   Code   RO         4969    .text               mf_w.l(dflti.o)
    0x080004c2   0x080004c2   0x0000001a   Code   RO         4971    .text               mf_w.l(dfltui.o)
    0x080004dc   0x080004dc   0x00000032   Code   RO         4973    .text               mf_w.l(dfixui.o)
    0x0800050e   0x0800050e   0x00000026   Code   RO         4975    .text               mf_w.l(f2d.o)
    0x08000534   0x08000534   0x00000038   Code   RO         4977    .text               mf_w.l(d2f.o)
    0x0800056c   0x0800056c   0x0000002c   Code   RO         5034    .text               mc_w.l(uidiv.o)
    0x08000598   0x08000598   0x00000062   Code   RO         5036    .text               mc_w.l(uldiv.o)
    0x080005fa   0x080005fa   0x0000001e   Code   RO         5038    .text               mc_w.l(llshl.o)
    0x08000618   0x08000618   0x00000020   Code   RO         5040    .text               mc_w.l(llushr.o)
    0x08000638   0x08000638   0x00000024   Code   RO         5042    .text               mc_w.l(llsshr.o)
    0x0800065c   0x0800065c   0x00000000   Code   RO         5051    .text               mc_w.l(iusefp.o)
    0x0800065c   0x0800065c   0x0000006e   Code   RO         5052    .text               mf_w.l(fepilogue.o)
    0x080006ca   0x080006ca   0x000000ba   Code   RO         5054    .text               mf_w.l(depilogue.o)
    0x08000784   0x08000784   0x00000030   Code   RO         5058    .text               mf_w.l(dfixul.o)
    0x080007b4   0x080007b4   0x00000030   Code   RO         5060    .text               mf_w.l(cdrcmple.o)
    0x080007e4   0x080007e4   0x00000024   Code   RO         5064    .text               mc_w.l(init.o)
    0x08000808   0x08000808   0x000000a4   Code   RO         1115    i.ADC_20msMainfunction  bsp_adc.o
    0x080008ac   0x080008ac   0x000000ee   Code   RO         1116    i.ADC_GetFifo       bsp_adc.o
    0x0800099a   0x0800099a   0x00000036   Code   RO         1117    i.ADC_GetFifoSize   bsp_adc.o
    0x080009d0   0x080009d0   0x0000004c   Code   RO         1118    i.ADC_GetHandle     bsp_adc.o
    0x08000a1c   0x08000a1c   0x00000032   Code   RO         1120    i.ADC_SetFifo       bsp_adc.o
    0x08000a4e   0x08000a4e   0x0000000e   Code   RO          944    i.BEEP_KeyTone      bsp_beep.o
    0x08000a5c   0x08000a5c   0x00000034   Code   RO          948    i.BEEP_Start        bsp_beep.o
    0x08000a90   0x08000a90   0x00000050   Code   RO          950    i.Beep_10msMainFunction  bsp_beep.o
    0x08000ae0   0x08000ae0   0x00000002   Code   RO          951    i.Beep_Detect_Work  bsp_beep.o
    0x08000ae2   0x08000ae2   0x00000002   PAD
    0x08000ae4   0x08000ae4   0x00000024   Code   RO          952    i.Beep_Doing_Work   bsp_beep.o
    0x08000b08   0x08000b08   0x00000002   Code   RO          953    i.Beep_End_Work     bsp_beep.o
    0x08000b0a   0x08000b0a   0x00000002   PAD
    0x08000b0c   0x08000b0c   0x00000050   Code   RO          954    i.Beep_SetStatus    bsp_beep.o
    0x08000b5c   0x08000b5c   0x0000000e   Code   RO          955    i.Beep_Start_Work   bsp_beep.o
    0x08000b6a   0x08000b6a   0x00000002   Code   RO          956    i.Beep_Warning_Work  bsp_beep.o
    0x08000b6c   0x08000b6c   0x00000004   Code   RO          167    i.BusFault_Handler  stm32f10x_it.o
    0x08000b70   0x08000b70   0x00000038   Code   RO          380    i.ComToUart         bsp_uart_fifo.o
    0x08000ba8   0x08000ba8   0x0000001c   Code   RO          381    i.ConfigUartNVIC    bsp_uart_fifo.o
    0x08000bc4   0x08000bc4   0x00000002   Code   RO          168    i.DebugMon_Handler  stm32f10x_it.o
    0x08000bc6   0x08000bc6   0x00000016   Code   RO          169    i.EXTI9_5_IRQHandler  stm32f10x_it.o
    0x08000bdc   0x08000bdc   0x0000000c   Code   RO         2134    i.EXTI_ClearITPendingBit  stm32f10x_exti.o
    0x08000be8   0x08000be8   0x00000028   Code   RO         2138    i.EXTI_GetITStatus  stm32f10x_exti.o
    0x08000c10   0x08000c10   0x00000094   Code   RO         2139    i.EXTI_Init         stm32f10x_exti.o
    0x08000ca4   0x08000ca4   0x00000040   Code   RO         2484    i.GPIO_EXTILineConfig  stm32f10x_gpio.o
    0x08000ce4   0x08000ce4   0x00000116   Code   RO         2487    i.GPIO_Init         stm32f10x_gpio.o
    0x08000dfa   0x08000dfa   0x00000002   PAD
    0x08000dfc   0x08000dfc   0x00000090   Code   RO         2489    i.GPIO_PinRemapConfig  stm32f10x_gpio.o
    0x08000e8c   0x08000e8c   0x00000012   Code   RO         2491    i.GPIO_ReadInputDataBit  stm32f10x_gpio.o
    0x08000e9e   0x08000e9e   0x00000004   Code   RO         2494    i.GPIO_ResetBits    stm32f10x_gpio.o
    0x08000ea2   0x08000ea2   0x00000004   Code   RO         2495    i.GPIO_SetBits      stm32f10x_gpio.o
    0x08000ea6   0x08000ea6   0x0000000a   Code   RO         2498    i.GPIO_WriteBit     stm32f10x_gpio.o
    0x08000eb0   0x08000eb0   0x0000002c   Code   RO         1038    i.Get_Pulse_Time    bsp_irda.o
    0x08000edc   0x08000edc   0x00000004   Code   RO          170    i.HardFault_Handler  stm32f10x_it.o
    0x08000ee0   0x08000ee0   0x00000018   Code   RO         2596    i.I2C_AcknowledgeConfig  stm32f10x_i2c.o
    0x08000ef8   0x08000ef8   0x0000002a   Code   RO         2598    i.I2C_CheckEvent    stm32f10x_i2c.o
    0x08000f22   0x08000f22   0x00000018   Code   RO         2601    i.I2C_Cmd           stm32f10x_i2c.o
    0x08000f3a   0x08000f3a   0x00000002   PAD
    0x08000f3c   0x08000f3c   0x0000004c   Code   RO         1291    i.I2C_GPIO_Config   bsp_i2c.o
    0x08000f88   0x08000f88   0x00000018   Code   RO         2608    i.I2C_GenerateSTART  stm32f10x_i2c.o
    0x08000fa0   0x08000fa0   0x00000018   Code   RO         2609    i.I2C_GenerateSTOP  stm32f10x_i2c.o
    0x08000fb8   0x08000fb8   0x0000003a   Code   RO         2610    i.I2C_GetFlagStatus  stm32f10x_i2c.o
    0x08000ff2   0x08000ff2   0x00000002   PAD
    0x08000ff4   0x08000ff4   0x000000ec   Code   RO         2615    i.I2C_Init          stm32f10x_i2c.o
    0x080010e0   0x080010e0   0x0000000c   Code   RO         1292    i.I2C_Init_Config   bsp_i2c.o
    0x080010ec   0x080010ec   0x000001b4   Code   RO         1293    i.I2C_Mem_Read      bsp_i2c.o
    0x080012a0   0x080012a0   0x00000134   Code   RO         1294    i.I2C_Mem_Write     bsp_i2c.o
    0x080013d4   0x080013d4   0x00000044   Code   RO         1295    i.I2C_Mode_Configu  bsp_i2c.o
    0x08001418   0x08001418   0x00000008   Code   RO         2620    i.I2C_ReceiveData   stm32f10x_i2c.o
    0x08001420   0x08001420   0x00000012   Code   RO         2622    i.I2C_Send7bitAddress  stm32f10x_i2c.o
    0x08001432   0x08001432   0x00000004   Code   RO         2623    i.I2C_SendData      stm32f10x_i2c.o
    0x08001436   0x08001436   0x00000002   PAD
    0x08001438   0x08001438   0x0000002c   Code   RO         1296    i.I2C_TIMEOUT_UserCallback  bsp_i2c.o
    0x08001464   0x08001464   0x00000094   Code   RO          382    i.InitHardUart      bsp_uart_fifo.o
    0x080014f8   0x080014f8   0x00000290   Code   RO         1039    i.Irda_10msMainfunction  bsp_irda.o
    0x08001788   0x08001788   0x00000050   Code   RO         1040    i.Irda_GetFifo      bsp_irda.o
    0x080017d8   0x080017d8   0x00000034   Code   RO         1041    i.Irda_GetFifoSize  bsp_irda.o
    0x0800180c   0x0800180c   0x0000002c   Code   RO         1042    i.Irda_IsDataVailed  bsp_irda.o
    0x08001838   0x08001838   0x0000010c   Code   RO         1043    i.Irda_Process      bsp_irda.o
    0x08001944   0x08001944   0x00000044   Code   RO         1044    i.Irda_SetFifo      bsp_irda.o
    0x08001988   0x08001988   0x00000018   Code   RO          630    i.IsKeyDown1        bsp_key.o
    0x080019a0   0x080019a0   0x0000001c   Code   RO          632    i.IsKeyDown2        bsp_key.o
    0x080019bc   0x080019bc   0x00000110   Code   RO          639    i.Key_5msMainFunction  bsp_key.o
    0x08001acc   0x08001acc   0x0000003c   Code   RO          761    i.LED_Detect_Work   bsp_led.o
    0x08001b08   0x08001b08   0x00000002   Code   RO          762    i.LED_Doing_Work    bsp_led.o
    0x08001b0a   0x08001b0a   0x00000002   Code   RO          763    i.LED_End_Work      bsp_led.o
    0x08001b0c   0x08001b0c   0x00000050   Code   RO          765    i.LED_SetStatus     bsp_led.o
    0x08001b5c   0x08001b5c   0x0000000c   Code   RO          766    i.LED_Start_Work    bsp_led.o
    0x08001b68   0x08001b68   0x00000002   Code   RO          767    i.LED_Warning_Work  bsp_led.o
    0x08001b6a   0x08001b6a   0x000000a6   Code   RO         4378    i.LIB_FifoFillter   std_lib.o
    0x08001c10   0x08001c10   0x00000054   Code   RO          768    i.Led_5msMainFunction  bsp_led.o
    0x08001c64   0x08001c64   0x00000004   Code   RO          171    i.MemManage_Handler  stm32f10x_it.o
    0x08001c68   0x08001c68   0x00000002   Code   RO          172    i.NMI_Handler       stm32f10x_it.o
    0x08001c6a   0x08001c6a   0x0000001c   Code   RO         1045    i.NVIC_Configuration  bsp_irda.o
    0x08001c86   0x08001c86   0x00000002   PAD
    0x08001c88   0x08001c88   0x00000070   Code   RO         1336    i.NVIC_Init         misc.o
    0x08001cf8   0x08001cf8   0x00000014   Code   RO         1337    i.NVIC_PriorityGroupConfig  misc.o
    0x08001d0c   0x08001d0c   0x00000002   Code   RO          173    i.PendSV_Handler    stm32f10x_it.o
    0x08001d0e   0x08001d0e   0x00000002   PAD
    0x08001d10   0x08001d10   0x00000090   Code   RO          824    i.PwmLed_1msMainfunction  bsp_soft_pwmled.o
    0x08001da0   0x08001da0   0x0000000c   Code   RO          825    i.PwmLed_OFF        bsp_soft_pwmled.o
    0x08001dac   0x08001dac   0x0000000c   Code   RO          826    i.PwmLed_ON         bsp_soft_pwmled.o
    0x08001db8   0x08001db8   0x00000020   Code   RO         2903    i.RCC_APB1PeriphClockCmd  stm32f10x_rcc.o
    0x08001dd8   0x08001dd8   0x00000020   Code   RO         2905    i.RCC_APB2PeriphClockCmd  stm32f10x_rcc.o
    0x08001df8   0x08001df8   0x000000d4   Code   RO         2913    i.RCC_GetClocksFreq  stm32f10x_rcc.o
    0x08001ecc   0x08001ecc   0x00000002   Code   RO          383    i.RS485_InitTXE     bsp_uart_fifo.o
    0x08001ece   0x08001ece   0x00000002   Code   RO          174    i.SVC_Handler       stm32f10x_it.o
    0x08001ed0   0x08001ed0   0x00000008   Code   RO         4303    i.SetSysClock       system_stm32f10x.o
    0x08001ed8   0x08001ed8   0x000000e0   Code   RO         4304    i.SetSysClockTo72   system_stm32f10x.o
    0x08001fb8   0x08001fb8   0x00000008   Code   RO          271    i.SysTick_Handler   bsp_timer.o
    0x08001fc0   0x08001fc0   0x00000084   Code   RO          272    i.SysTick_ISR       bsp_timer.o
    0x08002044   0x08002044   0x000000a4   Code   RO         4305    i.SystemCoreClockUpdate  system_stm32f10x.o
    0x080020e8   0x080020e8   0x00000060   Code   RO         4306    i.SystemInit        system_stm32f10x.o
    0x08002148   0x08002148   0x0000009c   Code   RO          273    i.TIM2_IRQHandler   bsp_timer.o
    0x080021e4   0x080021e4   0x00000018   Code   RO         3525    i.TIM_ARRPreloadConfig  stm32f10x_tim.o
    0x080021fc   0x080021fc   0x00000006   Code   RO         3532    i.TIM_ClearITPendingBit  stm32f10x_tim.o
    0x08002202   0x08002202   0x00000018   Code   RO         3537    i.TIM_Cmd           stm32f10x_tim.o
    0x0800221a   0x0800221a   0x0000001e   Code   RO         3539    i.TIM_CtrlPWMOutputs  stm32f10x_tim.o
    0x08002238   0x08002238   0x00000006   Code   RO         3556    i.TIM_GetCounter    stm32f10x_tim.o
    0x0800223e   0x0800223e   0x00000022   Code   RO         3558    i.TIM_GetITStatus   stm32f10x_tim.o
    0x08002260   0x08002260   0x00000012   Code   RO         3562    i.TIM_ITConfig      stm32f10x_tim.o
    0x08002272   0x08002272   0x00000002   PAD
    0x08002274   0x08002274   0x00000098   Code   RO         3566    i.TIM_OC1Init       stm32f10x_tim.o
    0x0800230c   0x0800230c   0x00000012   Code   RO         3569    i.TIM_OC1PreloadConfig  stm32f10x_tim.o
    0x0800231e   0x0800231e   0x00000002   PAD
    0x08002320   0x08002320   0x000000a4   Code   RO         3571    i.TIM_OC2Init       stm32f10x_tim.o
    0x080023c4   0x080023c4   0x0000001a   Code   RO         3574    i.TIM_OC2PreloadConfig  stm32f10x_tim.o
    0x080023de   0x080023de   0x00000002   PAD
    0x080023e0   0x080023e0   0x000000a0   Code   RO         3576    i.TIM_OC3Init       stm32f10x_tim.o
    0x08002480   0x08002480   0x00000012   Code   RO         3579    i.TIM_OC3PreloadConfig  stm32f10x_tim.o
    0x08002492   0x08002492   0x00000002   PAD
    0x08002494   0x08002494   0x0000007c   Code   RO         3581    i.TIM_OC4Init       stm32f10x_tim.o
    0x08002510   0x08002510   0x0000001a   Code   RO         3583    i.TIM_OC4PreloadConfig  stm32f10x_tim.o
    0x0800252a   0x0800252a   0x00000004   Code   RO         3598    i.TIM_SetCompare1   stm32f10x_tim.o
    0x0800252e   0x0800252e   0x00000004   Code   RO         3599    i.TIM_SetCompare2   stm32f10x_tim.o
    0x08002532   0x08002532   0x00000004   Code   RO         3600    i.TIM_SetCompare3   stm32f10x_tim.o
    0x08002536   0x08002536   0x00000006   Code   RO         3601    i.TIM_SetCompare4   stm32f10x_tim.o
    0x0800253c   0x0800253c   0x000000a4   Code   RO         3608    i.TIM_TimeBaseInit  stm32f10x_tim.o
    0x080025e0   0x080025e0   0x00000184   Code   RO          390    i.UART_5msMainFunction  bsp_uart_fifo.o
    0x08002764   0x08002764   0x00000010   Code   RO          391    i.USART1_IRQHandler  bsp_uart_fifo.o
    0x08002774   0x08002774   0x00000012   Code   RO         4069    i.USART_ClearFlag   stm32f10x_usart.o
    0x08002786   0x08002786   0x00000018   Code   RO         4073    i.USART_Cmd         stm32f10x_usart.o
    0x0800279e   0x0800279e   0x00000054   Code   RO         4077    i.USART_GetITStatus  stm32f10x_usart.o
    0x080027f2   0x080027f2   0x0000004a   Code   RO         4079    i.USART_ITConfig    stm32f10x_usart.o
    0x0800283c   0x0800283c   0x000000d8   Code   RO         4080    i.USART_Init        stm32f10x_usart.o
    0x08002914   0x08002914   0x0000000a   Code   RO         4087    i.USART_ReceiveData  stm32f10x_usart.o
    0x0800291e   0x0800291e   0x00000008   Code   RO         4090    i.USART_SendData    stm32f10x_usart.o
    0x08002926   0x08002926   0x00000030   Code   RO          393    i.UartGetChar       bsp_uart_fifo.o
    0x08002956   0x08002956   0x000000e6   Code   RO          394    i.UartIRQ           bsp_uart_fifo.o
    0x08002a3c   0x08002a3c   0x0000005a   Code   RO          395    i.UartSend          bsp_uart_fifo.o
    0x08002a96   0x08002a96   0x00000002   PAD
    0x08002a98   0x08002a98   0x0000003c   Code   RO          396    i.UartVarInit       bsp_uart_fifo.o
    0x08002ad4   0x08002ad4   0x00000004   Code   RO          175    i.UsageFault_Handler  stm32f10x_it.o
    0x08002ad8   0x08002ad8   0x00000020   Code   RO         4935    i.__0printf         mc_w.l(printfa.o)
    0x08002af8   0x08002af8   0x0000000e   Code   RO         5074    i.__scatterload_copy  mc_w.l(handlers.o)
    0x08002b06   0x08002b06   0x00000002   Code   RO         5075    i.__scatterload_null  mc_w.l(handlers.o)
    0x08002b08   0x08002b08   0x0000000e   Code   RO         5076    i.__scatterload_zeroinit  mc_w.l(handlers.o)
    0x08002b16   0x08002b16   0x00000002   PAD
    0x08002b18   0x08002b18   0x00000184   Code   RO         4942    i._fp_digits        mc_w.l(printfa.o)
    0x08002c9c   0x08002c9c   0x000006b4   Code   RO         4943    i._printf_core      mc_w.l(printfa.o)
    0x08003350   0x08003350   0x00000024   Code   RO         4944    i._printf_post_padding  mc_w.l(printfa.o)
    0x08003374   0x08003374   0x0000002e   Code   RO         4945    i._printf_pre_padding  mc_w.l(printfa.o)
    0x080033a2   0x080033a2   0x00000002   PAD
    0x080033a4   0x080033a4   0x0000012c   Code   RO         1193    i.ap3216c_10msMainFunction  bsp_ap3216c.o
    0x080034d0   0x080034d0   0x00000012   Code   RO         1194    i.ap3216c_get_IntStatus  bsp_ap3216c.o
    0x080034e2   0x080034e2   0x000000f8   Code   RO         1195    i.ap3216c_get_param  bsp_ap3216c.o
    0x080035da   0x080035da   0x0000003a   Code   RO         1196    i.ap3216c_int_init  bsp_ap3216c.o
    0x08003614   0x08003614   0x000000bc   Code   RO         1197    i.ap3216c_read_ambient_light  bsp_ap3216c.o
    0x080036d0   0x080036d0   0x0000001c   Code   RO         1198    i.ap3216c_read_ir_data  bsp_ap3216c.o
    0x080036ec   0x080036ec   0x00000042   Code   RO         1199    i.ap3216c_read_ps_data  bsp_ap3216c.o
    0x0800372e   0x0800372e   0x00000144   Code   RO         1200    i.ap3216c_set_param  bsp_ap3216c.o
    0x08003872   0x08003872   0x00000002   PAD
    0x08003874   0x08003874   0x00000034   Code   RO          275    i.bsp_CheckTimer    bsp_timer.o
    0x080038a8   0x080038a8   0x0000002e   Code   RO          566    i.bsp_ConfigGpioOut  bsp_tim_pwm.o
    0x080038d6   0x080038d6   0x00000002   PAD
    0x080038d8   0x080038d8   0x00000094   Code   RO          567    i.bsp_ConfigTimGpio  bsp_tim_pwm.o
    0x0800396c   0x0800396c   0x00000054   Code   RO          277    i.bsp_DelayUS       bsp_timer.o
    0x080039c0   0x080039c0   0x000000c0   Code   RO          641    i.bsp_DetectKey     bsp_key.o
    0x08003a80   0x08003a80   0x00000068   Code   RO          568    i.bsp_GetAFofTIM    bsp_tim_pwm.o
    0x08003ae8   0x08003ae8   0x00000034   Code   RO          642    i.bsp_GetKey        bsp_key.o
    0x08003b1c   0x08003b1c   0x0000006c   Code   RO          570    i.bsp_GetRCCofGPIO  bsp_tim_pwm.o
    0x08003b88   0x08003b88   0x00000070   Code   RO          571    i.bsp_GetRCCofTIM   bsp_tim_pwm.o
    0x08003bf8   0x08003bf8   0x0000000c   Code   RO          278    i.bsp_GetRunTime    bsp_timer.o
    0x08003c04   0x08003c04   0x00000028   Code   RO          235    i.bsp_Init          bsp.o
    0x08003c2c   0x08003c2c   0x0000003c   Code   RO          957    i.bsp_InitBeepHard  bsp_beep.o
    0x08003c68   0x08003c68   0x00000068   Code   RO          279    i.bsp_InitHardTimer  bsp_timer.o
    0x08003cd0   0x08003cd0   0x0000000c   Code   RO          645    i.bsp_InitKey       bsp_key.o
    0x08003cdc   0x08003cdc   0x00000048   Code   RO          646    i.bsp_InitKeyHard   bsp_key.o
    0x08003d24   0x08003d24   0x00000060   Code   RO          647    i.bsp_InitKeyVar    bsp_key.o
    0x08003d84   0x08003d84   0x00000048   Code   RO          769    i.bsp_InitLed       bsp_led.o
    0x08003dcc   0x08003dcc   0x000000a4   Code   RO          280    i.bsp_InitTimer     bsp_timer.o
    0x08003e70   0x08003e70   0x00000014   Code   RO          399    i.bsp_InitUart      bsp_uart_fifo.o
    0x08003e84   0x08003e84   0x00000016   Code   RO          648    i.bsp_KeyScan       bsp_key.o
    0x08003e9a   0x08003e9a   0x00000002   PAD
    0x08003e9c   0x08003e9c   0x00000020   Code   RO          649    i.bsp_PutKey        bsp_key.o
    0x08003ebc   0x08003ebc   0x0000001c   Code   RO          236    i.bsp_RunPer10ms    bsp.o
    0x08003ed8   0x08003ed8   0x0000000c   Code   RO          237    i.bsp_RunPer1ms     bsp.o
    0x08003ee4   0x08003ee4   0x000001c0   Code   RO          572    i.bsp_SetTIMOutPWM  bsp_tim_pwm.o
    0x080040a4   0x080040a4   0x0000001c   Code   RO          281    i.bsp_SoftTimerDec  bsp_timer.o
    0x080040c0   0x080040c0   0x000000cc   Code   RO          283    i.bsp_StartHardTimer  bsp_timer.o
    0x0800418c   0x0800418c   0x00000084   Code   RO          284    i.bsp_StartTimer    bsp_timer.o
    0x08004210   0x08004210   0x00000018   Code   RO         1201    i.bsp_ap3216c_Init  bsp_ap3216c.o
    0x08004228   0x08004228   0x00000048   Code   RO         1046    i.bsp_irdaHardInit  bsp_irda.o
    0x08004270   0x08004270   0x00000010   Code   RO         1047    i.bsp_irdaInit      bsp_irda.o
    0x08004280   0x08004280   0x00000034   Code   RO         1048    i.bsp_irdaVarInit   bsp_irda.o
    0x080042b4   0x080042b4   0x0000001e   Code   RO          402    i.comGetChar        bsp_uart_fifo.o
    0x080042d2   0x080042d2   0x0000002e   Code   RO          403    i.comSendBuf        bsp_uart_fifo.o
    0x08004300   0x08004300   0x00000010   Code   RO          404    i.comSendChar       bsp_uart_fifo.o
    0x08004310   0x08004310   0x00000012   Code   RO          407    i.fputc             bsp_uart_fifo.o
    0x08004322   0x08004322   0x00000008   Code   RO            1    i.main              main.o
    0x0800432a   0x0800432a   0x00000002   PAD
    0x0800432c   0x0800432c   0x00000024   Code   RO          408    i.my_printf         bsp_uart_fifo.o
    0x08004350   0x08004350   0x00000032   Code   RO         1202    i.read_low_and_high  bsp_ap3216c.o
    0x08004382   0x08004382   0x00000016   Code   RO         1203    i.read_regs         bsp_ap3216c.o
    0x08004398   0x08004398   0x0000000c   Code   RO         1204    i.reset_sensor      bsp_ap3216c.o
    0x080043a4   0x080043a4   0x000000dc   Code   RO         1205    i.set_als_threshold  bsp_ap3216c.o
    0x08004480   0x08004480   0x00000064   Code   RO         1206    i.set_ps_threshold  bsp_ap3216c.o
    0x080044e4   0x080044e4   0x00000012   Code   RO         1207    i.write_reg         bsp_ap3216c.o
    0x080044f6   0x080044f6   0x00000030   Data   RO          287    .constdata          bsp_timer.o
    0x08004526   0x08004526   0x00000002   PAD
    0x08004528   0x08004528   0x00000028   Data   RO          770    .constdata          bsp_led.o
    0x08004550   0x08004550   0x00000028   Data   RO          959    .constdata          bsp_beep.o
    0x08004578   0x08004578   0x00000020   Data   RO         5072    Region$$Table       anon$$obj.o


    Execution Region RW_IRAM1 (Exec base: 0x20000000, Load base: 0x08004598, Size: 0x00000e50, Max: 0x00010000, ABSOLUTE)

    Exec Addr    Load Addr    Size         Type   Attr      Idx    E Section Name        Object

    0x20000000   0x08004598   0x0000001d   Data   RW          288    .data               bsp_timer.o
    0x2000001d   0x080045b5   0x00000001   PAD
    0x2000001e   0x080045b6   0x00000002   Data   RW          410    .data               bsp_uart_fifo.o
    0x20000020   0x080045b8   0x00000028   Data   RW          652    .data               bsp_key.o
    0x20000048   0x080045e0   0x00000008   Data   RW          771    .data               bsp_led.o
    0x20000050   0x080045e8   0x00000018   Data   RW          828    .data               bsp_soft_pwmled.o
    0x20000068   0x08004600   0x00000006   Data   RW          960    .data               bsp_beep.o
    0x2000006e   0x08004606   0x00000002   PAD
    0x20000070   0x08004608   0x00000008   Data   RW         1050    .data               bsp_irda.o
    0x20000078   0x08004610   0x00000004   Data   RW         1297    .data               bsp_i2c.o
    0x2000007c   0x08004614   0x00000014   Data   RW         2933    .data               stm32f10x_rcc.o
    0x20000090   0x08004628   0x00000014   Data   RW         4307    .data               system_stm32f10x.o
    0x200000a4   0x0800463c   0x00000004   Data   RW         5033    .data               mc_w.l(stdout.o)
    0x200000a8        -       0x00000030   Zero   RW          286    .bss                bsp_timer.o
    0x200000d8        -       0x00000828   Zero   RW          409    .bss                bsp_uart_fifo.o
    0x20000900        -       0x0000002d   Zero   RW          651    .bss                bsp_key.o
    0x2000092d   0x08004640   0x00000001   PAD
    0x2000092e        -       0x0000000e   Zero   RW          958    .bss                bsp_beep.o
    0x2000093c        -       0x00000016   Zero   RW         1049    .bss                bsp_irda.o
    0x20000952   0x08004640   0x00000002   PAD
    0x20000954        -       0x000000fc   Zero   RW         1126    .bss                bsp_adc.o
    0x20000a50        -       0x00000400   Zero   RW         4356    STACK               startup_stm32f10x_hd.o


==============================================================================

Image component sizes


      Code (inc. data)   RO Data    RW Data    ZI Data      Debug   Object Name

        80          0          0          0          0       1384   bsp.o
       582         50          0          0        252       5054   bsp_adc.o
      1676        260          0          0          0      10409   bsp_ap3216c.o
       342         44         40          6         14       5862   bsp_beep.o
       944         76          0          4          0       4481   bsp_i2c.o
      1380        344          0          8         22       7310   bsp_irda.o
       802         98          0         40         45       8378   bsp_key.o
       314         40         40          8          0       4909   bsp_led.o
       168         14          0         24          0     261139   bsp_soft_pwmled.o
       966        140          0          0          0       4965   bsp_tim_pwm.o
      1076        160         48         29         48      23857   bsp_timer.o
      1232        158          0          2       2088      12698   bsp_uart_fifo.o
         8          0          0          0          0     263819   main.o
       132         22          0          0          0       1719   misc.o
        36          8        304          0       1024        832   startup_stm32f10x_hd.o
       166          0          0          0          0       4902   std_lib.o
       200         18          0          0          0       2308   stm32f10x_exti.o
       522         10          0          0          0       5944   stm32f10x_gpio.o
       462         14          0          0          0       8000   stm32f10x_i2c.o
        46          0          0          0          0       4013   stm32f10x_it.o
       276         32          0         20          0       4634   stm32f10x_rcc.o
      1012         92          0          0          0      13007   stm32f10x_tim.o
       434          6          0          0          0       6345   stm32f10x_usart.o
       492         50          0         20          0       2843   system_stm32f10x.o

    ----------------------------------------------------------------------
     13382       1636        466        164       3496     668812   Object Totals
         0          0         32          0          0          0   (incl. Generated)
        34          0          2          3          3          0   (incl. Padding)

    ----------------------------------------------------------------------

      Code (inc. data)   RO Data    RW Data    ZI Data      Debug   Library Member Name

         0          0          0          0          0          0   entry.o
         0          0          0          0          0          0   entry10a.o
         0          0          0          0          0          0   entry11a.o
         4          0          0          0          0          0   entry12b.o
         8          4          0          0          0          0   entry2.o
         4          0          0          0          0          0   entry5.o
         0          0          0          0          0          0   entry7b.o
         0          0          0          0          0          0   entry8b.o
         8          4          0          0          0          0   entry9a.o
        30          0          0          0          0          0   handlers.o
        36          8          0          0          0         68   init.o
         0          0          0          0          0          0   iusefp.o
        30          0          0          0          0         68   llshl.o
        36          0          0          0          0         68   llsshr.o
        32          0          0          0          0         68   llushr.o
        36          0          0          0          0        108   memseta.o
      2218         90          0          0          0        464   printfa.o
         0          0          0          4          0          0   stdout.o
        44          0          0          0          0         80   uidiv.o
        98          0          0          0          0         92   uldiv.o
        48          0          0          0          0         68   cdrcmple.o
        56          0          0          0          0         88   d2f.o
       334          0          0          0          0        148   dadd.o
       222          0          0          0          0        100   ddiv.o
       186          0          0          0          0        176   depilogue.o
        50          0          0          0          0         76   dfixui.o
        48          0          0          0          0         68   dfixul.o
        34          0          0          0          0         76   dflti.o
        26          0          0          0          0         76   dfltui.o
       228          0          0          0          0         96   dmul.o
        38          0          0          0          0         68   f2d.o
       110          0          0          0          0        168   fepilogue.o

    ----------------------------------------------------------------------
      3968        106          0          4          0       2224   Library Totals
         4          0          0          0          0          0   (incl. Padding)

    ----------------------------------------------------------------------

      Code (inc. data)   RO Data    RW Data    ZI Data      Debug   Library Name

      2584        106          0          4          0       1016   mc_w.l
      1380          0          0          0          0       1208   mf_w.l

    ----------------------------------------------------------------------
      3968        106          0          4          0       2224   Library Totals

    ----------------------------------------------------------------------

==============================================================================


      Code (inc. data)   RO Data    RW Data    ZI Data      Debug   

     17350       1742        466        168       3496     661360   Grand Totals
     17350       1742        466        168       3496     661360   ELF Image Totals
     17350       1742        466        168          0          0   ROM Totals

==============================================================================

    Total RO  Size (Code + RO Data)                17816 (  17.40kB)
    Total RW  Size (RW Data + ZI Data)              3664 (   3.58kB)
    Total ROM Size (Code + RO Data + RW Data)      17984 (  17.56kB)

==============================================================================

