Component: ARM Compiler 5.06 update 7 (build 960) Tool: armlink [4d3601]

==============================================================================

Section Cross References

    main.o(i.main) refers to bsp.o(i.bsp_Init) for bsp_Init
    main.o(i.main) refers to bsp.o(i.bsp_Idle) for bsp_Idle
    stm32f10x_it.o(i.EXTI9_5_IRQHandler) refers to stm32f10x_exti.o(i.EXTI_GetITStatus) for EXTI_GetITStatus
    stm32f10x_it.o(i.EXTI9_5_IRQHandler) refers to bsp_irda.o(i.Irda_Process) for Irda_Process
    stm32f10x_it.o(i.EXTI9_5_IRQHandler) refers to stm32f10x_exti.o(i.EXTI_ClearITPendingBit) for EXTI_ClearITPendingBit
    bsp.o(i.bsp_Init) refers to misc.o(i.NVIC_PriorityGroupConfig) for NVIC_PriorityGroupConfig
    bsp.o(i.bsp_Init) refers to bsp_led.o(i.bsp_InitLed) for bsp_InitLed
    bsp.o(i.bsp_Init) refers to bsp_key.o(i.bsp_InitKey) for bsp_InitKey
    bsp.o(i.bsp_Init) refers to vs1053.o(i.initmemory) for initmemory
    bsp.o(i.bsp_Init) refers to bsp_uart_fifo.o(i.bsp_InitUart) for bsp_InitUart
    bsp.o(i.bsp_Init) refers to bsp_irda.o(i.bsp_irdaInit) for bsp_irdaInit
    bsp.o(i.bsp_Init) refers to bsp_adc.o(i.bsp_InitAdc) for bsp_InitAdc
    bsp.o(i.bsp_Init) refers to bsp_timer.o(i.bsp_InitTimer) for bsp_InitTimer
    bsp.o(i.bsp_Init) refers to bsp_beep.o(i.bsp_InitBeepHard) for bsp_InitBeepHard
    bsp.o(i.bsp_Init) refers to vs1053.o(i.VS_Init) for VS_Init
    bsp.o(i.bsp_Init) refers to vs1053.o(i.VS_Ram_Test) for VS_Ram_Test
    bsp.o(i.bsp_Init) refers to printfa.o(i.__0printf) for __2printf
    bsp.o(i.bsp_Init) refers to vs1053.o(i.VS_Sine_Test) for VS_Sine_Test
    bsp.o(i.bsp_Init) refers to vs1053.o(i.VS_HD_Reset) for VS_HD_Reset
    bsp.o(i.bsp_Init) refers to vs1053.o(i.VS_Soft_Reset) for VS_Soft_Reset
    bsp.o(i.bsp_Init) refers to ff.o(i.f_mount) for f_mount
    bsp.o(i.bsp_Init) refers to bsp_uart_fifo.o(i.PrintfLogo) for PrintfLogo
    bsp.o(i.bsp_Init) refers to bsp.o(.bss) for fs
    bsp.o(i.bsp_Init) refers to bsp.o(.data) for res
    bsp.o(i.bsp_RunPer10ms) refers to bsp_uart_fifo.o(i.UART_5msMainFunction) for UART_5msMainFunction
    bsp.o(i.bsp_RunPer10ms) refers to bsp_led.o(i.Led_5msMainFunction) for Led_5msMainFunction
    bsp.o(i.bsp_RunPer10ms) refers to bsp_beep.o(i.Beep_10msMainFunction) for Beep_10msMainFunction
    bsp.o(i.bsp_RunPer10ms) refers to bsp_irda.o(i.Irda_10msMainfunction) for Irda_10msMainfunction
    bsp.o(i.bsp_RunPer10ms) refers to bsp_adc.o(i.ADC_20msMainfunction) for ADC_20msMainfunction
    bsp.o(i.bsp_RunPer1ms) refers to bsp_key.o(i.Key_5msMainFunction) for Key_5msMainFunction
    bsp.o(i.bsp_RunPer1ms) refers to bsp_soft_pwmled.o(i.PwmLed_1msMainfunction) for PwmLed_1msMainfunction
    bsp.o(i.bsp_RunPer1ms) refers to vs1053.o(i.Music_5msMainFun) for Music_5msMainFun
    bsp_timer.o(i.SysTick_Handler) refers to bsp_timer.o(i.SysTick_ISR) for SysTick_ISR
    bsp_timer.o(i.SysTick_ISR) refers to bsp_timer.o(i.bsp_SoftTimerDec) for bsp_SoftTimerDec
    bsp_timer.o(i.SysTick_ISR) refers to bsp.o(i.bsp_RunPer1ms) for bsp_RunPer1ms
    bsp_timer.o(i.SysTick_ISR) refers to bsp.o(i.bsp_RunPer10ms) for bsp_RunPer10ms
    bsp_timer.o(i.SysTick_ISR) refers to bsp_timer.o(.data) for s_uiDelayCount
    bsp_timer.o(i.SysTick_ISR) refers to bsp_timer.o(.bss) for s_tTmr
    bsp_timer.o(i.TIM2_IRQHandler) refers to stm32f10x_tim.o(i.TIM_GetITStatus) for TIM_GetITStatus
    bsp_timer.o(i.TIM2_IRQHandler) refers to stm32f10x_tim.o(i.TIM_ClearITPendingBit) for TIM_ClearITPendingBit
    bsp_timer.o(i.TIM2_IRQHandler) refers to stm32f10x_tim.o(i.TIM_ITConfig) for TIM_ITConfig
    bsp_timer.o(i.TIM2_IRQHandler) refers to bsp_timer.o(.data) for s_TIM_CallBack1
    bsp_timer.o(i.bsp_CheckRunTime) refers to bsp_timer.o(.data) for g_iRunTime
    bsp_timer.o(i.bsp_CheckTimer) refers to bsp_timer.o(.bss) for s_tTmr
    bsp_timer.o(i.bsp_DelayMS) refers to bsp.o(i.bsp_Idle) for bsp_Idle
    bsp_timer.o(i.bsp_DelayMS) refers to bsp_timer.o(.data) for s_uiDelayCount
    bsp_timer.o(i.bsp_DelayUS) refers to system_stm32f10x.o(.data) for SystemCoreClock
    bsp_timer.o(i.bsp_GetRunTime) refers to bsp_timer.o(.data) for g_iRunTime
    bsp_timer.o(i.bsp_InitHardTimer) refers to stm32f10x_rcc.o(i.RCC_APB1PeriphClockCmd) for RCC_APB1PeriphClockCmd
    bsp_timer.o(i.bsp_InitHardTimer) refers to stm32f10x_tim.o(i.TIM_TimeBaseInit) for TIM_TimeBaseInit
    bsp_timer.o(i.bsp_InitHardTimer) refers to stm32f10x_tim.o(i.TIM_Cmd) for TIM_Cmd
    bsp_timer.o(i.bsp_InitHardTimer) refers to misc.o(i.NVIC_Init) for NVIC_Init
    bsp_timer.o(i.bsp_InitHardTimer) refers to system_stm32f10x.o(.data) for SystemCoreClock
    bsp_timer.o(i.bsp_InitTimer) refers to system_stm32f10x.o(i.SystemCoreClockUpdate) for SystemCoreClockUpdate
    bsp_timer.o(i.bsp_InitTimer) refers to bsp_timer.o(i.bsp_InitHardTimer) for bsp_InitHardTimer
    bsp_timer.o(i.bsp_InitTimer) refers to bsp_timer.o(.bss) for s_tTmr
    bsp_timer.o(i.bsp_InitTimer) refers to system_stm32f10x.o(.data) for SystemCoreClock
[...]
    i.put_fat                                0x08006820   Section        0  ff.o(i.put_fat)
    i.remove_chain                           0x080069a8   Section        0  ff.o(i.remove_chain)
    remove_chain                             0x080069a9   Thumb Code   108  ff.o(i.remove_chain)
    i.st_clust                               0x08006a14   Section        0  ff.o(i.st_clust)
    st_clust                                 0x08006a15   Thumb Code    16  ff.o(i.st_clust)
    i.sum_sfn                                0x08006a24   Section        0  ff.o(i.sum_sfn)
    sum_sfn                                  0x08006a25   Thumb Code    32  ff.o(i.sum_sfn)
    i.sync_fs                                0x08006a44   Section        0  ff.o(i.sync_fs)
    sync_fs                                  0x08006a45   Thumb Code   200  ff.o(i.sync_fs)
    i.sync_window                            0x08006b0c   Section        0  ff.o(i.sync_window)
    sync_window                              0x08006b0d   Thumb Code    82  ff.o(i.sync_window)
    i.validate                               0x08006b5e   Section        0  ff.o(i.validate)
    validate                                 0x08006b5f   Thumb Code    54  ff.o(i.validate)
    i.vs1053_player_song                     0x08006b94   Section        0  vs1053.o(i.vs1053_player_song)
    .constdata                               0x08006ce0   Section       48  bsp_timer.o(.constdata)
    __FUNCTION__                             0x08006ce0   Data          15  bsp_timer.o(.constdata)
    __FUNCTION__                             0x08006cef   Data          19  bsp_timer.o(.constdata)
    __FUNCTION__                             0x08006d02   Data          14  bsp_timer.o(.constdata)
    .constdata                               0x08006d10   Section       40  bsp_led.o(.constdata)
    .constdata                               0x08006d38   Section       68  bsp_beep.o(.constdata)
    .constdata                               0x08006d7c   Section    10964  vs1053.o(.constdata)
    .constdata                               0x08009850   Section       58  ff.o(.constdata)
    LfnOfs                                   0x08009850   Data          13  ff.o(.constdata)
    vst                                      0x0800985e   Data          22  ff.o(.constdata)
    cst                                      0x08009874   Data          22  ff.o(.constdata)
    .constdata                               0x0800988a   Section    175304  cc936.o(.constdata)
    uni2oem                                  0x0800988a   Data       87172  cc936.o(.constdata)
    oem2uni                                  0x0801ed0e   Data       87172  cc936.o(.constdata)
    tbl_lower                                0x08034192   Data         480  cc936.o(.constdata)
    tbl_upper                                0x08034372   Data         480  cc936.o(.constdata)
    .conststring                             0x08034554   Section       79  vs1053.o(.conststring)
    .data                                    0x20000000   Section        4  bsp.o(.data)
    .data                                    0x20000004   Section       29  bsp_timer.o(.data)
    s_uiDelayCount                           0x20000004   Data           4  bsp_timer.o(.data)
    s_ucTimeOutFlag                          0x20000008   Data           1  bsp_timer.o(.data)
    s_TIM_CallBack1                          0x20000010   Data           4  bsp_timer.o(.data)
    s_TIM_CallBack2                          0x20000014   Data           4  bsp_timer.o(.data)
    s_TIM_CallBack3                          0x20000018   Data           4  bsp_timer.o(.data)
    s_TIM_CallBack4                          0x2000001c   Data           4  bsp_timer.o(.data)
    s_count                                  0x20000020   Data           1  bsp_timer.o(.data)
    .data                                    0x20000024   Section       42  bsp_uart_fifo.o(.data)
    duty                                     0x2000004c   Data           2  bsp_uart_fifo.o(.data)
    .data                                    0x20000050   Section       40  bsp_key.o(.data)
    duty                                     0x20000074   Data           4  bsp_key.o(.data)
    .data                                    0x20000078   Section        8  bsp_led.o(.data)
    s_ucLedData                              0x20000078   Data           5  bsp_led.o(.data)
    ucCount                                  0x2000007e   Data           2  bsp_led.o(.data)
    .data                                    0x20000080   Section       24  bsp_soft_pwmled.o(.data)
    .data                                    0x20000098   Section       56  bsp_beep.o(.data)
    s_ucBeepData                             0x20000098   Data           6  bsp_beep.o(.data)
    .data                                    0x200000d0   Section        8  bsp_irda.o(.data)
    .data                                    0x200000d8   Section        8  bsp_ap3216c.o(.data)
    .data                                    0x200000e0   Section       20  stm32f10x_rcc.o(.data)
    APBAHBPrescTable                         0x200000e0   Data          16  stm32f10x_rcc.o(.data)
    ADCPrescTable                            0x200000f0   Data           4  stm32f10x_rcc.o(.data)
    .data                                    0x200000f4   Section       20  system_stm32f10x.o(.data)
    AHBPrescTable                            0x200000f8   Data          16  system_stm32f10x.o(.data)
    .data                                    0x20000108   Section       36  vs1053.o(.data)
    s_ucMusicData                            0x20000114   Data           8  vs1053.o(.data)
    .data                                    0x2000012c   Section        5  bsp_spi_flash.o(.data)
    SPITimeout                               0x2000012c   Data           4  bsp_spi_flash.o(.data)
    TM_FATFS_FLASH_SPI_Stat                  0x20000130   Data           1  bsp_spi_flash.o(.data)
    .data                                    0x20000134   Section       10  ff.o(.data)
    FatFs                                    0x20000134   Data           8  ff.o(.data)
    Fsid                                     0x2000013c   Data           2  ff.o(.data)
    .data                                    0x20000140   Section        4  stdout.o(.data)
    .bss                                     0x20000144   Section     4144  bsp.o(.bss)
    .bss                                     0x20001174   Section       48  bsp_timer.o(.bss)
    s_tTmr                                   0x20001174   Data          48  bsp_timer.o(.bss)
    .bss                                     0x200011a4   Section     2088  bsp_uart_fifo.o(.bss)
    g_tUart1                                 0x200011a4   Data          40  bsp_uart_fifo.o(.bss)
    g_TxBuf1                                 0x200011cc   Data        1024  bsp_uart_fifo.o(.bss)
    g_RxBuf1                                 0x200015cc   Data        1024  bsp_uart_fifo.o(.bss)
    .bss                                     0x200019cc   Section       45  bsp_key.o(.bss)
    s_tBtn                                   0x200019cc   Data          32  bsp_key.o(.bss)
    s_tKey                                   0x200019ec   Data          13  bsp_key.o(.bss)
    .bss                                     0x200019fc   Section       36  bsp_led.o(.bss)
    Red_Breathing                            0x200019fc   Data          12  bsp_led.o(.bss)
    Green_Breathing                          0x20001a08   Data          12  bsp_led.o(.bss)
    Blue_Breathing                           0x20001a14   Data          12  bsp_led.o(.bss)
    .bss                                     0x20001a20   Section       14  bsp_beep.o(.bss)
    .bss                                     0x20001a30   Section       22  bsp_irda.o(.bss)
    s_Irda                                   0x20001a30   Data          12  bsp_irda.o(.bss)
    ucRecvBuff                               0x20001a3c   Data          10  bsp_irda.o(.bss)
    .bss                                     0x20001a48   Section      252  bsp_adc.o(.bss)
    .bss                                     0x20001b44   Section     8260  vs1053.o(.bss)
    buffer                                   0x20002b68   Data        4096  vs1053.o(.bss)
    STACK                                    0x20003b88   Section     1024  startup_stm32f10x_hd.o(STACK)

    Global Symbols

    Symbol Name                              Value     Ov Type        Size  Object(Section)

    BuildAttributes$$THM_ISAv4$P$D$K$B$S$PE$A:L22UL41UL21$X:L11$S22US41US21$IEEE1$IW$USESV6$~STKCKD$USESV7$~SHL$OTIME$ROPI$IEEEX$EBA8$MICROLIB$REQ8$PRES8$EABIv2 0x00000000   Number         0  anon$$obj.o ABSOLUTE
    __ARM_use_no_argv                        0x00000000   Number         0  main.o ABSOLUTE
    _printf_a                                0x00000000   Number         0  stubs.o ABSOLUTE
    _printf_c                                0x00000000   Number         0  stubs.o ABSOLUTE
    _printf_charcount                        0x00000000   Number         0  stubs.o ABSOLUTE
    _printf_d                                0x00000000   Number         0  stubs.o ABSOLUTE
    _printf_e                                0x00000000   Number         0  stubs.o ABSOLUTE
    _printf_f                                0x00000000   Number         0  stubs.o ABSOLUTE
    _printf_flags                            0x00000000   Number         0  stubs.o ABSOLUTE
    _printf_fp_dec                           0x00000000   Number         0  stubs.o ABSOLUTE
    _printf_fp_hex                           0x00000000   Number         0  stubs.o ABSOLUTE
    _printf_g                                0x00000000   Number         0  stubs.o ABSOLUTE
    _printf_i                                0x00000000   Number         0  stubs.o ABSOLUTE
    _printf_int_dec                          0x00000000   Number         0  stubs.o ABSOLUTE
    _printf_l                                0x00000000   Number         0  stubs.o ABSOLUTE
    _printf_lc                               0x00000000   Number         0  stubs.o ABSOLUTE
    _printf_ll                               0x00000000   Number         0  stubs.o ABSOLUTE
    _printf_lld                              0x00000000   Number         0  stubs.o ABSOLUTE
    _printf_lli                              0x00000000   Number         0  stubs.o ABSOLUTE
    _printf_llo                              0x00000000   Number         0  stubs.o ABSOLUTE
    _printf_llu                              0x00000000   Number         0  stubs.o ABSOLUTE
    _printf_llx                              0x00000000   Number         0  stubs.o ABSOLUTE
    _printf_longlong_dec                     0x00000000   Number         0  stubs.o ABSOLUTE
    _printf_longlong_hex                     0x00000000   Number         0  stubs.o ABSOLUTE
    _printf_longlong_oct                     0x00000000   Number         0  stubs.o ABSOLUTE
    _printf_ls                               0x00000000   Number         0  stubs.o ABSOLUTE
    _printf_mbtowc                           0x00000000   Number         0  stubs.o ABSOLUTE
    _printf_n                                0x00000000   Number         0  stubs.o ABSOLUTE
    _printf_o                                0x00000000   Number         0  stubs.o ABSOLUTE
    _printf_p                                0x00000000   Number         0  stubs.o ABSOLUTE
    _printf_percent                          0x00000000   Number         0  stubs.o ABSOLUTE
    _printf_pre_padding                      0x00000000   Number         0  stubs.o ABSOLUTE
    _printf_return_value                     0x00000000   Number         0  stubs.o ABSOLUTE
    _printf_s                                0x00000000   Number         0  stubs.o ABSOLUTE
    _printf_sizespec                         0x00000000   Number         0  stubs.o ABSOLUTE
    _printf_str                              0x00000000   Number         0  stubs.o ABSOLUTE
    _printf_truncate_signed                  0x00000000   Number         0  stubs.o ABSOLUTE
    _printf_truncate_unsigned                0x00000000   Number         0  stubs.o ABSOLUTE
    _printf_u                                0x00000000   Number         0  stubs.o ABSOLUTE
    _printf_wc                               0x00000000   Number         0  stubs.o ABSOLUTE
    _printf_wctomb                           0x00000000   Number         0  stubs.o ABSOLUTE
    _printf_widthprec                        0x00000000   Number         0  stubs.o ABSOLUTE
    _printf_x                                0x00000000   Number         0  stubs.o ABSOLUTE
    __arm_fini_                               - Undefined Weak Reference
    __cpp_initialize__aeabi_                  - Undefined Weak Reference
    __cxa_finalize                            - Undefined Weak Reference
    _clock_init                               - Undefined Weak Reference
    _microlib_exit                            - Undefined Weak Reference
    __Vectors_Size                           0x00000130   Number         0  startup_stm32f10x_hd.o ABSOLUTE
    __Vectors                                0x08000000   Data           4  startup_stm32f10x_hd.o(RESET)
    __Vectors_End                            0x08000130   Data           0  startup_stm32f10x_hd.o(RESET)
    __main                                   0x08000131   Thumb Code     0  entry.o(.ARM.Collect$$$$00000000)
    _main_stk                                0x08000131   Thumb Code     0  entry2.o(.ARM.Collect$$$$00000001)
    _main_scatterload                        0x08000135   Thumb Code     0  entry5.o(.ARM.Collect$$$$00000004)
    __main_after_scatterload                 0x08000139   Thumb Code     0  entry5.o(.ARM.Collect$$$$00000004)
    _main_clock                              0x08000139   Thumb Code     0  entry7b.o(.ARM.Collect$$$$00000008)
    _main_cpp_init                           0x08000139   Thumb Code     0  entry8b.o(.ARM.Collect$$$$0000000A)
    _main_init                               0x08000139   Thumb Code     0  entry9a.o(.ARM.Collect$$$$0000000B)
    __rt_lib_shutdown_fini                   0x08000141   Thumb Code     0  entry12b.o(.ARM.Collect$$$$0000000E)
    __rt_final_cpp                           0x08000145   Thumb Code     0  entry10a.o(.ARM.Collect$$$$0000000F)
    __rt_final_exit                          0x08000145   Thumb Code     0  entry11a.o(.ARM.Collect$$$$00000011)
    Reset_Handler                            0x08000149   Thumb Code     8  startup_stm32f10x_hd.o(.text)
    ADC1_2_IRQHandler                        0x08000163   Thumb Code     0  startup_stm32f10x_hd.o(.text)
    ADC3_IRQHandler                          0x08000163   Thumb Code     0  startup_stm32f10x_hd.o(.text)
    CAN1_RX1_IRQHandler                      0x08000163   Thumb Code     0  startup_stm32f10x_hd.o(.text)
    CAN1_SCE_IRQHandler                      0x08000163   Thumb Code     0  startup_stm32f10x_hd.o(.text)
    DMA1_Channel1_IRQHandler                 0x08000163   Thumb Code     0  startup_stm32f10x_hd.o(.text)
    DMA1_Channel2_IRQHandler                 0x08000163   Thumb Code     0  startup_stm32f10x_hd.o(.text)
    DMA1_Channel3_IRQHandler                 0x08000163   Thumb Code     0  startup_stm32f10x_hd.o(.text)
    DMA1_Channel4_IRQHandler                 0x08000163   Thumb Code     0  startup_stm32f10x_hd.o(.text)
    DMA1_Channel5_IRQHandler                 0x08000163   Thumb Code     0  startup_stm32f10x_hd.o(.text)
    DMA1_Channel6_IRQHandler                 0x08000163   Thumb Code     0  startup_stm32f10x_hd.o(.text)
    DMA1_Channel7_IRQHandler                 0x08000163   Thumb Code     0  startup_stm32f10x_hd.o(.text)
    DMA2_Channel1_IRQHandler                 0x08000163   Thumb Code     0  startup_stm32f10x_hd.o(.text)
    DMA2_Channel2_IRQHandler                 0x08000163   Thumb Code     0  startup_stm32f10x_hd.o(.text)
    DMA2_Channel3_IRQHandler                 0x08000163   Thumb Code     0  startup_stm32f10x_hd.o(.text)
    DMA2_Channel4_5_IRQHandler               0x08000163   Thumb Code     0  startup_stm32f10x_hd.o(.text)
    EXTI0_IRQHandler                         0x08000163   Thumb Code     0  startup_stm32f10x_hd.o(.text)
    EXTI15_10_IRQHandler                     0x08000163   Thumb Code     0  startup_stm32f10x_hd.o(.text)
    EXTI1_IRQHandler                         0x08000163   Thumb Code     0  startup_stm32f10x_hd.o(.text)
    EXTI2_IRQHandler                         0x08000163   Thumb Code     0  startup_stm32f10x_hd.o(.text)
    EXTI3_IRQHandler                         0x08000163   Thumb Code     0  startup_stm32f10x_hd.o(.text)
    EXTI4_IRQHandler                         0x08000163   Thumb Code     0  startup_stm32f10x_hd.o(.text)
    FLASH_IRQHandler                         0x08000163   Thumb Code     0  startup_stm32f10x_hd.o(.text)
    FSMC_IRQHandler                          0x08000163   Thumb Code     0  startup_stm32f10x_hd.o(.text)
    I2C1_ER_IRQHandler                       0x08000163   Thumb Code     0  startup_stm32f10x_hd.o(.text)
    I2C1_EV_IRQHandler                       0x08000163   Thumb Code     0  startup_stm32f10x_hd.o(.text)
    I2C2_ER_IRQHandler                       0x08000163   Thumb Code     0  startup_stm32f10x_hd.o(.text)
    I2C2_EV_IRQHandler                       0x08000163   Thumb Code     0  startup_stm32f10x_hd.o(.text)
    PVD_IRQHandler                           0x08000163   Thumb Code     0  startup_stm32f10x_hd.o(.text)
    RCC_IRQHandler                           0x08000163   Thumb Code     0  startup_stm32f10x_hd.o(.text)
    RTCAlarm_IRQHandler                      0x08000163   Thumb Code     0  startup_stm32f10x_hd.o(.text)
    RTC_IRQHandler                           0x08000163   Thumb Code     0  startup_stm32f10x_hd.o(.text)
    SDIO_IRQHandler                          0x08000163   Thumb Code     0  startup_stm32f10x_hd.o(.text)
    SPI1_IRQHandler                          0x08000163   Thumb Code     0  startup_stm32f10x_hd.o(.text)
    SPI2_IRQHandler                          0x08000163   Thumb Code     0  startup_stm32f10x_hd.o(.text)
    SPI3_IRQHandler                          0x08000163   Thumb Code     0  startup_stm32f10x_hd.o(.text)
    TAMPER_IRQHandler                        0x08000163   Thumb Code     0  startup_stm32f10x_hd.o(.text)
    TIM1_BRK_IRQHandler                      0x08000163   Thumb Code     0  startup_stm32f10x_hd.o(.text)
    TIM1_CC_IRQHandler                       0x08000163   Thumb Code     0  startup_stm32f10x_hd.o(.text)
    TIM1_TRG_COM_IRQHandler                  0x08000163   Thumb Code     0  startup_stm32f10x_hd.o(.text)
    TIM1_UP_IRQHandler                       0x08000163   Thumb Code     0  startup_stm32f10x_hd.o(.text)
    TIM3_IRQHandler                          0x08000163   Thumb Code     0  startup_stm32f10x_hd.o(.text)
    TIM4_IRQHandler                          0x08000163   Thumb Code     0  startup_stm32f10x_hd.o(.text)
    TIM5_IRQHandler                          0x08000163   Thumb Code     0  startup_stm32f10x_hd.o(.text)
    TIM6_IRQHandler                          0x08000163   Thumb Code     0  startup_stm32f10x_hd.o(.text)
    TIM7_IRQHandler                          0x08000163   Thumb Code     0  startup_stm32f10x_hd.o(.text)
    TIM8_BRK_IRQHandler                      0x08000163   Thumb Code     0  startup_stm32f10x_hd.o(.text)
    TIM8_CC_IRQHandler                       0x08000163   Thumb Code     0  startup_stm32f10x_hd.o(.text)
    TIM8_TRG_COM_IRQHandler                  0x08000163   Thumb Code     0  startup_stm32f10x_hd.o(.text)
    TIM8_UP_IRQHandler                       0x08000163   Thumb Code     0  startup_stm32f10x_hd.o(.text)
    UART4_IRQHandler                         0x08000163   Thumb Code     0  startup_stm32f10x_hd.o(.text)
    UART5_IRQHandler                         0x08000163   Thumb Code     0  startup_stm32f10x_hd.o(.text)
    USART2_IRQHandler                        0x08000163   Thumb Code     0  startup_stm32f10x_hd.o(.text)
    USART3_IRQHandler                        0x08000163   Thumb Code     0  startup_stm32f10x_hd.o(.text)
    USBWakeUp_IRQHandler                     0x08000163   Thumb Code     0  startup_stm32f10x_hd.o(.text)
    USB_HP_CAN1_TX_IRQHandler                0x08000163   Thumb Code     0  startup_stm32f10x_hd.o(.text)
    USB_LP_CAN1_RX0_IRQHandler               0x08000163   Thumb Code     0  startup_stm32f10x_hd.o(.text)
    WWDG_IRQHandler                          0x08000163   Thumb Code     0  startup_stm32f10x_hd.o(.text)
    __aeabi_memset                           0x0800016d   Thumb Code    14  memseta.o(.text)
    __aeabi_memset4                          0x0800016d   Thumb Code     0  memseta.o(.text)
    __aeabi_memset8                          0x0800016d   Thumb Code     0  memseta.o(.text)
    __aeabi_memclr                           0x0800017b   Thumb Code     4  memseta.o(.text)
    __aeabi_memclr4                          0x0800017b   Thumb Code     0  memseta.o(.text)
    __aeabi_memclr8                          0x0800017b   Thumb Code     0  memseta.o(.text)
    _memset$wrapper                          0x0800017f   Thumb Code    18  memseta.o(.text)
    strstr                                   0x08000191   Thumb Code    36  strstr.o(.text)
    __aeabi_fdiv                             0x080001b5   Thumb Code   124  fdiv.o(.text)
    __aeabi_dadd                             0x08000231   Thumb Code   322  dadd.o(.text)
    __aeabi_dsub                             0x08000373   Thumb Code     6  dadd.o(.text)
    __aeabi_drsub                            0x08000379   Thumb Code     6  dadd.o(.text)
    __aeabi_dmul                             0x0800037f   Thumb Code   228  dmul.o(.text)
    __aeabi_ddiv                             0x08000463   Thumb Code   222  ddiv.o(.text)
    __aeabi_ui2f                             0x08000541   Thumb Code    10  ffltui.o(.text)
    __aeabi_f2uiz                            0x0800054b   Thumb Code    40  ffixui.o(.text)
    __aeabi_f2d                              0x08000573   Thumb Code    38  f2d.o(.text)
    __aeabi_d2f                              0x08000599   Thumb Code    56  d2f.o(.text)
    __aeabi_uidiv                            0x080005d1   Thumb Code     0  uidiv.o(.text)
    __aeabi_uidivmod                         0x080005d1   Thumb Code    44  uidiv.o(.text)
    __aeabi_uldivmod                         0x080005fd   Thumb Code    98  uldiv.o(.text)
    __aeabi_llsl                             0x0800065f   Thumb Code    30  llshl.o(.text)
    _ll_shift_l                              0x0800065f   Thumb Code     0  llshl.o(.text)
    __aeabi_llsr                             0x0800067d   Thumb Code    32  llushr.o(.text)
    _ll_ushift_r                             0x0800067d   Thumb Code     0  llushr.o(.text)
    __aeabi_lasr                             0x0800069d   Thumb Code    36  llsshr.o(.text)
    _ll_sshift_r                             0x0800069d   Thumb Code     0  llsshr.o(.text)
    __I$use$fp                               0x080006c1   Thumb Code     0  iusefp.o(.text)
    _float_round                             0x080006c1   Thumb Code    18  fepilogue.o(.text)
    _float_epilogue                          0x080006d3   Thumb Code    92  fepilogue.o(.text)
    _double_round                            0x0800072f   Thumb Code    30  depilogue.o(.text)
    _double_epilogue                         0x0800074d   Thumb Code   156  depilogue.o(.text)
    __aeabi_d2ulz                            0x080007e9   Thumb Code    48  dfixul.o(.text)
    __aeabi_cdrcmple                         0x08000819   Thumb Code    48  cdrcmple.o(.text)
    __scatterload                            0x08000849   Thumb Code    28  init.o(.text)
    __scatterload_rt2                        0x08000849   Thumb Code     0  init.o(.text)
    __decompress                             0x0800086d   Thumb Code     0  __dczerorl2.o(.text)
    __decompress1                            0x0800086d   Thumb Code    86  __dczerorl2.o(.text)
    ADC_20msMainfunction                     0x080008c5   Thumb Code   124  bsp_adc.o(i.ADC_20msMainfunction)
    ADC_Cmd                                  0x08000949   Thumb Code    22  stm32f10x_adc.o(i.ADC_Cmd)
    ADC_DMACmd                               0x0800095f   Thumb Code    22  stm32f10x_adc.o(i.ADC_DMACmd)
    ADC_GetCalibrationStatus                 0x08000975   Thumb Code    20  stm32f10x_adc.o(i.ADC_GetCalibrationStatus)
    ADC_GetFifo                              0x08000989   Thumb Code   238  bsp_adc.o(i.ADC_GetFifo)
    ADC_GetFifoSize                          0x08000a77   Thumb Code    54  bsp_adc.o(i.ADC_GetFifoSize)
    ADC_GetHandle                            0x08000aad   Thumb Code    52  bsp_adc.o(i.ADC_GetHandle)
    ADC_GetResetCalibrationStatus            0x08000af9   Thumb Code    20  stm32f10x_adc.o(i.ADC_GetResetCalibrationStatus)
    ADC_Init                                 0x08000b0d   Thumb Code    70  stm32f10x_adc.o(i.ADC_Init)
    ADC_RegularChannelConfig                 0x08000b5d   Thumb Code   184  stm32f10x_adc.o(i.ADC_RegularChannelConfig)
    ADC_ResetCalibration                     0x08000c15   Thumb Code    10  stm32f10x_adc.o(i.ADC_ResetCalibration)
    ADC_SetFifo                              0x08000c1f   Thumb Code    50  bsp_adc.o(i.ADC_SetFifo)
    ADC_SoftwareStartConvCmd                 0x08000c51   Thumb Code    22  stm32f10x_adc.o(i.ADC_SoftwareStartConvCmd)
    ADC_StartCalibration                     0x08000c67   Thumb Code    10  stm32f10x_adc.o(i.ADC_StartCalibration)
    ADCx_Init                                0x08000c95   Thumb Code    12  bsp_adc.o(i.ADCx_Init)
    Ap3216c_Light_intensity                  0x08000dd5   Thumb Code    14  bsp_ap3216c.o(i.Ap3216c_Light_intensity)
    BEEP_KeyTone                             0x08000de9   Thumb Code    14  bsp_beep.o(i.BEEP_KeyTone)
    BEEP_Start                               0x08000df9   Thumb Code    44  bsp_beep.o(i.BEEP_Start)
    Beep_10msMainFunction                    0x08000e2d   Thumb Code    54  bsp_beep.o(i.Beep_10msMainFunction)
    Beep_SetStatus                           0x08000e99   Thumb Code    72  bsp_beep.o(i.Beep_SetStatus)
    Bsp_InitAdcFifo                          0x08000fbf   Thumb Code    30  bsp_adc.o(i.Bsp_InitAdcFifo)
    BusFault_Handler                         0x08000fdd   Thumb Code     4  stm32f10x_it.o(i.BusFault_Handler)
    ComToUart                                0x08000fe1   Thumb Code    44  bsp_uart_fifo.o(i.ComToUart)
    DMA_Cmd                                  0x0800102d   Thumb Code    24  stm32f10x_dma.o(i.DMA_Cmd)
    DMA_DeInit                               0x08001045   Thumb Code   324  stm32f10x_dma.o(i.DMA_DeInit)
    DMA_Init                                 0x08001191   Thumb Code    60  stm32f10x_dma.o(i.DMA_Init)
    DebugMon_Handler                         0x080011cd   Thumb Code     2  stm32f10x_it.o(i.DebugMon_Handler)
    EXTI9_5_IRQHandler                       0x080011cf   Thumb Code    22  stm32f10x_it.o(i.EXTI9_5_IRQHandler)
    EXTI_ClearITPendingBit                   0x080011e5   Thumb Code     6  stm32f10x_exti.o(i.EXTI_ClearITPendingBit)
    EXTI_GetITStatus                         0x080011f1   Thumb Code    34  stm32f10x_exti.o(i.EXTI_GetITStatus)
    EXTI_Init                                0x08001219   Thumb Code   142  stm32f10x_exti.o(i.EXTI_Init)
    GPIO_EXTILineConfig                      0x080012ad   Thumb Code    60  stm32f10x_gpio.o(i.GPIO_EXTILineConfig)
    GPIO_Init                                0x080012ed   Thumb Code   278  stm32f10x_gpio.o(i.GPIO_Init)
    GPIO_PinRemapConfig                      0x08001405   Thumb Code   138  stm32f10x_gpio.o(i.GPIO_PinRemapConfig)
    GPIO_ReadInputDataBit                    0x08001495   Thumb Code    18  stm32f10x_gpio.o(i.GPIO_ReadInputDataBit)
    GPIO_ResetBits                           0x080014a7   Thumb Code     4  stm32f10x_gpio.o(i.GPIO_ResetBits)
    GPIO_SetBits                             0x080014ab   Thumb Code     4  stm32f10x_gpio.o(i.GPIO_SetBits)
    GPIO_WriteBit                            0x080014af   Thumb Code    10  stm32f10x_gpio.o(i.GPIO_WriteBit)
    GetVolate                                0x080014b9   Thumb Code    20  bsp_adc.o(i.GetVolate)
    Get_Pulse_Time                           0x080014cd   Thumb Code    40  bsp_irda.o(i.Get_Pulse_Time)
    HardFault_Handler                        0x080014f9   Thumb Code     4  stm32f10x_it.o(i.HardFault_Handler)
    Irda_10msMainfunction                    0x08001591   Thumb Code   528  bsp_irda.o(i.Irda_10msMainfunction)
    Irda_GetFifo                             0x08001889   Thumb Code    60  bsp_irda.o(i.Irda_GetFifo)
    Irda_GetFifoSize                         0x080018d9   Thumb Code    48  bsp_irda.o(i.Irda_GetFifoSize)
    Irda_IsDataVailed                        0x0800190d   Thumb Code    44  bsp_irda.o(i.Irda_IsDataVailed)
    Irda_Process                             0x08001939   Thumb Code   192  bsp_irda.o(i.Irda_Process)
    Irda_SetFifo                             0x08001a45   Thumb Code    48  bsp_irda.o(i.Irda_SetFifo)
    Key_5msMainFunction                      0x08001abd   Thumb Code   236  bsp_key.o(i.Key_5msMainFunction)
    LED_SetStatus                            0x08001c35   Thumb Code    72  bsp_led.o(i.LED_SetStatus)
    LIB_FifoFillter                          0x08001ca5   Thumb Code   166  std_lib.o(i.LIB_FifoFillter)
    Led_5msMainFunction                      0x08001d4d   Thumb Code    72  bsp_led.o(i.Led_5msMainFunction)
    Led_GPIO_Init                            0x08001da1   Thumb Code    66  bsp_led.o(i.Led_GPIO_Init)
    MemManage_Handler                        0x08001e05   Thumb Code     4  stm32f10x_it.o(i.MemManage_Handler)
    Music_5msMainFun                         0x08001e09   Thumb Code    80  vs1053.o(i.Music_5msMainFun)
    Music_Select                             0x08001ecd   Thumb Code    80  vs1053.o(i.Music_Select)
    NMI_Handler                              0x08001f29   Thumb Code     2  stm32f10x_it.o(i.NMI_Handler)
    NVIC_Init                                0x08001f49   Thumb Code   100  misc.o(i.NVIC_Init)
    NVIC_PriorityGroupConfig                 0x08001fb9   Thumb Code    10  misc.o(i.NVIC_PriorityGroupConfig)
    PendSV_Handler                           0x08001fcd   Thumb Code     2  stm32f10x_it.o(i.PendSV_Handler)
    PrintfLogo                               0x08001fd1   Thumb Code   104  bsp_uart_fifo.o(i.PrintfLogo)
    PwmLed_1msMainfunction                   0x08002129   Thumb Code   138  bsp_soft_pwmled.o(i.PwmLed_1msMainfunction)
    RCC_ADCCLKConfig                         0x080021d1   Thumb Code    18  stm32f10x_rcc.o(i.RCC_ADCCLKConfig)
    RCC_AHBPeriphClockCmd                    0x080021e9   Thumb Code    26  stm32f10x_rcc.o(i.RCC_AHBPeriphClockCmd)
    RCC_APB1PeriphClockCmd                   0x08002209   Thumb Code    26  stm32f10x_rcc.o(i.RCC_APB1PeriphClockCmd)
    RCC_APB2PeriphClockCmd                   0x08002229   Thumb Code    26  stm32f10x_rcc.o(i.RCC_APB2PeriphClockCmd)
    RCC_GetClocksFreq                        0x08002249   Thumb Code   192  stm32f10x_rcc.o(i.RCC_GetClocksFreq)
    RS485_InitTXE                            0x0800231d   Thumb Code     2  bsp_uart_fifo.o(i.RS485_InitTXE)
    SPI2_ReadWriteByte                       0x08002321   Thumb Code    50  vs1053.o(i.SPI2_ReadWriteByte)
    SPI_Cmd                                  0x08002359   Thumb Code    24  stm32f10x_spi.o(i.SPI_Cmd)
    SPI_FLASH_BufferRead                     0x08002371   Thumb Code    74  bsp_spi_flash.o(i.SPI_FLASH_BufferRead)
    SPI_FLASH_BufferWrite                    0x080023c1   Thumb Code   290  bsp_spi_flash.o(i.SPI_FLASH_BufferWrite)
    SPI_FLASH_PageWrite                      0x080024e5   Thumb Code    92  bsp_spi_flash.o(i.SPI_FLASH_PageWrite)
    SPI_FLASH_ReadID                         0x08002545   Thumb Code    74  bsp_spi_flash.o(i.SPI_FLASH_ReadID)
    SPI_FLASH_SectorErase                    0x08002595   Thumb Code    62  bsp_spi_flash.o(i.SPI_FLASH_SectorErase)
    SPI_FLASH_SendByte                       0x080025d9   Thumb Code   106  bsp_spi_flash.o(i.SPI_FLASH_SendByte)
    SPI_FLASH_WaitForWriteEnd                0x0800264d   Thumb Code    74  bsp_spi_flash.o(i.SPI_FLASH_WaitForWriteEnd)
    SPI_FLASH_WriteEnable                    0x080026a1   Thumb Code    26  bsp_spi_flash.o(i.SPI_FLASH_WriteEnable)
    SPI_I2S_GetFlagStatus                    0x080026c1   Thumb Code    18  stm32f10x_spi.o(i.SPI_I2S_GetFlagStatus)
    SPI_I2S_ReceiveData                      0x080026d3   Thumb Code     6  stm32f10x_spi.o(i.SPI_I2S_ReceiveData)
    SPI_I2S_SendData                         0x080026d9   Thumb Code     4  stm32f10x_spi.o(i.SPI_I2S_SendData)
    SPI_Init                                 0x080026dd   Thumb Code    60  stm32f10x_spi.o(i.SPI_Init)
    SVC_Handler                              0x08002775   Thumb Code     2  stm32f10x_it.o(i.SVC_Handler)
    Select_Songs                             0x08002777   Thumb Code    12  vs1053.o(i.Select_Songs)
    SysTick_Handler                          0x0800286d   Thumb Code     8  bsp_timer.o(i.SysTick_Handler)
    SysTick_ISR                              0x08002875   Thumb Code   110  bsp_timer.o(i.SysTick_ISR)
    SystemCoreClockUpdate                    0x080028f9   Thumb Code   142  system_stm32f10x.o(i.SystemCoreClockUpdate)
    SystemInit                               0x0800299d   Thumb Code    78  system_stm32f10x.o(i.SystemInit)
    TIM2_IRQHandler                          0x080029fd   Thumb Code   140  bsp_timer.o(i.TIM2_IRQHandler)
    TIM_ARRPreloadConfig                     0x08002a99   Thumb Code    24  stm32f10x_tim.o(i.TIM_ARRPreloadConfig)
    TIM_ClearITPendingBit                    0x08002ab1   Thumb Code     6  stm32f10x_tim.o(i.TIM_ClearITPendingBit)
    TIM_Cmd                                  0x08002ab7   Thumb Code    24  stm32f10x_tim.o(i.TIM_Cmd)
    TIM_CtrlPWMOutputs                       0x08002acf   Thumb Code    30  stm32f10x_tim.o(i.TIM_CtrlPWMOutputs)
    TIM_GetCounter                           0x08002aed   Thumb Code     6  stm32f10x_tim.o(i.TIM_GetCounter)
    TIM_GetITStatus                          0x08002af3   Thumb Code    34  stm32f10x_tim.o(i.TIM_GetITStatus)
    TIM_ITConfig                             0x08002b15   Thumb Code    18  stm32f10x_tim.o(i.TIM_ITConfig)
    TIM_OC1Init                              0x08002b29   Thumb Code   132  stm32f10x_tim.o(i.TIM_OC1Init)
    TIM_OC1PreloadConfig                     0x08002bc1   Thumb Code    18  stm32f10x_tim.o(i.TIM_OC1PreloadConfig)
    TIM_OC2Init                              0x08002bd5   Thumb Code   154  stm32f10x_tim.o(i.TIM_OC2Init)
    TIM_OC2PreloadConfig                     0x08002c79   Thumb Code    26  stm32f10x_tim.o(i.TIM_OC2PreloadConfig)
    TIM_OC3Init                              0x08002c95   Thumb Code   150  stm32f10x_tim.o(i.TIM_OC3Init)
    TIM_OC3PreloadConfig                     0x08002d35   Thumb Code    18  stm32f10x_tim.o(i.TIM_OC3PreloadConfig)
    TIM_OC4Init                              0x08002d49   Thumb Code   114  stm32f10x_tim.o(i.TIM_OC4Init)
    TIM_OC4PreloadConfig                     0x08002dc5   Thumb Code    26  stm32f10x_tim.o(i.TIM_OC4PreloadConfig)
    TIM_SetCompare1                          0x08002ddf   Thumb Code     4  stm32f10x_tim.o(i.TIM_SetCompare1)
    TIM_SetCompare2                          0x08002de3   Thumb Code     4  stm32f10x_tim.o(i.TIM_SetCompare2)
    TIM_SetCompare3                          0x08002de7   Thumb Code     4  stm32f10x_tim.o(i.TIM_SetCompare3)
    TIM_SetCompare4                          0x08002deb   Thumb Code     6  stm32f10x_tim.o(i.TIM_SetCompare4)
    TIM_TimeBaseInit                         0x08002df1   Thumb Code   122  stm32f10x_tim.o(i.TIM_TimeBaseInit)
    TM_FATFS_FLASH_SPI_disk_initialize       0x08002e95   Thumb Code   216  bsp_spi_flash.o(i.TM_FATFS_FLASH_SPI_disk_initialize)
    TM_FATFS_FLASH_SPI_disk_ioctl            0x08002f7d   Thumb Code    54  bsp_spi_flash.o(i.TM_FATFS_FLASH_SPI_disk_ioctl)
    TM_FATFS_FLASH_SPI_disk_read             0x08002fb5   Thumb Code    44  bsp_spi_flash.o(i.TM_FATFS_FLASH_SPI_disk_read)
    TM_FATFS_FLASH_SPI_disk_status           0x08002fe5   Thumb Code    44  bsp_spi_flash.o(i.TM_FATFS_FLASH_SPI_disk_status)
    TM_FATFS_FLASH_SPI_disk_write            0x08003019   Thumb Code    44  bsp_spi_flash.o(i.TM_FATFS_FLASH_SPI_disk_write)
    Test_Timer                               0x08003045   Thumb Code    10  bsp_irda.o(i.Test_Timer)
    UART_5msMainFunction                     0x08003061   Thumb Code   314  bsp_uart_fifo.o(i.UART_5msMainFunction)
    USART1_IRQHandler                        0x08003229   Thumb Code    10  bsp_uart_fifo.o(i.USART1_IRQHandler)
    USART_ClearFlag                          0x08003239   Thumb Code    18  stm32f10x_usart.o(i.USART_ClearFlag)
    USART_Cmd                                0x0800324b   Thumb Code    24  stm32f10x_usart.o(i.USART_Cmd)
    USART_GetITStatus                        0x08003263   Thumb Code    84  stm32f10x_usart.o(i.USART_GetITStatus)
    USART_ITConfig                           0x080032b7   Thumb Code    74  stm32f10x_usart.o(i.USART_ITConfig)
    USART_Init                               0x08003301   Thumb Code   210  stm32f10x_usart.o(i.USART_Init)
    USART_ReceiveData                        0x080033d9   Thumb Code    10  stm32f10x_usart.o(i.USART_ReceiveData)
    USART_SendData                           0x080033e3   Thumb Code     8  stm32f10x_usart.o(i.USART_SendData)
    UsageFault_Handler                       0x08003599   Thumb Code     4  stm32f10x_it.o(i.UsageFault_Handler)
    VS_Get_EndFillByte                       0x0800359d   Thumb Code    12  vs1053.o(i.VS_Get_EndFillByte)
    VS_HD_Reset                              0x080035a9   Thumb Code    88  vs1053.o(i.VS_HD_Reset)
    VS_Init                                  0x0800360d   Thumb Code   218  vs1053.o(i.VS_Init)
    VS_Load_Patch                            0x080036f9   Thumb Code   112  vs1053.o(i.VS_Load_Patch)
    VS_RD_Reg                                0x08003769   Thumb Code    98  vs1053.o(i.VS_RD_Reg)
    VS_Ram_Test                              0x080037d5   Thumb Code   112  vs1053.o(i.VS_Ram_Test)
    VS_Reset_DecodeTime                      0x08003849   Thumb Code    20  vs1053.o(i.VS_Reset_DecodeTime)
    VS_Restart_Play                          0x0800385d   Thumb Code   182  vs1053.o(i.VS_Restart_Play)
    VS_SPI_ReadWriteByte                     0x08003913   Thumb Code    12  vs1053.o(i.VS_SPI_ReadWriteByte)
    VS_SPI_SpeedHigh                         0x0800391f   Thumb Code    10  vs1053.o(i.VS_SPI_SpeedHigh)
    VS_SPI_SpeedLow                          0x08003929   Thumb Code    10  vs1053.o(i.VS_SPI_SpeedLow)
    VS_Send_MusicData                        0x08003935   Thumb Code    58  vs1053.o(i.VS_Send_MusicData)
    VS_Set_All                               0x08003975   Thumb Code    34  vs1053.o(i.VS_Set_All)
    VS_Set_Bass                              0x0800399d   Thumb Code   102  vs1053.o(i.VS_Set_Bass)
    VS_Set_Effect                            0x08003a03   Thumb Code    54  vs1053.o(i.VS_Set_Effect)
    VS_Set_Vol                               0x08003a39   Thumb Code    38  vs1053.o(i.VS_Set_Vol)
    VS_Sine_Test                             0x08003a61   Thumb Code   186  vs1053.o(i.VS_Sine_Test)
    VS_Soft_Reset                            0x08003b21   Thumb Code   132  vs1053.o(i.VS_Soft_Reset)
    VS_WRAM_Read                             0x08003ba9   Thumb Code    24  vs1053.o(i.VS_WRAM_Read)
    VS_WR_Cmd                                0x08003bc1   Thumb Code    82  vs1053.o(i.VS_WR_Cmd)
    __0printf                                0x08003c1d   Thumb Code    22  printfa.o(i.__0printf)
    __1printf                                0x08003c1d   Thumb Code     0  printfa.o(i.__0printf)
    __2printf                                0x08003c1d   Thumb Code     0  printfa.o(i.__0printf)
    __c89printf                              0x08003c1d   Thumb Code     0  printfa.o(i.__0printf)
    printf                                   0x08003c1d   Thumb Code     0  printfa.o(i.__0printf)
    __scatterload_copy                       0x08003c3d   Thumb Code    14  handlers.o(i.__scatterload_copy)
    __scatterload_null                       0x08003c4b   Thumb Code     2  handlers.o(i.__scatterload_null)
    __scatterload_zeroinit                   0x08003c4d   Thumb Code    14  handlers.o(i.__scatterload_zeroinit)
    bsp_CheckTimer                           0x080044e9   Thumb Code    48  bsp_timer.o(i.bsp_CheckTimer)
    bsp_ConfigGpioOut                        0x0800451d   Thumb Code    46  bsp_tim_pwm.o(i.bsp_ConfigGpioOut)
    bsp_ConfigTimGpio                        0x0800454d   Thumb Code   128  bsp_tim_pwm.o(i.bsp_ConfigTimGpio)
    bsp_DelayMS                              0x080045e1   Thumb Code    48  bsp_timer.o(i.bsp_DelayMS)
    bsp_DelayUS                              0x08004619   Thumb Code    76  bsp_timer.o(i.bsp_DelayUS)
    bsp_GetAFofTIM                           0x0800472d   Thumb Code    66  bsp_tim_pwm.o(i.bsp_GetAFofTIM)
    bsp_GetKey                               0x08004795   Thumb Code    46  bsp_key.o(i.bsp_GetKey)
    bsp_GetRCCofGPIO                         0x080047c9   Thumb Code    78  bsp_tim_pwm.o(i.bsp_GetRCCofGPIO)
    bsp_GetRCCofTIM                          0x08004835   Thumb Code    84  bsp_tim_pwm.o(i.bsp_GetRCCofTIM)
    bsp_GetRunTime                           0x080048a5   Thumb Code     6  bsp_timer.o(i.bsp_GetRunTime)
    bsp_Idle                                 0x080048b1   Thumb Code     2  bsp.o(i.bsp_Idle)
    bsp_Init                                 0x080048b5   Thumb Code   112  bsp.o(i.bsp_Init)
    bsp_InitAdc                              0x08004955   Thumb Code    12  bsp_adc.o(i.bsp_InitAdc)
    bsp_InitAdcVar                           0x08004961   Thumb Code    64  bsp_adc.o(i.bsp_InitAdcVar)
    bsp_InitBeepHard                         0x080049d1   Thumb Code    50  bsp_beep.o(i.bsp_InitBeepHard)
    bsp_InitHardTimer                        0x08004a0d   Thumb Code    96  bsp_timer.o(i.bsp_InitHardTimer)
    bsp_InitKey                              0x08004a75   Thumb Code    12  bsp_key.o(i.bsp_InitKey)
    bsp_InitLed                              0x08004b29   Thumb Code    12  bsp_led.o(i.bsp_InitLed)
    bsp_InitTimer                            0x08004b35   Thumb Code   146  bsp_timer.o(i.bsp_InitTimer)
    bsp_InitUart                             0x08004bd9   Thumb Code    20  bsp_uart_fifo.o(i.bsp_InitUart)
    bsp_KeyScan                              0x08004bed   Thumb Code    22  bsp_key.o(i.bsp_KeyScan)
    bsp_PutKey                               0x08004c05   Thumb Code    28  bsp_key.o(i.bsp_PutKey)
    bsp_RunPer10ms                           0x08004c25   Thumb Code    24  bsp.o(i.bsp_RunPer10ms)
    bsp_RunPer1ms                            0x08004c3d   Thumb Code    16  bsp.o(i.bsp_RunPer1ms)
    bsp_SetTIMOutPWM                         0x08004c4d   Thumb Code   424  bsp_tim_pwm.o(i.bsp_SetTIMOutPWM)
    bsp_StartHardTimer                       0x08004e29   Thumb Code   188  bsp_timer.o(i.bsp_StartHardTimer)
    bsp_StartTimer                           0x08004ef5   Thumb Code    70  bsp_timer.o(i.bsp_StartTimer)
    bsp_irdaInit                             0x08005009   Thumb Code    16  bsp_irda.o(i.bsp_irdaInit)
    clust2sect                               0x08005115   Thumb Code    26  ff.o(i.clust2sect)
    comGetChar                               0x080051c1   Thumb Code    30  bsp_uart_fifo.o(i.comGetChar)
    comSendBuf                               0x080051df   Thumb Code    46  bsp_uart_fifo.o(i.comSendBuf)
    comSendChar                              0x0800520d   Thumb Code    16  bsp_uart_fifo.o(i.comSendChar)
    disk_initialize                          0x080059d9   Thumb Code    42  diskio.o(i.disk_initialize)
    disk_ioctl                               0x08005a03   Thumb Code    46  diskio.o(i.disk_ioctl)
    disk_read                                0x08005a31   Thumb Code    54  diskio.o(i.disk_read)
    disk_status                              0x08005a67   Thumb Code    34  diskio.o(i.disk_status)
    disk_write                               0x08005a89   Thumb Code    60  diskio.o(i.disk_write)
    f_close                                  0x08005ac5   Thumb Code    32  ff.o(i.f_close)
    f_mount                                  0x08005ae5   Thumb Code    86  ff.o(i.f_mount)
    f_open                                   0x08005b41   Thumb Code   358  ff.o(i.f_open)
    f_read                                   0x08005ca7   Thumb Code   464  ff.o(i.f_read)
    f_sync                                   0x08005e77   Thumb Code   176  ff.o(i.f_sync)
    ff_convert                               0x08005f29   Thumb Code   116  cc936.o(i.ff_convert)
    ff_wtoupper                              0x08005fa5   Thumb Code    46  cc936.o(i.ff_wtoupper)
    fputc                                    0x080064b5   Thumb Code    18  bsp_uart_fifo.o(i.fputc)
    get_fat                                  0x08006591   Thumb Code   318  ff.o(i.get_fat)
    get_fattime                              0x080066d1   Thumb Code     4  diskio.o(i.get_fattime)
    initmemory                               0x08006725   Thumb Code    28  vs1053.o(i.initmemory)
    main                                     0x08006769   Thumb Code    12  main.o(i.main)
    my_printf                                0x080067fd   Thumb Code    10  bsp_uart_fifo.o(i.my_printf)
    put_fat                                  0x08006821   Thumb Code   392  ff.o(i.put_fat)
    vs1053_player_song                       0x08006b95   Thumb Code   298  vs1053.o(i.vs1053_player_song)
    c_stLedHdlCfgArray                       0x08006d10   Data          40  bsp_led.o(.constdata)
    c_stBeepHdlCfgArray                      0x08006d38   Data          40  bsp_beep.o(.constdata)
    vs1053b_patch                            0x08006d7c   Data       10866  vs1053.o(.constdata)
    bitrate                                  0x080097ee   Data          64  vs1053.o(.constdata)
    c_stMusicHandle_Array                    0x08009830   Data          32  vs1053.o(.constdata)
    Region$$Table$$Base                      0x080345a4   Number         0  anon$$obj.o(Region$$Table)
    Region$$Table$$Limit                     0x080345c4   Number         0  anon$$obj.o(Region$$Table)
    res                                      0x20000000   Data           4  bsp.o(.data)
    g_iRunTime                               0x2000000c   Data           4  bsp_timer.o(.data)
    idAddr                                   0x20000024   Data          40  bsp_uart_fifo.o(.data)
    g_stKeyTable                             0x20000050   Data          30  bsp_key.o(.data)
    g_usCurIndex                             0x2000006e   Data           2  bsp_key.o(.data)
    g_usLastIndex                            0x20000070   Data           2  bsp_key.o(.data)
    PwmLedTable                              0x20000080   Data          24  bsp_soft_pwmled.o(.data)
    melody                                   0x200000a0   Data          48  bsp_beep.o(.data)
    frame_cnt                                0x200000d0   Data           1  bsp_irda.o(.data)
    frame_flag                               0x200000d1   Data           1  bsp_irda.o(.data)
    isr_cnt                                  0x200000d2   Data           1  bsp_irda.o(.data)
    frame_data                               0x200000d4   Data           4  bsp_irda.o(.data)
    ALS                                      0x200000d8   Data           4  bsp_ap3216c.o(.data)
    PS                                       0x200000dc   Data           2  bsp_ap3216c.o(.data)
    IR                                       0x200000de   Data           2  bsp_ap3216c.o(.data)
    SystemCoreClock                          0x200000f4   Data           4  system_stm32f10x.o(.data)
    vsset                                    0x20000108   Data           6  vs1053.o(.data)
    result                                   0x2000010e   Data           1  vs1053.o(.data)
    bw                                       0x20000110   Data           4  vs1053.o(.data)
    MusicTable                               0x2000011c   Data          16  vs1053.o(.data)
    __stdout                                 0x20000140   Data           4  stdout.o(.data)
    fs                                       0x20000144   Data        4144  bsp.o(.bss)
    g_tBeep                                  0x20001a20   Data          14  bsp_beep.o(.bss)
    ADC_ConvertedValue                       0x20001a48   Data          12  bsp_adc.o(.bss)
    s_AdcCh1_Buff                            0x20001a54   Data          22  bsp_adc.o(.bss)
    s_AdcCh1_Handle                          0x20001a6c   Data          16  bsp_adc.o(.bss)
    s_AdcCh2_Buff                            0x20001a7c   Data          22  bsp_adc.o(.bss)
    s_AdcCh2_Handle                          0x20001a94   Data          16  bsp_adc.o(.bss)
    s_AdcCh3_Buff                            0x20001aa4   Data          22  bsp_adc.o(.bss)
    s_AdcCh3_Handle                          0x20001abc   Data          16  bsp_adc.o(.bss)
    s_AdcCh4_Buff                            0x20001acc   Data          22  bsp_adc.o(.bss)
    s_AdcCh4_Handle                          0x20001ae4   Data          16  bsp_adc.o(.bss)
    s_AdcCh5_Buff                            0x20001af4   Data          22  bsp_adc.o(.bss)
    s_AdcCh5_Handle                          0x20001b0c   Data          16  bsp_adc.o(.bss)
    s_AdcCh6_Buff                            0x20001b1c   Data          22  bsp_adc.o(.bss)
    s_AdcCh6_Handle                          0x20001b34   Data          16  bsp_adc.o(.bss)
    file                                     0x20001b44   Data        4132  vs1053.o(.bss)
    s_vs1053                                 0x20003b68   Data          32  vs1053.o(.bss)
    __initial_sp                             0x20003f88   Data           0  startup_stm32f10x_hd.o(STACK)



==============================================================================

Memory Map of the image

  Image Entry point : 0x08000131

  Load Region LR_IROM1 (Base: 0x08000000, Size: 0x00034708, Max: 0x00080000, ABSOLUTE, COMPRESSED[0x00034650])

    Execution Region ER_IROM1 (Exec base: 0x08000000, Load base: 0x08000000, Size: 0x000345c4, Max: 0x00080000, ABSOLUTE)

    Exec Addr    Load Addr    Size         Type   Attr      Idx    E Section Name        Object

    0x08000000   0x08000000   0x00000130   Data   RO         4493    RESET               startup_stm32f10x_hd.o
    0x08000130   0x08000130   0x00000000   Code   RO         5705  * .ARM.Collect$$$$00000000  mc_w.l(entry.o)
    0x08000130   0x08000130   0x00000004   Code   RO         6067    .ARM.Collect$$$$00000001  mc_w.l(entry2.o)
    0x08000134   0x08000134   0x00000004   Code   RO         6070    .ARM.Collect$$$$00000004  mc_w.l(entry5.o)
    0x08000138   0x08000138   0x00000000   Code   RO         6072    .ARM.Collect$$$$00000008  mc_w.l(entry7b.o)
    0x08000138   0x08000138   0x00000000   Code   RO         6074    .ARM.Collect$$$$0000000A  mc_w.l(entry8b.o)
    0x08000138   0x08000138   0x00000008   Code   RO         6075    .ARM.Collect$$$$0000000B  mc_w.l(entry9a.o)
    0x08000140   0x08000140   0x00000004   Code   RO         6082    .ARM.Collect$$$$0000000E  mc_w.l(entry12b.o)
    0x08000144   0x08000144   0x00000000   Code   RO         6077    .ARM.Collect$$$$0000000F  mc_w.l(entry10a.o)
    0x08000144   0x08000144   0x00000000   Code   RO         6079    .ARM.Collect$$$$00000011  mc_w.l(entry11a.o)
    0x08000144   0x08000144   0x00000004   Code   RO         6068    .ARM.Collect$$$$00002712  mc_w.l(entry2.o)
    0x08000148   0x08000148   0x00000024   Code   RO         4494    .text               startup_stm32f10x_hd.o
    0x0800016c   0x0800016c   0x00000024   Code   RO         5738    .text               mc_w.l(memseta.o)
    0x08000190   0x08000190   0x00000024   Code   RO         5740    .text               mc_w.l(strstr.o)
    0x080001b4   0x080001b4   0x0000007c   Code   RO         6009    .text               mf_w.l(fdiv.o)
    0x08000230   0x08000230   0x0000014e   Code   RO         6011    .text               mf_w.l(dadd.o)
    0x0800037e   0x0800037e   0x000000e4   Code   RO         6013    .text               mf_w.l(dmul.o)
    0x08000462   0x08000462   0x000000de   Code   RO         6015    .text               mf_w.l(ddiv.o)
    0x08000540   0x08000540   0x0000000a   Code   RO         6017    .text               mf_w.l(ffltui.o)
    0x0800054a   0x0800054a   0x00000028   Code   RO         6021    .text               mf_w.l(ffixui.o)
    0x08000572   0x08000572   0x00000026   Code   RO         6025    .text               mf_w.l(f2d.o)
    0x08000598   0x08000598   0x00000038   Code   RO         6027    .text               mf_w.l(d2f.o)
    0x080005d0   0x080005d0   0x0000002c   Code   RO         6084    .text               mc_w.l(uidiv.o)
    0x080005fc   0x080005fc   0x00000062   Code   RO         6086    .text               mc_w.l(uldiv.o)
    0x0800065e   0x0800065e   0x0000001e   Code   RO         6088    .text               mc_w.l(llshl.o)
    0x0800067c   0x0800067c   0x00000020   Code   RO         6090    .text               mc_w.l(llushr.o)
    0x0800069c   0x0800069c   0x00000024   Code   RO         6092    .text               mc_w.l(llsshr.o)
    0x080006c0   0x080006c0   0x00000000   Code   RO         6101    .text               mc_w.l(iusefp.o)
    0x080006c0   0x080006c0   0x0000006e   Code   RO         6102    .text               mf_w.l(fepilogue.o)
    0x0800072e   0x0800072e   0x000000ba   Code   RO         6104    .text               mf_w.l(depilogue.o)
    0x080007e8   0x080007e8   0x00000030   Code   RO         6108    .text               mf_w.l(dfixul.o)
    0x08000818   0x08000818   0x00000030   Code   RO         6110    .text               mf_w.l(cdrcmple.o)
    0x08000848   0x08000848   0x00000024   Code   RO         6114    .text               mc_w.l(init.o)
    0x0800086c   0x0800086c   0x00000056   Code   RO         6132    .text               mc_w.l(__dczerorl2.o)
    0x080008c2   0x080008c2   0x00000002   PAD
    0x080008c4   0x080008c4   0x00000084   Code   RO         1140    i.ADC_20msMainfunction  bsp_adc.o
    0x08000948   0x08000948   0x00000016   Code   RO         1513    i.ADC_Cmd           stm32f10x_adc.o
    0x0800095e   0x0800095e   0x00000016   Code   RO         1514    i.ADC_DMACmd        stm32f10x_adc.o
    0x08000974   0x08000974   0x00000014   Code   RO         1521    i.ADC_GetCalibrationStatus  stm32f10x_adc.o
    0x08000988   0x08000988   0x000000ee   Code   RO         1141    i.ADC_GetFifo       bsp_adc.o
    0x08000a76   0x08000a76   0x00000036   Code   RO         1142    i.ADC_GetFifoSize   bsp_adc.o
    0x08000aac   0x08000aac   0x0000004c   Code   RO         1143    i.ADC_GetHandle     bsp_adc.o
    0x08000af8   0x08000af8   0x00000014   Code   RO         1527    i.ADC_GetResetCalibrationStatus  stm32f10x_adc.o
    0x08000b0c   0x08000b0c   0x00000050   Code   RO         1531    i.ADC_Init          stm32f10x_adc.o
    0x08000b5c   0x08000b5c   0x000000b8   Code   RO         1535    i.ADC_RegularChannelConfig  stm32f10x_adc.o
    0x08000c14   0x08000c14   0x0000000a   Code   RO         1536    i.ADC_ResetCalibration  stm32f10x_adc.o
    0x08000c1e   0x08000c1e   0x00000032   Code   RO         1145    i.ADC_SetFifo       bsp_adc.o
    0x08000c50   0x08000c50   0x00000016   Code   RO         1538    i.ADC_SoftwareStartConvCmd  stm32f10x_adc.o
    0x08000c66   0x08000c66   0x0000000a   Code   RO         1540    i.ADC_StartCalibration  stm32f10x_adc.o
    0x08000c70   0x08000c70   0x00000024   Code   RO         1146    i.ADCx_GPIO_Config  bsp_adc.o
    0x08000c94   0x08000c94   0x0000000c   Code   RO         1147    i.ADCx_Init         bsp_adc.o
    0x08000ca0   0x08000ca0   0x00000134   Code   RO         1148    i.ADCx_Mode_Config  bsp_adc.o
    0x08000dd4   0x08000dd4   0x00000014   Code   RO         1230    i.Ap3216c_Light_intensity  bsp_ap3216c.o
    0x08000de8   0x08000de8   0x0000000e   Code   RO          932    i.BEEP_KeyTone      bsp_beep.o
    0x08000df6   0x08000df6   0x00000002   PAD
    0x08000df8   0x08000df8   0x00000034   Code   RO          936    i.BEEP_Start        bsp_beep.o
    0x08000e2c   0x08000e2c   0x00000040   Code   RO          938    i.Beep_10msMainFunction  bsp_beep.o
    0x08000e6c   0x08000e6c   0x00000002   Code   RO          939    i.Beep_Detect_Work  bsp_beep.o
    0x08000e6e   0x08000e6e   0x00000002   PAD
    0x08000e70   0x08000e70   0x00000024   Code   RO          940    i.Beep_Doing_Work   bsp_beep.o
    0x08000e94   0x08000e94   0x00000002   Code   RO          941    i.Beep_End_Work     bsp_beep.o
    0x08000e96   0x08000e96   0x00000002   PAD
    0x08000e98   0x08000e98   0x00000050   Code   RO          942    i.Beep_SetStatus    bsp_beep.o
    0x08000ee8   0x08000ee8   0x00000010   Code   RO          943    i.Beep_Start_Work   bsp_beep.o
    0x08000ef8   0x08000ef8   0x00000010   Code   RO          944    i.Beep_Warning_Work  bsp_beep.o
    0x08000f08   0x08000f08   0x00000058   Code   RO          800    i.Breath_lampVarInit  bsp_led.o
    0x08000f60   0x08000f60   0x0000005e   Code   RO          801    i.Breathing_lamp    bsp_led.o
    0x08000fbe   0x08000fbe   0x0000001e   Code   RO         1149    i.Bsp_InitAdcFifo   bsp_adc.o
    0x08000fdc   0x08000fdc   0x00000004   Code   RO          183    i.BusFault_Handler  stm32f10x_it.o
    0x08000fe0   0x08000fe0   0x00000030   Code   RO          406    i.ComToUart         bsp_uart_fifo.o
    0x08001010   0x08001010   0x0000001c   Code   RO          407    i.ConfigUartNVIC    bsp_uart_fifo.o
    0x0800102c   0x0800102c   0x00000018   Code   RO         2198    i.DMA_Cmd           stm32f10x_dma.o
    0x08001044   0x08001044   0x0000014c   Code   RO         2199    i.DMA_DeInit        stm32f10x_dma.o
    0x08001190   0x08001190   0x0000003c   Code   RO         2204    i.DMA_Init          stm32f10x_dma.o
    0x080011cc   0x080011cc   0x00000002   Code   RO          184    i.DebugMon_Handler  stm32f10x_it.o
    0x080011ce   0x080011ce   0x00000016   Code   RO          185    i.EXTI9_5_IRQHandler  stm32f10x_it.o
    0x080011e4   0x080011e4   0x0000000c   Code   RO         2269    i.EXTI_ClearITPendingBit  stm32f10x_exti.o
    0x080011f0   0x080011f0   0x00000028   Code   RO         2273    i.EXTI_GetITStatus  stm32f10x_exti.o
    0x08001218   0x08001218   0x00000094   Code   RO         2274    i.EXTI_Init         stm32f10x_exti.o
    0x080012ac   0x080012ac   0x00000040   Code   RO         2619    i.GPIO_EXTILineConfig  stm32f10x_gpio.o
    0x080012ec   0x080012ec   0x00000116   Code   RO         2622    i.GPIO_Init         stm32f10x_gpio.o
    0x08001402   0x08001402   0x00000002   PAD
    0x08001404   0x08001404   0x00000090   Code   RO         2624    i.GPIO_PinRemapConfig  stm32f10x_gpio.o
    0x08001494   0x08001494   0x00000012   Code   RO         2626    i.GPIO_ReadInputDataBit  stm32f10x_gpio.o
    0x080014a6   0x080014a6   0x00000004   Code   RO         2629    i.GPIO_ResetBits    stm32f10x_gpio.o
    0x080014aa   0x080014aa   0x00000004   Code   RO         2630    i.GPIO_SetBits      stm32f10x_gpio.o
    0x080014ae   0x080014ae   0x0000000a   Code   RO         2633    i.GPIO_WriteBit     stm32f10x_gpio.o
    0x080014b8   0x080014b8   0x00000014   Code   RO         1150    i.GetVolate         bsp_adc.o
    0x080014cc   0x080014cc   0x0000002c   Code   RO         1057    i.Get_Pulse_Time    bsp_irda.o
    0x080014f8   0x080014f8   0x00000004   Code   RO          186    i.HardFault_Handler  stm32f10x_it.o
    0x080014fc   0x080014fc   0x00000094   Code   RO          409    i.InitHardUart      bsp_uart_fifo.o
    0x08001590   0x08001590   0x000002f8   Code   RO         1058    i.Irda_10msMainfunction  bsp_irda.o
    0x08001888   0x08001888   0x00000050   Code   RO         1059    i.Irda_GetFifo      bsp_irda.o
    0x080018d8   0x080018d8   0x00000034   Code   RO         1060    i.Irda_GetFifoSize  bsp_irda.o
    0x0800190c   0x0800190c   0x0000002c   Code   RO         1061    i.Irda_IsDataVailed  bsp_irda.o
    0x08001938   0x08001938   0x0000010c   Code   RO         1062    i.Irda_Process      bsp_irda.o
    0x08001a44   0x08001a44   0x00000044   Code   RO         1063    i.Irda_SetFifo      bsp_irda.o
    0x08001a88   0x08001a88   0x00000018   Code   RO          669    i.IsKeyDown1        bsp_key.o
    0x08001aa0   0x08001aa0   0x0000001c   Code   RO          671    i.IsKeyDown2        bsp_key.o
    0x08001abc   0x08001abc   0x00000118   Code   RO          678    i.Key_5msMainFunction  bsp_key.o
    0x08001bd4   0x08001bd4   0x0000003c   Code   RO          803    i.LED_Detect_Work   bsp_led.o
    0x08001c10   0x08001c10   0x00000010   Code   RO          804    i.LED_Doing_Work    bsp_led.o
    0x08001c20   0x08001c20   0x00000014   Code   RO          805    i.LED_End_Work      bsp_led.o
    0x08001c34   0x08001c34   0x00000050   Code   RO          807    i.LED_SetStatus     bsp_led.o
    0x08001c84   0x08001c84   0x00000010   Code   RO          808    i.LED_Start_Work    bsp_led.o
    0x08001c94   0x08001c94   0x00000010   Code   RO          809    i.LED_Warning_Work  bsp_led.o
    0x08001ca4   0x08001ca4   0x000000a6   Code   RO         4513    i.LIB_FifoFillter   std_lib.o
    0x08001d4a   0x08001d4a   0x00000002   PAD
    0x08001d4c   0x08001d4c   0x00000054   Code   RO          810    i.Led_5msMainFunction  bsp_led.o
    0x08001da0   0x08001da0   0x00000048   Code   RO          811    i.Led_GPIO_Init     bsp_led.o
    0x08001de8   0x08001de8   0x0000001c   Code   RO         4770    i.MUSIC_Sadsongs    vs1053.o
    0x08001e04   0x08001e04   0x00000004   Code   RO          187    i.MemManage_Handler  stm32f10x_it.o
    0x08001e08   0x08001e08   0x00000060   Code   RO         4771    i.Music_5msMainFun  vs1053.o
    0x08001e68   0x08001e68   0x0000001c   Code   RO         4772    i.Music_Absolutesongs  vs1053.o
    0x08001e84   0x08001e84   0x00000024   Code   RO         4773    i.Music_Happysongs  vs1053.o
    0x08001ea8   0x08001ea8   0x00000024   Code   RO         4774    i.Music_Lovesongs   vs1053.o
    0x08001ecc   0x08001ecc   0x0000005c   Code   RO         4775    i.Music_Select      vs1053.o
    0x08001f28   0x08001f28   0x00000002   Code   RO          188    i.NMI_Handler       stm32f10x_it.o
    0x08001f2a   0x08001f2a   0x0000001c   Code   RO         1064    i.NVIC_Configuration  bsp_irda.o
    0x08001f46   0x08001f46   0x00000002   PAD
    0x08001f48   0x08001f48   0x00000070   Code   RO         1388    i.NVIC_Init         misc.o
    0x08001fb8   0x08001fb8   0x00000014   Code   RO         1389    i.NVIC_PriorityGroupConfig  misc.o
    0x08001fcc   0x08001fcc   0x00000002   Code   RO          189    i.PendSV_Handler    stm32f10x_it.o
    0x08001fce   0x08001fce   0x00000002   PAD
    0x08001fd0   0x08001fd0   0x00000158   Code   RO          410    i.PrintfLogo        bsp_uart_fifo.o
    0x08002128   0x08002128   0x00000090   Code   RO          901    i.PwmLed_1msMainfunction  bsp_soft_pwmled.o
    0x080021b8   0x080021b8   0x0000000c   Code   RO          902    i.PwmLed_OFF        bsp_soft_pwmled.o
    0x080021c4   0x080021c4   0x0000000c   Code   RO          903    i.PwmLed_ON         bsp_soft_pwmled.o
    0x080021d0   0x080021d0   0x00000018   Code   RO         3036    i.RCC_ADCCLKConfig  stm32f10x_rcc.o
    0x080021e8   0x080021e8   0x00000020   Code   RO         3037    i.RCC_AHBPeriphClockCmd  stm32f10x_rcc.o
    0x08002208   0x08002208   0x00000020   Code   RO         3038    i.RCC_APB1PeriphClockCmd  stm32f10x_rcc.o
    0x08002228   0x08002228   0x00000020   Code   RO         3040    i.RCC_APB2PeriphClockCmd  stm32f10x_rcc.o
    0x08002248   0x08002248   0x000000d4   Code   RO         3048    i.RCC_GetClocksFreq  stm32f10x_rcc.o
    0x0800231c   0x0800231c   0x00000002   Code   RO          411    i.RS485_InitTXE     bsp_uart_fifo.o
    0x0800231e   0x0800231e   0x00000002   PAD
    0x08002320   0x08002320   0x00000038   Code   RO         4776    i.SPI2_ReadWriteByte  vs1053.o
    0x08002358   0x08002358   0x00000018   Code   RO         3517    i.SPI_Cmd           stm32f10x_spi.o
    0x08002370   0x08002370   0x00000050   Code   RO         5013    i.SPI_FLASH_BufferRead  bsp_spi_flash.o
    0x080023c0   0x080023c0   0x00000122   Code   RO         5014    i.SPI_FLASH_BufferWrite  bsp_spi_flash.o
    0x080024e2   0x080024e2   0x00000002   PAD
    0x080024e4   0x080024e4   0x00000060   Code   RO         5016    i.SPI_FLASH_PageWrite  bsp_spi_flash.o
    0x08002544   0x08002544   0x00000050   Code   RO         5019    i.SPI_FLASH_ReadID  bsp_spi_flash.o
    0x08002594   0x08002594   0x00000044   Code   RO         5020    i.SPI_FLASH_SectorErase  bsp_spi_flash.o
    0x080025d8   0x080025d8   0x00000074   Code   RO         5021    i.SPI_FLASH_SendByte  bsp_spi_flash.o
    0x0800264c   0x0800264c   0x00000054   Code   RO         5024    i.SPI_FLASH_WaitForWriteEnd  bsp_spi_flash.o
    0x080026a0   0x080026a0   0x00000020   Code   RO         5025    i.SPI_FLASH_WriteEnable  bsp_spi_flash.o
    0x080026c0   0x080026c0   0x00000012   Code   RO         3525    i.SPI_I2S_GetFlagStatus  stm32f10x_spi.o
    0x080026d2   0x080026d2   0x00000006   Code   RO         3528    i.SPI_I2S_ReceiveData  stm32f10x_spi.o
    0x080026d8   0x080026d8   0x00000004   Code   RO         3529    i.SPI_I2S_SendData  stm32f10x_spi.o
    0x080026dc   0x080026dc   0x0000003c   Code   RO         3530    i.SPI_Init          stm32f10x_spi.o
    0x08002718   0x08002718   0x00000028   Code   RO         4777    i.SPI_SetSpeed      vs1053.o
    0x08002740   0x08002740   0x00000034   Code   RO         5028    i.SPI_TIMEOUT_UserCallback  bsp_spi_flash.o
    0x08002774   0x08002774   0x00000002   Code   RO          190    i.SVC_Handler       stm32f10x_it.o
    0x08002776   0x08002776   0x0000000c   Code   RO         4778    i.Select_Songs      vs1053.o
    0x08002782   0x08002782   0x00000008   Code   RO         4438    i.SetSysClock       system_stm32f10x.o
    0x0800278a   0x0800278a   0x00000002   PAD
    0x0800278c   0x0800278c   0x000000e0   Code   RO         4439    i.SetSysClockTo72   system_stm32f10x.o
    0x0800286c   0x0800286c   0x00000008   Code   RO          297    i.SysTick_Handler   bsp_timer.o
    0x08002874   0x08002874   0x00000084   Code   RO          298    i.SysTick_ISR       bsp_timer.o
    0x080028f8   0x080028f8   0x000000a4   Code   RO         4440    i.SystemCoreClockUpdate  system_stm32f10x.o
    0x0800299c   0x0800299c   0x00000060   Code   RO         4441    i.SystemInit        system_stm32f10x.o
    0x080029fc   0x080029fc   0x0000009c   Code   RO          299    i.TIM2_IRQHandler   bsp_timer.o
    0x08002a98   0x08002a98   0x00000018   Code   RO         3660    i.TIM_ARRPreloadConfig  stm32f10x_tim.o
    0x08002ab0   0x08002ab0   0x00000006   Code   RO         3667    i.TIM_ClearITPendingBit  stm32f10x_tim.o
    0x08002ab6   0x08002ab6   0x00000018   Code   RO         3672    i.TIM_Cmd           stm32f10x_tim.o
    0x08002ace   0x08002ace   0x0000001e   Code   RO         3674    i.TIM_CtrlPWMOutputs  stm32f10x_tim.o
    0x08002aec   0x08002aec   0x00000006   Code   RO         3691    i.TIM_GetCounter    stm32f10x_tim.o
    0x08002af2   0x08002af2   0x00000022   Code   RO         3693    i.TIM_GetITStatus   stm32f10x_tim.o
    0x08002b14   0x08002b14   0x00000012   Code   RO         3697    i.TIM_ITConfig      stm32f10x_tim.o
    0x08002b26   0x08002b26   0x00000002   PAD
    0x08002b28   0x08002b28   0x00000098   Code   RO         3701    i.TIM_OC1Init       stm32f10x_tim.o
    0x08002bc0   0x08002bc0   0x00000012   Code   RO         3704    i.TIM_OC1PreloadConfig  stm32f10x_tim.o
    0x08002bd2   0x08002bd2   0x00000002   PAD
    0x08002bd4   0x08002bd4   0x000000a4   Code   RO         3706    i.TIM_OC2Init       stm32f10x_tim.o
    0x08002c78   0x08002c78   0x0000001a   Code   RO         3709    i.TIM_OC2PreloadConfig  stm32f10x_tim.o
    0x08002c92   0x08002c92   0x00000002   PAD
    0x08002c94   0x08002c94   0x000000a0   Code   RO         3711    i.TIM_OC3Init       stm32f10x_tim.o
    0x08002d34   0x08002d34   0x00000012   Code   RO         3714    i.TIM_OC3PreloadConfig  stm32f10x_tim.o
    0x08002d46   0x08002d46   0x00000002   PAD
    0x08002d48   0x08002d48   0x0000007c   Code   RO         3716    i.TIM_OC4Init       stm32f10x_tim.o
    0x08002dc4   0x08002dc4   0x0000001a   Code   RO         3718    i.TIM_OC4PreloadConfig  stm32f10x_tim.o
    0x08002dde   0x08002dde   0x00000004   Code   RO         3733    i.TIM_SetCompare1   stm32f10x_tim.o
    0x08002de2   0x08002de2   0x00000004   Code   RO         3734    i.TIM_SetCompare2   stm32f10x_tim.o
    0x08002de6   0x08002de6   0x00000004   Code   RO         3735    i.TIM_SetCompare3   stm32f10x_tim.o
    0x08002dea   0x08002dea   0x00000006   Code   RO         3736    i.TIM_SetCompare4   stm32f10x_tim.o
    0x08002df0   0x08002df0   0x000000a4   Code   RO         3743    i.TIM_TimeBaseInit  stm32f10x_tim.o
    0x08002e94   0x08002e94   0x000000e8   Code   RO         5029    i.TM_FATFS_FLASH_SPI_disk_initialize  bsp_spi_flash.o
    0x08002f7c   0x08002f7c   0x00000036   Code   RO         5030    i.TM_FATFS_FLASH_SPI_disk_ioctl  bsp_spi_flash.o
    0x08002fb2   0x08002fb2   0x00000002   PAD
    0x08002fb4   0x08002fb4   0x00000030   Code   RO         5031    i.TM_FATFS_FLASH_SPI_disk_read  bsp_spi_flash.o
    0x08002fe4   0x08002fe4   0x00000034   Code   RO         5032    i.TM_FATFS_FLASH_SPI_disk_status  bsp_spi_flash.o
    0x08003018   0x08003018   0x0000002c   Code   RO         5033    i.TM_FATFS_FLASH_SPI_disk_write  bsp_spi_flash.o
    0x08003044   0x08003044   0x0000001c   Code   RO         1065    i.Test_Timer        bsp_irda.o
    0x08003060   0x08003060   0x000001c8   Code   RO          418    i.UART_5msMainFunction  bsp_uart_fifo.o
    0x08003228   0x08003228   0x00000010   Code   RO          419    i.USART1_IRQHandler  bsp_uart_fifo.o
    0x08003238   0x08003238   0x00000012   Code   RO         4204    i.USART_ClearFlag   stm32f10x_usart.o
    0x0800324a   0x0800324a   0x00000018   Code   RO         4208    i.USART_Cmd         stm32f10x_usart.o
    0x08003262   0x08003262   0x00000054   Code   RO         4212    i.USART_GetITStatus  stm32f10x_usart.o
    0x080032b6   0x080032b6   0x0000004a   Code   RO         4214    i.USART_ITConfig    stm32f10x_usart.o
    0x08003300   0x08003300   0x000000d8   Code   RO         4215    i.USART_Init        stm32f10x_usart.o
    0x080033d8   0x080033d8   0x0000000a   Code   RO         4222    i.USART_ReceiveData  stm32f10x_usart.o
    0x080033e2   0x080033e2   0x00000008   Code   RO         4225    i.USART_SendData    stm32f10x_usart.o
    0x080033ea   0x080033ea   0x00000030   Code   RO          421    i.UartGetChar       bsp_uart_fifo.o
    0x0800341a   0x0800341a   0x000000e6   Code   RO          422    i.UartIRQ           bsp_uart_fifo.o
    0x08003500   0x08003500   0x0000005a   Code   RO          423    i.UartSend          bsp_uart_fifo.o
    0x0800355a   0x0800355a   0x00000002   PAD
    0x0800355c   0x0800355c   0x0000003c   Code   RO          424    i.UartVarInit       bsp_uart_fifo.o
    0x08003598   0x08003598   0x00000004   Code   RO          191    i.UsageFault_Handler  stm32f10x_it.o
    0x0800359c   0x0800359c   0x0000000c   Code   RO         4781    i.VS_Get_EndFillByte  vs1053.o
    0x080035a8   0x080035a8   0x00000064   Code   RO         4783    i.VS_HD_Reset       vs1053.o
    0x0800360c   0x0800360c   0x000000ec   Code   RO         4784    i.VS_Init           vs1053.o
    0x080036f8   0x080036f8   0x00000070   Code   RO         4785    i.VS_Load_Patch     vs1053.o
    0x08003768   0x08003768   0x0000006c   Code   RO         4786    i.VS_RD_Reg         vs1053.o
    0x080037d4   0x080037d4   0x00000074   Code   RO         4787    i.VS_Ram_Test       vs1053.o
    0x08003848   0x08003848   0x00000014   Code   RO         4788    i.VS_Reset_DecodeTime  vs1053.o
    0x0800385c   0x0800385c   0x000000b6   Code   RO         4789    i.VS_Restart_Play   vs1053.o
    0x08003912   0x08003912   0x0000000c   Code   RO         4790    i.VS_SPI_ReadWriteByte  vs1053.o
    0x0800391e   0x0800391e   0x0000000a   Code   RO         4791    i.VS_SPI_SpeedHigh  vs1053.o
    0x08003928   0x08003928   0x0000000a   Code   RO         4792    i.VS_SPI_SpeedLow   vs1053.o
    0x08003932   0x08003932   0x00000002   PAD
    0x08003934   0x08003934   0x00000040   Code   RO         4793    i.VS_Send_MusicData  vs1053.o
    0x08003974   0x08003974   0x00000028   Code   RO         4794    i.VS_Set_All        vs1053.o
    0x0800399c   0x0800399c   0x00000066   Code   RO         4795    i.VS_Set_Bass       vs1053.o
    0x08003a02   0x08003a02   0x00000036   Code   RO         4796    i.VS_Set_Effect     vs1053.o
    0x08003a38   0x08003a38   0x00000026   Code   RO         4798    i.VS_Set_Vol        vs1053.o
    0x08003a5e   0x08003a5e   0x00000002   PAD
    0x08003a60   0x08003a60   0x000000c0   Code   RO         4799    i.VS_Sine_Test      vs1053.o
    0x08003b20   0x08003b20   0x00000088   Code   RO         4800    i.VS_Soft_Reset     vs1053.o
    0x08003ba8   0x08003ba8   0x00000018   Code   RO         4801    i.VS_WRAM_Read      vs1053.o
    0x08003bc0   0x08003bc0   0x0000005c   Code   RO         4803    i.VS_WR_Cmd         vs1053.o
    0x08003c1c   0x08003c1c   0x00000020   Code   RO         5981    i.__0printf         mc_w.l(printfa.o)
    0x08003c3c   0x08003c3c   0x0000000e   Code   RO         6126    i.__scatterload_copy  mc_w.l(handlers.o)
    0x08003c4a   0x08003c4a   0x00000002   Code   RO         6127    i.__scatterload_null  mc_w.l(handlers.o)
    0x08003c4c   0x08003c4c   0x0000000e   Code   RO         6128    i.__scatterload_zeroinit  mc_w.l(handlers.o)
    0x08003c5a   0x08003c5a   0x00000002   PAD
    0x08003c5c   0x08003c5c   0x00000184   Code   RO         5988    i._fp_digits        mc_w.l(printfa.o)
    0x08003de0   0x08003de0   0x000006b4   Code   RO         5989    i._printf_core      mc_w.l(printfa.o)
    0x08004494   0x08004494   0x00000024   Code   RO         5990    i._printf_post_padding  mc_w.l(printfa.o)
    0x080044b8   0x080044b8   0x0000002e   Code   RO         5991    i._printf_pre_padding  mc_w.l(printfa.o)
    0x080044e6   0x080044e6   0x00000002   PAD
    0x080044e8   0x080044e8   0x00000034   Code   RO          301    i.bsp_CheckTimer    bsp_timer.o
    0x0800451c   0x0800451c   0x0000002e   Code   RO          605    i.bsp_ConfigGpioOut  bsp_tim_pwm.o
    0x0800454a   0x0800454a   0x00000002   PAD
    0x0800454c   0x0800454c   0x00000094   Code   RO          606    i.bsp_ConfigTimGpio  bsp_tim_pwm.o
    0x080045e0   0x080045e0   0x00000038   Code   RO          302    i.bsp_DelayMS       bsp_timer.o
    0x08004618   0x08004618   0x00000054   Code   RO          303    i.bsp_DelayUS       bsp_timer.o
    0x0800466c   0x0800466c   0x000000c0   Code   RO          680    i.bsp_DetectKey     bsp_key.o
    0x0800472c   0x0800472c   0x00000068   Code   RO          607    i.bsp_GetAFofTIM    bsp_tim_pwm.o
    0x08004794   0x08004794   0x00000034   Code   RO          681    i.bsp_GetKey        bsp_key.o
    0x080047c8   0x080047c8   0x0000006c   Code   RO          609    i.bsp_GetRCCofGPIO  bsp_tim_pwm.o
    0x08004834   0x08004834   0x00000070   Code   RO          610    i.bsp_GetRCCofTIM   bsp_tim_pwm.o
    0x080048a4   0x080048a4   0x0000000c   Code   RO          304    i.bsp_GetRunTime    bsp_timer.o
    0x080048b0   0x080048b0   0x00000002   Code   RO          250    i.bsp_Idle          bsp.o
    0x080048b2   0x080048b2   0x00000002   PAD
    0x080048b4   0x080048b4   0x000000a0   Code   RO          251    i.bsp_Init          bsp.o
    0x08004954   0x08004954   0x0000000c   Code   RO         1151    i.bsp_InitAdc       bsp_adc.o
    0x08004960   0x08004960   0x00000070   Code   RO         1152    i.bsp_InitAdcVar    bsp_adc.o
    0x080049d0   0x080049d0   0x0000003c   Code   RO          947    i.bsp_InitBeepHard  bsp_beep.o
    0x08004a0c   0x08004a0c   0x00000068   Code   RO          305    i.bsp_InitHardTimer  bsp_timer.o
    0x08004a74   0x08004a74   0x0000000c   Code   RO          684    i.bsp_InitKey       bsp_key.o
    0x08004a80   0x08004a80   0x00000048   Code   RO          685    i.bsp_InitKeyHard   bsp_key.o
    0x08004ac8   0x08004ac8   0x00000060   Code   RO          686    i.bsp_InitKeyVar    bsp_key.o
    0x08004b28   0x08004b28   0x0000000c   Code   RO          812    i.bsp_InitLed       bsp_led.o
    0x08004b34   0x08004b34   0x000000a4   Code   RO          306    i.bsp_InitTimer     bsp_timer.o
    0x08004bd8   0x08004bd8   0x00000014   Code   RO          427    i.bsp_InitUart      bsp_uart_fifo.o
    0x08004bec   0x08004bec   0x00000016   Code   RO          687    i.bsp_KeyScan       bsp_key.o
    0x08004c02   0x08004c02   0x00000002   PAD
    0x08004c04   0x08004c04   0x00000020   Code   RO          688    i.bsp_PutKey        bsp_key.o
    0x08004c24   0x08004c24   0x00000018   Code   RO          252    i.bsp_RunPer10ms    bsp.o
    0x08004c3c   0x08004c3c   0x00000010   Code   RO          253    i.bsp_RunPer1ms     bsp.o
    0x08004c4c   0x08004c4c   0x000001c0   Code   RO          611    i.bsp_SetTIMOutPWM  bsp_tim_pwm.o
    0x08004e0c   0x08004e0c   0x0000001c   Code   RO          307    i.bsp_SoftTimerDec  bsp_timer.o
    0x08004e28   0x08004e28   0x000000cc   Code   RO          309    i.bsp_StartHardTimer  bsp_timer.o
    0x08004ef4   0x08004ef4   0x00000084   Code   RO          310    i.bsp_StartTimer    bsp_timer.o
    0x08004f78   0x08004f78   0x00000024   Code   RO          813    i.bsp_blueBreath    bsp_led.o
    0x08004f9c   0x08004f9c   0x00000024   Code   RO          814    i.bsp_greenBreath   bsp_led.o
    0x08004fc0   0x08004fc0   0x00000048   Code   RO         1066    i.bsp_irdaHardInit  bsp_irda.o
    0x08005008   0x08005008   0x00000010   Code   RO         1067    i.bsp_irdaInit      bsp_irda.o
    0x08005018   0x08005018   0x00000034   Code   RO         1068    i.bsp_irdaVarInit   bsp_irda.o
    0x0800504c   0x0800504c   0x00000024   Code   RO          815    i.bsp_redBreath     bsp_led.o
    0x08005070   0x08005070   0x00000090   Code   RO         5221    i.check_fs          ff.o
    0x08005100   0x08005100   0x00000014   Code   RO         5222    i.chk_chr           ff.o
    0x08005114   0x08005114   0x0000001a   Code   RO         5223    i.clust2sect        ff.o
    0x0800512e   0x0800512e   0x00000002   PAD
    0x08005130   0x08005130   0x00000090   Code   RO         5224    i.cmp_lfn           ff.o
    0x080051c0   0x080051c0   0x0000001e   Code   RO          430    i.comGetChar        bsp_uart_fifo.o
    0x080051de   0x080051de   0x0000002e   Code   RO          431    i.comSendBuf        bsp_uart_fifo.o
    0x0800520c   0x0800520c   0x00000010   Code   RO          432    i.comSendChar       bsp_uart_fifo.o
    0x0800521c   0x0800521c   0x000000d6   Code   RO         5225    i.create_chain      ff.o
    0x080052f2   0x080052f2   0x00000002   PAD
    0x080052f4   0x080052f4   0x00000270   Code   RO         5226    i.create_name       ff.o
    0x08005564   0x08005564   0x0000005c   Code   RO         5227    i.dir_alloc         ff.o
    0x080055c0   0x080055c0   0x000000ea   Code   RO         5228    i.dir_find          ff.o
    0x080056aa   0x080056aa   0x0000013c   Code   RO         5229    i.dir_next          ff.o
    0x080057e6   0x080057e6   0x0000012a   Code   RO         5231    i.dir_register      ff.o
    0x08005910   0x08005910   0x000000c8   Code   RO         5233    i.dir_sdi           ff.o
    0x080059d8   0x080059d8   0x0000002a   Code   RO         5156    i.disk_initialize   diskio.o
    0x08005a02   0x08005a02   0x0000002e   Code   RO         5157    i.disk_ioctl        diskio.o
    0x08005a30   0x08005a30   0x00000036   Code   RO         5158    i.disk_read         diskio.o
    0x08005a66   0x08005a66   0x00000022   Code   RO         5159    i.disk_status       diskio.o
    0x08005a88   0x08005a88   0x0000003c   Code   RO         5160    i.disk_write        diskio.o
    0x08005ac4   0x08005ac4   0x00000020   Code   RO         5235    i.f_close           ff.o
    0x08005ae4   0x08005ae4   0x0000005c   Code   RO         5243    i.f_mount           ff.o
    0x08005b40   0x08005b40   0x00000166   Code   RO         5244    i.f_open            ff.o
    0x08005ca6   0x08005ca6   0x000001d0   Code   RO         5249    i.f_read            ff.o
    0x08005e76   0x08005e76   0x000000b0   Code   RO         5254    i.f_sync            ff.o
    0x08005f26   0x08005f26   0x00000002   PAD
    0x08005f28   0x08005f28   0x0000007c   Code   RO         5556    i.ff_convert        cc936.o
    0x08005fa4   0x08005fa4   0x00000038   Code   RO         5557    i.ff_wtoupper       cc936.o
    0x08005fdc   0x08005fdc   0x000003c8   Code   RO         5259    i.find_volume       ff.o
    0x080063a4   0x080063a4   0x00000080   Code   RO         5260    i.fit_lfn           ff.o
    0x08006424   0x08006424   0x00000090   Code   RO         5261    i.follow_path       ff.o
    0x080064b4   0x080064b4   0x00000012   Code   RO          435    i.fputc             bsp_uart_fifo.o
    0x080064c6   0x080064c6   0x00000002   PAD
    0x080064c8   0x080064c8   0x000000c8   Code   RO         5262    i.gen_numname       ff.o
    0x08006590   0x08006590   0x0000013e   Code   RO         5263    i.get_fat           ff.o
    0x080066ce   0x080066ce   0x00000002   PAD
    0x080066d0   0x080066d0   0x00000008   Code   RO         5161    i.get_fattime       diskio.o
    0x080066d8   0x080066d8   0x0000004a   Code   RO         5265    i.get_ldnumber      ff.o
    0x08006722   0x08006722   0x00000002   PAD
    0x08006724   0x08006724   0x00000024   Code   RO         4805    i.initmemory        vs1053.o
    0x08006748   0x08006748   0x00000020   Code   RO         5266    i.ld_clust          ff.o
    0x08006768   0x08006768   0x0000000c   Code   RO            1    i.main              main.o
    0x08006774   0x08006774   0x00000026   Code   RO         5267    i.mem_cmp           ff.o
    0x0800679a   0x0800679a   0x0000001a   Code   RO         5268    i.mem_cpy           ff.o
    0x080067b4   0x080067b4   0x00000014   Code   RO         5269    i.mem_set           ff.o
    0x080067c8   0x080067c8   0x00000034   Code   RO         5270    i.move_window       ff.o
    0x080067fc   0x080067fc   0x00000024   Code   RO          436    i.my_printf         bsp_uart_fifo.o
    0x08006820   0x08006820   0x00000188   Code   RO         5272    i.put_fat           ff.o
    0x080069a8   0x080069a8   0x0000006c   Code   RO         5274    i.remove_chain      ff.o
    0x08006a14   0x08006a14   0x00000010   Code   RO         5275    i.st_clust          ff.o
    0x08006a24   0x08006a24   0x00000020   Code   RO         5276    i.sum_sfn           ff.o
    0x08006a44   0x08006a44   0x000000c8   Code   RO         5277    i.sync_fs           ff.o
    0x08006b0c   0x08006b0c   0x00000052   Code   RO         5278    i.sync_window       ff.o
    0x08006b5e   0x08006b5e   0x00000036   Code   RO         5279    i.validate          ff.o
    0x08006b94   0x08006b94   0x0000014c   Code   RO         4806    i.vs1053_player_song  vs1053.o
    0x08006ce0   0x08006ce0   0x00000030   Data   RO          313    .constdata          bsp_timer.o
    0x08006d10   0x08006d10   0x00000028   Data   RO          817    .constdata          bsp_led.o
    0x08006d38   0x08006d38   0x00000044   Data   RO          952    .constdata          bsp_beep.o
    0x08006d7c   0x08006d7c   0x00002ad4   Data   RO         4808    .constdata          vs1053.o
    0x08009850   0x08009850   0x0000003a   Data   RO         5280    .constdata          ff.o
    0x0800988a   0x0800988a   0x0002acc8   Data   RO         5558    .constdata          cc936.o
    0x08034552   0x08034552   0x00000002   PAD
    0x08034554   0x08034554   0x0000004f   Data   RO         4809    .conststring        vs1053.o
    0x080345a3   0x080345a3   0x00000001   PAD
    0x080345a4   0x080345a4   0x00000020   Data   RO         6124    Region$$Table       anon$$obj.o


    Execution Region RW_IRAM1 (Exec base: 0x20000000, Load base: 0x080345c4, Size: 0x00003f88, Max: 0x00010000, ABSOLUTE, COMPRESSED[0x0000008c])

    Exec Addr    Load Addr    Size         Type   Attr      Idx    E Section Name        Object

    0x20000000   COMPRESSED   0x00000004   Data   RW          255    .data               bsp.o
    0x20000004   COMPRESSED   0x0000001d   Data   RW          314    .data               bsp_timer.o
    0x20000021   COMPRESSED   0x00000003   PAD
    0x20000024   COMPRESSED   0x0000002a   Data   RW          438    .data               bsp_uart_fifo.o
    0x2000004e   COMPRESSED   0x00000002   PAD
    0x20000050   COMPRESSED   0x00000028   Data   RW          691    .data               bsp_key.o
    0x20000078   COMPRESSED   0x00000008   Data   RW          818    .data               bsp_led.o
    0x20000080   COMPRESSED   0x00000018   Data   RW          905    .data               bsp_soft_pwmled.o
    0x20000098   COMPRESSED   0x00000038   Data   RW          954    .data               bsp_beep.o
    0x200000d0   COMPRESSED   0x00000008   Data   RW         1070    .data               bsp_irda.o
    0x200000d8   COMPRESSED   0x00000008   Data   RW         1247    .data               bsp_ap3216c.o
    0x200000e0   COMPRESSED   0x00000014   Data   RW         3068    .data               stm32f10x_rcc.o
    0x200000f4   COMPRESSED   0x00000014   Data   RW         4442    .data               system_stm32f10x.o
    0x20000108   COMPRESSED   0x00000024   Data   RW         4810    .data               vs1053.o
    0x2000012c   COMPRESSED   0x00000005   Data   RW         5035    .data               bsp_spi_flash.o
    0x20000131   COMPRESSED   0x00000003   PAD
    0x20000134   COMPRESSED   0x0000000a   Data   RW         5281    .data               ff.o
    0x2000013e   COMPRESSED   0x00000002   PAD
    0x20000140   COMPRESSED   0x00000004   Data   RW         6083    .data               mc_w.l(stdout.o)
    0x20000144        -       0x00001030   Zero   RW          254    .bss                bsp.o
    0x20001174        -       0x00000030   Zero   RW          312    .bss                bsp_timer.o
    0x200011a4        -       0x00000828   Zero   RW          437    .bss                bsp_uart_fifo.o
    0x200019cc        -       0x0000002d   Zero   RW          690    .bss                bsp_key.o
    0x200019f9   COMPRESSED   0x00000003   PAD
    0x200019fc        -       0x00000024   Zero   RW          816    .bss                bsp_led.o
    0x20001a20        -       0x0000000e   Zero   RW          951    .bss                bsp_beep.o
    0x20001a2e   COMPRESSED   0x00000002   PAD
    0x20001a30        -       0x00000016   Zero   RW         1069    .bss                bsp_irda.o
    0x20001a46   COMPRESSED   0x00000002   PAD
    0x20001a48        -       0x000000fc   Zero   RW         1153    .bss                bsp_adc.o
    0x20001b44        -       0x00002044   Zero   RW         4807    .bss                vs1053.o
    0x20003b88        -       0x00000400   Zero   RW         4491    STACK               startup_stm32f10x_hd.o


==============================================================================

Image component sizes


      Code (inc. data)   RO Data    RW Data    ZI Data      Debug   Object Name

       202         48          0          4       4144       4588   bsp.o
      1080         96          0          0        252       8631   bsp_adc.o
        20          6          0          8          0        782   bsp_ap3216c.o
       342         48         68         56         14       5729   bsp_beep.o
      1512        386          0          8         22       7659   bsp_irda.o
       810         98          0         40         45       8234   bsp_key.o
       666        116         40          8         36       7877   bsp_led.o
       168         14          0         24          0       2051   bsp_soft_pwmled.o
      1328        116          0          5          0      10086   bsp_spi_flash.o
       966        140          0          0          0       4893   bsp_tim_pwm.o
      1132        168         48         29         48      24239   bsp_timer.o
      1636        450          0         42       2088      12208   bsp_uart_fifo.o
       180         18     175304          0          0       2643   cc936.o
       244          4          0          0          0       8280   diskio.o
      6318         64         58         10          0      32109   ff.o
        12          0          0          0          0     283239   main.o
       132         22          0          0          0     278591   misc.o
        36          8        304          0       1024        860   startup_stm32f10x_hd.o
       166          0          0          0          0       4998   std_lib.o
       390         10          0          0          0       7929   stm32f10x_adc.o
       416          8          0          0          0       3718   stm32f10x_dma.o
       200         18          0          0          0       2408   stm32f10x_exti.o
       522         10          0          0          0       6152   stm32f10x_gpio.o
        46          0          0          0          0       3913   stm32f10x_it.o
       332         44          0         20          0       5949   stm32f10x_rcc.o
       112          0          0          0          0       4210   stm32f10x_spi.o
      1012         92          0          0          0      13535   stm32f10x_tim.o
       434          6          0          0          0       6557   stm32f10x_usart.o
       492         50          0         20          0       3003   system_stm32f10x.o
      2452        252      11043         36       8260      21616   vs1053.o

    ----------------------------------------------------------------------
     23412       2292     186900        320      15940     786687   Object Totals
         0          0         32          0          0          0   (incl. Generated)
        54          0          3         10          7          0   (incl. Padding)

    ----------------------------------------------------------------------

      Code (inc. data)   RO Data    RW Data    ZI Data      Debug   Library Member Name

        86          0          0          0          0          0   __dczerorl2.o
         0          0          0          0          0          0   entry.o
         0          0          0          0          0          0   entry10a.o
         0          0          0          0          0          0   entry11a.o
         4          0          0          0          0          0   entry12b.o
         8          4          0          0          0          0   entry2.o
         4          0          0          0          0          0   entry5.o
         0          0          0          0          0          0   entry7b.o
         0          0          0          0          0          0   entry8b.o
         8          4          0          0          0          0   entry9a.o
        30          0          0          0          0          0   handlers.o
        36          8          0          0          0         68   init.o
         0          0          0          0          0          0   iusefp.o
        30          0          0          0          0         68   llshl.o
        36          0          0          0          0         68   llsshr.o
        32          0          0          0          0         68   llushr.o
        36          0          0          0          0        108   memseta.o
      2218         90          0          0          0        464   printfa.o
         0          0          0          4          0          0   stdout.o
        36          0          0          0          0         80   strstr.o
        44          0          0          0          0         80   uidiv.o
        98          0          0          0          0         92   uldiv.o
        48          0          0          0          0         68   cdrcmple.o
        56          0          0          0          0         88   d2f.o
       334          0          0          0          0        148   dadd.o
       222          0          0          0          0        100   ddiv.o
       186          0          0          0          0        176   depilogue.o
        48          0          0          0          0         68   dfixul.o
       228          0          0          0          0         96   dmul.o
        38          0          0          0          0         68   f2d.o
       124          0          0          0          0         88   fdiv.o
       110          0          0          0          0        168   fepilogue.o
        40          0          0          0          0         68   ffixui.o
        10          0          0          0          0         68   ffltui.o

    ----------------------------------------------------------------------
      4156        106          0          4          0       2300   Library Totals
         6          0          0          0          0          0   (incl. Padding)

    ----------------------------------------------------------------------

      Code (inc. data)   RO Data    RW Data    ZI Data      Debug   Library Name

      2706        106          0          4          0       1096   mc_w.l
      1444          0          0          0          0       1204   mf_w.l

    ----------------------------------------------------------------------
      4156        106          0          4          0       2300   Library Totals

    ----------------------------------------------------------------------

==============================================================================


      Code (inc. data)   RO Data    RW Data    ZI Data      Debug   

     27568       2398     186900        324      15940     774503   Grand Totals
     27568       2398     186900        140      15940     774503   ELF Image Totals (compressed)
     27568       2398     186900        140          0          0   ROM Totals

==============================================================================

    Total RO  Size (Code + RO Data)               214468 ( 209.44kB)
    Total RW  Size (RW Data + ZI Data)             16264 (  15.88kB)
    Total ROM Size (Code + RO Data + RW Data)     214608 ( 209.58kB)

==============================================================================

